08-03 10:37:57.430 D/[gf_ca_entry]( 1535): [gf_ca_invoke_command] enter
08-03 10:37:57.430 D/[gf_ca_entry]( 1535): [gf_ta_send_modified_cmd_req] enter
08-03 10:37:57.430 D/[gf_ca_entry]( 1535): [gf_ta_send_modified_cmd_req] begin token 242, cmd_id=1016
08-03 10:37:57.430 D/[gf_sec_ion]( 1535): [gf_sec_ion_malloc] enter
08-03 10:37:57.430 D/[gf_sec_ion]( 1535): [gf_sec_ion_malloc] gf_sec_ion_malloc data_size = 327680
08-03 10:37:57.430 D/[gf_sec_ion]( 1535): [gf_sec_ion_malloc] exit
08-03 10:37:57.430 D/[gf_ca_entry]( 1535): [gf_ta_send_modified_cmd_req] whitebox is disabled.
08-03 10:37:57.471 D/[gf_sec_ion]( 1535): [gf_sec_ion_free] enter
08-03 10:37:57.471 D/[gf_sec_ion]( 1535): [gf_sec_ion_free] gf_sec_ion_free ion_local_flag is not true
08-03 10:37:57.471 D/[gf_sec_ion]( 1535): [gf_sec_ion_free] exit
08-03 10:37:57.471 D/[gf_ca_entry]( 1535): [gf_ta_send_modified_cmd_req] exit
08-03 10:37:57.471 D/[gf_ca_entry]( 1535): [gf_ca_invoke_command] gx_ta_send_modified_cmd_req success
08-03 10:37:57.471 D/[gf_ca_entry]( 1535): [gf_ca_invoke_command] ta execution succeed
08-03 10:37:57.471 D/[gf_ca_entry]( 1535): [gf_ca_invoke_command] exit
08-03 10:37:57.471 I/[GF_HAL][gf_hal_milan]( 1535): [irq_pre_process] irq_type=[GF_IRQ_FDT_REVERSE_MASK], irq_type=0x4000
08-03 10:37:57.471 D/[GF_HAL][gf_hal_milan]( 1535): [irq_pre_process] g_is_down_detected=0
08-03 10:37:57.471 D/[GF_HAL][gf_hal_milan]( 1535): [irq_pre_process] GF_IRQ_FDT_REVERSE_MASK
08-03 10:37:57.471 I/[GF_HAL][gf_hal_milan]( 1535): [irq_pre_process] received FDT irq, so reset dump_base_frame_flag
08-03 10:37:57.603 I/SarService( 2817): Receiver polling >>>> Change receiver mode: off
08-03 10:37:57.804 I/chatty  ( 2817): uid=1001(radio) Thread-9 identical 24 lines
08-03 10:37:58.004 I/SarService( 2817): Receiver polling >>>> Change receiver mode: off
08-03 10:37:58.205 I/SarService( 2817): Receiver polling >>>> Change receiver mode: off
08-03 10:37:58.407 I/SarService( 2817): Receiver polling >>>> Change receiver mode: off
08-03 10:37:58.477 D/MIUIInput(13297): [MotionEvent] ViewRootImpl { action=ACTION_DOWN, id[0]=0, pointerCount=1, eventTime=65947756, downTime=65947756 } moveCount:0
08-03 10:37:58.498 I/ANDR-PERF-LM( 1009): LMPerfGlue: perfmodule_submit_request() 132: perfmodule_submit_request()
08-03 10:37:58.498 I/ANDR-PERF-LM( 1009): Core: getInstance() 84: LM getInstance
08-03 10:37:58.498 D/ANDR-PERF-LM( 1009): Feature: lookup() 101: Feature Name = AppClassifier, total featuers = 4, featureFound = 1
08-03 10:37:58.498 D/BoundBrokerSvc(16000): onUnbind: Intent { act=com.google.android.gms.inappreach.service.START dat=chimera-action: cmp=com.google.android.gms/.chimera.GmsApiService }
08-03 10:37:58.498 D/ANDR-PERF-LM( 1009): Feature: getData() 112: data.data = 0
08-03 10:37:58.498 I/ANDR-PERF-LM( 1009): FeedbackAPI: getFeedback() 60: app:com.trax.retailexecution feature:AppClassifier feedback = 0
08-03 10:37:58.530 D/MIUIInput(13297): [MotionEvent] ViewRootImpl { action=ACTION_UP, id[0]=0, pointerCount=1, eventTime=65947810, downTime=65947756 } moveCount:0
08-03 10:37:58.538 D/LauncherFsGestureCompat( 2862): componentName is com.trax.retailexecution/.ui.activity.SelectProjectActivity
08-03 10:37:58.548 I/ANDR-PERF-LM( 1009): LMPerfGlue: perfmodule_submit_request() 132: perfmodule_submit_request()
08-03 10:37:58.548 I/ANDR-PERF-LM( 1009): Core: getInstance() 84: LM getInstance
08-03 10:37:58.548 I/ANDR-PERF-LM( 1009): WQ: push() 59: LMTriggerQ push() size=0
08-03 10:37:58.548 I/ANDR-PERF-LM( 1009): WQ: push() 61: LMTriggerQ push() done size=1
08-03 10:37:58.548 I/ANDR-PERF-LM( 1009): WQ: pop() 42: LMTriggerQ pop() done size=0
08-03 10:37:58.549 I/ANDR-PERF-LM( 1009): Core: lmMain() 381: Calling runAsync for GameOptimization
08-03 10:37:58.549 D/ANDR-PERF-LM( 1009): Feature: lookup() 101: Feature Name = AppClassifier, total featuers = 4, featureFound = 1
08-03 10:37:58.549 D/ANDR-PERF-LM( 1009): Feature: getData() 112: data.data = 0
08-03 10:37:58.549 I/ANDR-PERF-LM( 1009): Core: lmMain() 391: runAsync for GameOptimization returned
08-03 10:37:58.549 I/ANDR-PERF-LM( 1009): Core: lmMain() 373: Waiting on trigger Queue
08-03 10:37:58.549 I/ANDR-PERF-LM( 1009): WQ: pop() 31: LMTriggerQ pop() size=0
08-03 10:37:58.553 D/EventBus( 2862): No subscribers registered for event class com.miui.home.recents.messages.TaskSnapshotChangedEvent
08-03 10:37:58.553 D/EventBus( 2862): No subscribers registered for event class org.greenrobot.eventbus.NoSubscriberEvent
08-03 10:37:58.559 I/sensors-hal(  990): batch:242, android.sensor.accelerometer/11, period=20000000, max_latency=200000000
08-03 10:37:58.559 I/sensors-hal(  990): set_config:63, sample_period_ns is adjusted to 20000000 based on min/max delay_ns
08-03 10:37:58.559 I/sensors-hal(  990): batch:251, android.sensor.accelerometer/11, period=20000000, max_latency=200000000 request completed
08-03 10:37:58.561 I/chatty  ( 1016): uid=1000(system) HwBinder:1016_7 expire 18 lines
08-03 10:37:58.562 I/ANDR-PERF-LM( 1009): LMPerfGlue: perfmodule_submit_request() 132: perfmodule_submit_request()
08-03 10:37:58.562 I/ANDR-PERF-LM( 1009): Core: getInstance() 84: LM getInstance
08-03 10:37:58.562 I/ANDR-PERF-LM( 1009): WQ: push() 59: LMTriggerQ push() size=0
08-03 10:37:58.562 I/ANDR-PERF-LM( 1009): WQ: push() 61: LMTriggerQ push() done size=1
08-03 10:37:58.562 I/chatty  ( 1910): uid=1000(system) Binder:1910_1 expire 1 line
08-03 10:37:58.562 I/ANDR-PERF-LM( 1009): WQ: pop() 42: LMTriggerQ pop() done size=0
08-03 10:37:58.562 I/ANDR-PERF-LM( 1009): Core: lmMain() 381: Calling runAsync for GameOptimization
08-03 10:37:58.562 D/ANDR-PERF-LM( 1009): Feature: lookup() 101: Feature Name = AppClassifier, total featuers = 4, featureFound = 1
08-03 10:37:58.562 D/ANDR-PERF-LM( 1009): Feature: getData() 112: data.data = 0
08-03 10:37:58.562 I/ANDR-PERF-LM( 1009): Core: lmMain() 391: runAsync for GameOptimization returned
08-03 10:37:58.562 I/ANDR-PERF-LM( 1009): Core: lmMain() 373: Waiting on trigger Queue
08-03 10:37:58.562 I/ANDR-PERF-LM( 1009): WQ: pop() 31: LMTriggerQ pop() size=0
08-03 10:37:58.566 I/Timeline( 1910): Timeline: App_transition_ready time:65947848
08-03 10:37:58.572 I/sensors-hal(  990): flush:271, android.sensor.accelerometer/11
08-03 10:37:58.573 I/sensors-hal(  990): flush:277, android.sensor.accelerometer/11 completed
08-03 10:37:58.575 I/sensors-hal(  990): ssc_conn_resp_cb:651, resp_value = 0
08-03 10:37:58.576 D/RecentsImpl( 2862): mActivityStateObserver com.trax.retailexecution.ui.activity.login.FlutterLoginActivity
08-03 10:37:58.576 W/RecentsImpl( 2862): onResumed className=com.trax.retailexecution.ui.activity.login.FlutterLoginActivity   mIsInAnotherPro=false
08-03 10:37:58.584 I/Timeline( 1910): Timeline: App_transition_ready time:65947866
08-03 10:37:58.593 I/chatty  ( 1910): uid=1000(system) Binder:1910_16 expire 6 lines
08-03 10:37:58.607 I/Timeline( 1910): Timeline: App_transition_ready time:65947889
08-03 10:37:58.608 I/SarService( 2817): Receiver polling >>>> Change receiver mode: off
08-03 10:37:58.626 W/NetworkScheduler(15826): Error inserting flex_time=643000 job_id=-1 period=1287000 source=16 requires_charging=0 preferred_network_type=1 target_class=com.google.android.gms.measurement.PackageMeasurementTaskService user_id=0 target_package=com.google.android.gms tag=Measurement.PackageMeasurementTaskService.UPLOAD_TASK_TAG task_type=0 required_idleness_state=0 service_kind=0 source_version=232617000 persistence_level=1 preferred_charging_state=1 required_network_type=0 runtime=1691051878623 retry_strategy={"maximum_backoff_seconds":{"3600":0},"initial_backoff_seconds":{"30":0},"retry_policy":{"0":0}} last_runtime=0 [CONTEXT service_id=218 ]
08-03 10:37:58.626 W/NetworkScheduler(15826): android.database.sqlite.SQLiteConstraintException: UNIQUE constraint failed: pending_ops.tag, pending_ops.target_class, pending_ops.target_package, pending_ops.user_id (code 2067 SQLITE_CONSTRAINT_UNIQUE)
08-03 10:37:58.626 W/NetworkScheduler(15826): 	at android.database.sqlite.SQLiteConnection.nativeExecuteForLastInsertedRowId(Native Method)
08-03 10:37:58.626 W/NetworkScheduler(15826): 	at android.database.sqlite.SQLiteConnection.executeForLastInsertedRowId(SQLiteConnection.java:938)
08-03 10:37:58.626 W/NetworkScheduler(15826): 	at android.database.sqlite.SQLiteSession.executeForLastInsertedRowId(SQLiteSession.java:790)
08-03 10:37:58.626 W/NetworkScheduler(15826): 	at android.database.sqlite.SQLiteStatement.executeInsert(SQLiteStatement.java:88)
08-03 10:37:58.626 W/NetworkScheduler(15826): 	at android.database.sqlite.SQLiteDatabase.insertWithOnConflict(SQLiteDatabase.java:1701)
08-03 10:37:58.626 W/NetworkScheduler(15826): 	at android.database.sqlite.SQLiteDatabase.insertOrThrow(SQLiteDatabase.java:1596)
08-03 10:37:58.626 W/NetworkScheduler(15826): 	at bpsz.f(:com.google.android.gms@232617037@23.26.17 (150400-551657477):722)
08-03 10:37:58.626 W/NetworkScheduler(15826): 	at bprt.n(:com.google.android.gms@232617037@23.26.17 (150400-551657477):29)
08-03 10:37:58.626 W/NetworkScheduler(15826): 	at bprt.u(:com.google.android.gms@232617037@23.26.17 (150400-551657477):225)
08-03 10:37:58.626 W/NetworkScheduler(15826): 	at bprt.h(:com.google.android.gms@232617037@23.26.17 (150400-551657477):54)
08-03 10:37:58.626 W/NetworkScheduler(15826): 	at bpnl.run(:com.google.android.gms@232617037@23.26.17 (150400-551657477):72)
08-03 10:37:58.626 W/NetworkScheduler(15826): 	at acjp.c(:com.google.android.gms@232617037@23.26.17 (150400-551657477):50)
08-03 10:37:58.626 W/NetworkScheduler(15826): 	at acjp.run(:com.google.android.gms@232617037@23.26.17 (150400-551657477):76)
08-03 10:37:58.626 W/NetworkScheduler(15826): 	at java.util.concurrent.ThreadPoolExecutor.runWorker(ThreadPoolExecutor.java:1167)
08-03 10:37:58.626 W/NetworkScheduler(15826): 	at java.util.concurrent.ThreadPoolExecutor$Worker.run(ThreadPoolExecutor.java:641)
08-03 10:37:58.626 W/NetworkScheduler(15826): 	at acoy.run(:com.google.android.gms@232617037@23.26.17 (150400-551657477):8)
08-03 10:37:58.626 W/NetworkScheduler(15826): 	at java.lang.Thread.run(Thread.java:923)
08-03 10:37:58.627 I/GoogleInputMethodService(16350): GoogleInputMethodService.onFinishInput():3303 
08-03 10:37:58.630 I/GoogleInputMethodService(16350): GoogleInputMethodService.updateDeviceLockedStatus():2122 repeatCheckTimes = 0, locked = false
08-03 10:37:58.630 I/GoogleInputMethodService(16350): GoogleInputMethodService.onStartInput():1902 onStartInput(EditorInfo{EditorInfo{packageName=com.trax.retailexecution, inputType=0, inputTypeString=NULL, enableLearning=false, autoCorrection=false, autoComplete=false, imeOptions=0, privateImeOptions=null, actionName=UNSPECIFIED, actionLabel=null, initialSelStart=-1, initialSelEnd=-1, initialCapsMode=0, label=null, fieldId=-1, fieldName=null, extras=null, hintText=null, hintLocales=[]}}, false)
08-03 10:37:58.630 I/GoogleInputMethodService(16350): GoogleInputMethodService.shouldHideHeaderOnInitialState():1985 ShouldHideHeaderOnInitialState = false
08-03 10:37:58.630 I/GoogleInputMethodService(16350): GoogleInputMethodService.updateDeviceLockedStatus():2122 repeatCheckTimes = 1, locked = false
08-03 10:37:58.657 I/ANDR-PERF-LM( 1009): LMPerfGlue: perfmodule_submit_request() 132: perfmodule_submit_request()
08-03 10:37:58.657 I/ANDR-PERF-LM( 1009): Core: getInstance() 84: LM getInstance
08-03 10:37:58.657 D/ANDR-PERF-LM( 1009): Feature: lookup() 101: Feature Name = AppClassifier, total featuers = 4, featureFound = 1
08-03 10:37:58.657 D/ANDR-PERF-LM( 1009): Feature: getData() 112: data.data = 0
08-03 10:37:58.657 I/ANDR-PERF-LM( 1009): FeedbackAPI: getFeedback() 60: app:com.trax.retailexecution feature:AppClassifier feedback = 0
08-03 10:37:58.659 W/NetworkScheduler(15826): Error inserting flex_time=643000 job_id=-1 period=1287000 source=16 requires_charging=0 preferred_network_type=1 target_class=com.google.android.gms.measurement.PackageMeasurementTaskService user_id=0 target_package=com.google.android.gms tag=Measurement.PackageMeasurementTaskService.UPLOAD_TASK_TAG task_type=0 required_idleness_state=0 service_kind=0 source_version=232617000 persistence_level=1 preferred_charging_state=1 required_network_type=0 runtime=1691051878655 retry_strategy={"maximum_backoff_seconds":{"3600":0},"initial_backoff_seconds":{"30":0},"retry_policy":{"0":0}} last_runtime=0 [CONTEXT service_id=218 ]
08-03 10:37:58.659 W/NetworkScheduler(15826): android.database.sqlite.SQLiteConstraintException: UNIQUE constraint failed: pending_ops.tag, pending_ops.target_class, pending_ops.target_package, pending_ops.user_id (code 2067 SQLITE_CONSTRAINT_UNIQUE)
08-03 10:37:58.659 W/NetworkScheduler(15826): 	at android.database.sqlite.SQLiteConnection.nativeExecuteForLastInsertedRowId(Native Method)
08-03 10:37:58.659 W/NetworkScheduler(15826): 	at android.database.sqlite.SQLiteConnection.executeForLastInsertedRowId(SQLiteConnection.java:938)
08-03 10:37:58.659 W/NetworkScheduler(15826): 	at android.database.sqlite.SQLiteSession.executeForLastInsertedRowId(SQLiteSession.java:790)
08-03 10:37:58.659 W/NetworkScheduler(15826): 	at android.database.sqlite.SQLiteStatement.executeInsert(SQLiteStatement.java:88)
08-03 10:37:58.659 W/NetworkScheduler(15826): 	at android.database.sqlite.SQLiteDatabase.insertWithOnConflict(SQLiteDatabase.java:1701)
08-03 10:37:58.659 W/NetworkScheduler(15826): 	at android.database.sqlite.SQLiteDatabase.insertOrThrow(SQLiteDatabase.java:1596)
08-03 10:37:58.659 W/NetworkScheduler(15826): 	at bpsz.f(:com.google.android.gms@232617037@23.26.17 (150400-551657477):722)
08-03 10:37:58.659 W/NetworkScheduler(15826): 	at bprt.n(:com.google.android.gms@232617037@23.26.17 (150400-551657477):29)
08-03 10:37:58.659 W/NetworkScheduler(15826): 	at bprt.u(:com.google.android.gms@232617037@23.26.17 (150400-551657477):225)
08-03 10:37:58.659 W/NetworkScheduler(15826): 	at bprt.h(:com.google.android.gms@232617037@23.26.17 (150400-551657477):54)
08-03 10:37:58.659 W/NetworkScheduler(15826): 	at bpnl.run(:com.google.android.gms@232617037@23.26.17 (150400-551657477):72)
08-03 10:37:58.659 W/NetworkScheduler(15826): 	at acjp.c(:com.google.android.gms@232617037@23.26.17 (150400-551657477):50)
08-03 10:37:58.659 W/NetworkScheduler(15826): 	at acjp.run(:com.google.android.gms@232617037@23.26.17 (150400-551657477):97)
08-03 10:37:58.659 W/NetworkScheduler(15826): 	at java.util.concurrent.ThreadPoolExecutor.runWorker(ThreadPoolExecutor.java:1167)
08-03 10:37:58.659 W/NetworkScheduler(15826): 	at java.util.concurrent.ThreadPoolExecutor$Worker.run(ThreadPoolExecutor.java:641)
08-03 10:37:58.659 W/NetworkScheduler(15826): 	at acoy.run(:com.google.android.gms@232617037@23.26.17 (150400-551657477):8)
08-03 10:37:58.659 W/NetworkScheduler(15826): 	at java.lang.Thread.run(Thread.java:923)
08-03 10:37:58.665 I/SCTaskStackListener(17755): onTaskStackChanged! inSplit = false
08-03 10:37:58.676 I/SCTaskStackListener(17755): onTaskStackChanged! inSplit = false
08-03 10:37:58.729 I/chatty  ( 2469): uid=1000(system) HeapTaskDaemon expire 1 line
08-03 10:37:58.808 I/SarService( 2817): Receiver polling >>>> Change receiver mode: off
08-03 10:37:59.008 I/SarService( 2817): Receiver polling >>>> Change receiver mode: off
08-03 10:37:59.098 I/Timeline( 1910): Timeline: Activity_windows_visible id: ActivityRecord{f586a51 u0 com.trax.retailexecution/.ui.activity.login.FlutterLoginActivity t48} time:65948380
08-03 10:37:59.102 I/Timeline( 1910): Timeline: App_transition_stopped time:65948384
08-03 10:37:59.209 I/SarService( 2817): Receiver polling >>>> Change receiver mode: off
08-03 10:37:59.409 I/SarService( 2817): Receiver polling >>>> Change receiver mode: off
08-03 10:37:59.446 W/Choreographer(13297): Frame time is 0.099493 ms in the future!  Check that graphics HAL is generating vsync timestamps using the correct timebase.
08-03 10:37:59.609 I/SarService( 2817): Receiver polling >>>> Change receiver mode: off
08-03 10:37:59.810 I/SarService( 2817): Receiver polling >>>> Change receiver mode: off
08-03 10:38:00.004 I/chatty  ( 2469): uid=1000(system) com.android.systemui expire 6 lines
08-03 10:38:00.010 I/SarService( 2817): Receiver polling >>>> Change receiver mode: off
08-03 10:38:00.210 I/SarService( 2817): Receiver polling >>>> Change receiver mode: off
08-03 10:38:01.011 I/SarService( 2817): Receiver polling >>>> Change receiver mode: off
08-03 10:38:01.211 I/SarService( 2817): Receiver polling >>>> Change receiver mode: off
08-03 10:38:03.414 I/SarService( 2817): Receiver polling >>>> Change receiver mode: off
08-03 10:38:03.607 I/chatty  ( 2469): uid=1000(system) SysUiBg expire 2 lines
08-03 10:38:03.615 I/SarService( 2817): Receiver polling >>>> Change receiver mode: off
08-03 10:38:05.017 I/SarService( 2817): Receiver polling >>>> Change receiver mode: off
08-03 10:38:05.148 D/PowerCheckerService( 6726): onBatteryChanged, mBatteryLevel = 89, status = 2, level = 89, plug = 1, scale = 100
08-03 10:38:05.148 I/BatteryInfoReceiver(17755): ACTION_BATTERY_CHANGED
08-03 10:38:05.148 I/PowerNoticeUI(17755): handleBatteryChanged oldPlugType 1 mPlugType 1 oldBatteryLevel 89 mBatteryLevel 89 temperature 364
08-03 10:38:05.149 D/DeviceStatisticsService( 2755): chargerType=1 batteryLevel=89 totalBatteryCapacity=4962900
08-03 10:38:05.149 D/DeviceInfoHidlClient( 2755): isPowerInfoNeverSent()=true
08-03 10:38:05.217 I/SarService( 2817): Receiver polling >>>> Change receiver mode: off
08-03 10:38:05.631 I/ActivityManager( 1910): Killing 12094:com.google.process.gapps/u0a191 (adj 985): empty #17
08-03 10:38:05.618 I/SarService( 2817): Receiver polling >>>> Change receiver mode: off
08-03 10:38:05.632 I/Process ( 1910): PerfMonitor : current process sending signal quiet. PID: 12094 SIG: 9
08-03 10:38:05.633 I/ANDR-PERF-LM( 1009): LMPerfGlue: perfmodule_submit_request() 132: perfmodule_submit_request()
08-03 10:38:05.633 I/ANDR-PERF-LM( 1009): Core: getInstance() 84: LM getInstance
08-03 10:38:05.633 I/ANDR-PERF-LM( 1009): WQ: push() 59: LMTriggerQ push() size=0
08-03 10:38:05.633 I/ANDR-PERF-LM( 1009): WQ: push() 61: LMTriggerQ push() done size=1
08-03 10:38:05.633 I/Process ( 1910): PerfMonitor : current process killing process group. PID: 12094
08-03 10:38:05.634 I/ANDR-PERF-LM( 1009): WQ: pop() 42: LMTriggerQ pop() done size=0
08-03 10:38:05.634 I/ANDR-PERF-LM( 1009): Core: lmMain() 381: Calling runAsync for PreKill
08-03 10:38:05.634 I/ANDR-PERF-LM( 1009): Core: lmMain() 391: runAsync for PreKill returned
08-03 10:38:05.634 I/ANDR-PERF-LM( 1009): Core: lmMain() 373: Waiting on trigger Queue
08-03 10:38:05.634 I/ANDR-PERF-LM( 1009): WQ: pop() 31: LMTriggerQ pop() size=0
08-03 10:38:05.657 I/Zygote  (  841): Process 12094 exited due to signal 9 (Killed)
08-03 10:38:05.658 I/ANDR-PERF-LM( 1009): LMPerfGlue: perfmodule_submit_request() 132: perfmodule_submit_request()
08-03 10:38:05.658 I/ANDR-PERF-LM( 1009): Core: getInstance() 84: LM getInstance
08-03 10:38:05.658 I/ANDR-PERF-LM( 1009): WQ: push() 59: LMTriggerQ push() size=0
08-03 10:38:05.658 I/ANDR-PERF-LM( 1009): WQ: push() 61: LMTriggerQ push() done size=1
08-03 10:38:05.658 I/ANDR-PERF-LM( 1009): WQ: pop() 42: LMTriggerQ pop() done size=0
08-03 10:38:05.658 I/ANDR-PERF-LM( 1009): Core: lmMain() 381: Calling runAsync for PreKill
08-03 10:38:05.658 I/ANDR-PERF-LM( 1009): Core: lmMain() 391: runAsync for PreKill returned
08-03 10:38:05.658 I/ANDR-PERF-LM( 1009): Core: lmMain() 373: Waiting on trigger Queue
08-03 10:38:05.658 I/ANDR-PERF-LM( 1009): WQ: pop() 31: LMTriggerQ pop() size=0
08-03 10:38:05.660 I/chatty  ( 1910): uid=1000(system) ActivityManager expire 1 line
08-03 10:38:05.818 I/SarService( 2817): Receiver polling >>>> Change receiver mode: off
08-03 10:38:06.419 I/SarService( 2817): Receiver polling >>>> Change receiver mode: off
08-03 10:38:06.453 I/keystore( 1383): del USRPKEY_RECOVERY_ACCESS_KEY_GCP 10242
08-03 10:38:06.455 I/keystore( 1383): del USRCERT_RECOVERY_ACCESS_KEY_GCP 10242
08-03 10:38:06.456 I/keystore( 1383): del CACERT_RECOVERY_ACCESS_KEY_GCP 10242
08-03 10:38:06.459 D/DrmLibTime(  617): got the req here! ret=0
08-03 10:38:06.460 D/DrmLibTime(  617): command id, time_cmd_id = 770
08-03 10:38:06.460 D/DrmLibTime(  617): time_getutcsec starts!
08-03 10:38:06.460 D/DrmLibTime(  617): QSEE Time Listener: time_getutcsec
08-03 10:38:06.460 D/DrmLibTime(  617): QSEE Time Listener: get_utc_seconds
08-03 10:38:06.460 D/DrmLibTime(  617): QSEE Time Listener: time_get_modem_time
08-03 10:38:06.460 D/DrmLibTime(  617): QSEE Time Listener: Checking if ATS_MODEM is set or not.
08-03 10:38:06.460 D/QC-time-services(  617): Lib:time_genoff_operation: pargs->base = 13
08-03 10:38:06.460 D/QC-time-services(  617): Lib:time_genoff_operation: pargs->operation = 2
08-03 10:38:06.460 D/QC-time-services(  617): Lib:time_genoff_operation: pargs->ts_val = 0
08-03 10:38:06.460 D/QC-time-services(  617): Lib:time_genoff_operation: Send to server  passed!!
08-03 10:38:06.460 D/QC-time-services(  833): Daemon: Connection accepted:time_genoff
08-03 10:38:06.460 D/QC-time-services(  833): Daemon:Received base = 13, unit = 1, operation = 2,value = 0
08-03 10:38:06.460 D/QC-time-services(  833): Daemon:genoff_opr: Base = 13, val = 0, operation = 2
08-03 10:38:06.460 D/QC-time-services(  833): offset is: 1 for base: 13
08-03 10:38:06.460 E/QC-time-services(  617): Receive Passed == base = 13, unit = 1, operation = 2, result = 0
08-03 10:38:06.460 D/DrmLibTime(  617): QSEE Time Listener: ATS_MODEM is set. Try to retrieve it.
08-03 10:38:06.460 E/QC-time-services(  833): Daemon: Time-services: Waiting to acceptconnection
08-03 10:38:06.460 D/QC-time-services(  833): Daemon: Connection accepted:time_genoff
08-03 10:38:06.460 D/QC-time-services(  833): Daemon:Received base = 13, unit = 1, operation = 1,value = 0
08-03 10:38:06.460 D/QC-time-services(  833): Daemon:genoff_opr: Base = 13, val = 0, operation = 1
08-03 10:38:06.460 D/QC-time-services(  833): Daemon: genoff get for 13
08-03 10:38:06.460 D/QC-time-services(  833): Daemon:Value read from QTimer mseconds = 73192941
08-03 10:38:06.460 D/QC-time-services(  833): Daemon:Value read from RTC mseconds on boot = 90134858000
08-03 10:38:06.460 D/QC-time-services(  833): Daemon:Value read from QTimer mseconds = 73192941
08-03 10:38:06.460 D/QC-time-services(  833): Daemon:Value read from generic offset = 1600843940779
08-03 10:38:06.460 D/QC-time-services(  833): Daemon:Delta read on boot mseconds = 90134752437
08-03 10:38:06.460 D/QC-time-services(  833): Daemon:Final Time = 1691051886157
08-03 10:38:06.460 D/DrmLibTime(  617): QSEE Time Listener: Time GenOff - seconds: 1691051886
08-03 10:38:06.460 D/DrmLibTime(  617): time_getutcsec returns 0, sec = 1691051886; nsec = 0
08-03 10:38:06.460 D/DrmLibTime(  617): time_getutcsec finished! 
08-03 10:38:06.460 D/DrmLibTime(  617): iotcl_continue_command finished! and return 0 
08-03 10:38:06.460 D/DrmLibTime(  617): before calling ioctl to read the next time_cmd
08-03 10:38:06.462 E/QC-time-services(  833): Daemon: Time-services: Waiting to acceptconnection
08-03 10:38:06.619 I/SarService( 2817): Receiver polling >>>> Change receiver mode: off
08-03 10:38:07.020 I/SarService( 2817): Receiver polling >>>> Change receiver mode: off
08-03 10:38:07.095 I/keystore( 1383): del USRPKEY_RECOVERY_SECRET_KEY_GCP 10242
08-03 10:38:07.097 I/keystore( 1383): del USRCERT_RECOVERY_SECRET_KEY_GCP 10242
08-03 10:38:07.098 I/keystore( 1383): del CACERT_RECOVERY_SECRET_KEY_GCP 10242
08-03 10:38:07.102 D/DrmLibTime(  617): got the req here! ret=0
08-03 10:38:07.102 D/DrmLibTime(  617): command id, time_cmd_id = 770
08-03 10:38:07.102 D/DrmLibTime(  617): time_getutcsec starts!
08-03 10:38:07.102 D/DrmLibTime(  617): QSEE Time Listener: time_getutcsec
08-03 10:38:07.102 D/DrmLibTime(  617): QSEE Time Listener: get_utc_seconds
08-03 10:38:07.102 D/DrmLibTime(  617): QSEE Time Listener: time_get_modem_time
08-03 10:38:07.102 D/DrmLibTime(  617): QSEE Time Listener: Checking if ATS_MODEM is set or not.
08-03 10:38:07.102 D/QC-time-services(  617): Lib:time_genoff_operation: pargs->base = 13
08-03 10:38:07.102 D/QC-time-services(  617): Lib:time_genoff_operation: pargs->operation = 2
08-03 10:38:07.102 D/QC-time-services(  617): Lib:time_genoff_operation: pargs->ts_val = 0
08-03 10:38:07.102 D/QC-time-services(  617): Lib:time_genoff_operation: Send to server  passed!!
08-03 10:38:07.102 D/QC-time-services(  833): Daemon: Connection accepted:time_genoff
08-03 10:38:07.102 D/QC-time-services(  833): Daemon:Received base = 13, unit = 1, operation = 2,value = 0
08-03 10:38:07.102 D/QC-time-services(  833): Daemon:genoff_opr: Base = 13, val = 0, operation = 2
08-03 10:38:07.102 D/QC-time-services(  833): offset is: 1 for base: 13
08-03 10:38:07.102 E/QC-time-services(  617): Receive Passed == base = 13, unit = 1, operation = 2, result = 0
08-03 10:38:07.102 D/DrmLibTime(  617): QSEE Time Listener: ATS_MODEM is set. Try to retrieve it.
08-03 10:38:07.102 E/QC-time-services(  833): Daemon: Time-services: Waiting to acceptconnection
08-03 10:38:07.102 D/QC-time-services(  833): Daemon: Connection accepted:time_genoff
08-03 10:38:07.102 D/QC-time-services(  833): Daemon:Received base = 13, unit = 1, operation = 1,value = 0
08-03 10:38:07.102 D/QC-time-services(  833): Daemon:genoff_opr: Base = 13, val = 0, operation = 1
08-03 10:38:07.102 D/QC-time-services(  833): Daemon: genoff get for 13
08-03 10:38:07.102 D/QC-time-services(  833): Daemon:Value read from QTimer mseconds = 73193583
08-03 10:38:07.102 D/QC-time-services(  833): Daemon:Value read from RTC mseconds on boot = 90134858000
08-03 10:38:07.102 D/QC-time-services(  833): Daemon:Value read from QTimer mseconds = 73193583
08-03 10:38:07.102 D/QC-time-services(  833): Daemon:Value read from generic offset = 1600843940779
08-03 10:38:07.102 D/QC-time-services(  833): Daemon:Delta read on boot mseconds = 90134752437
08-03 10:38:07.102 D/QC-time-services(  833): Daemon:Final Time = 1691051886799
08-03 10:38:07.102 D/DrmLibTime(  617): QSEE Time Listener: Time GenOff - seconds: 1691051886
08-03 10:38:07.102 D/DrmLibTime(  617): time_getutcsec returns 0, sec = 1691051886; nsec = 0
08-03 10:38:07.102 D/DrmLibTime(  617): time_getutcsec finished! 
08-03 10:38:07.103 D/DrmLibTime(  617): iotcl_continue_command finished! and return 0 
08-03 10:38:07.103 D/DrmLibTime(  617): before calling ioctl to read the next time_cmd
08-03 10:38:07.108 E/QC-time-services(  833): Daemon: Time-services: Waiting to acceptconnection
08-03 10:38:07.220 I/SarService( 2817): Receiver polling >>>> Change receiver mode: off
08-03 10:38:07.384 I/Timeline(13297): Timeline: Activity_launch_request time:65956666
08-03 10:38:07.384 I/chatty  ( 1910): uid=1000(system) android.display expire 11 lines
08-03 10:38:07.385 I/ActivityTaskManager( 1910): START u0 {flg=0x14008000 cmp=com.trax.retailexecution/.ui.activity.HomeActivity} from uid 10242
08-03 10:38:07.385 I/chatty  ( 1016): uid=1000(system) HwBinder:1016_2 expire 21 lines
08-03 10:38:07.386 D/LauncherFsGestureCompat( 2862): componentName is com.trax.retailexecution/.ui.activity.login.FlutterLoginActivity
08-03 10:38:07.396 I/ANDR-PERF-LM( 1009): LMPerfGlue: perfmodule_submit_request() 132: perfmodule_submit_request()
08-03 10:38:07.396 I/ANDR-PERF-LM( 1009): Core: getInstance() 84: LM getInstance
08-03 10:38:07.396 I/ANDR-PERF-LM( 1009): WQ: push() 59: LMTriggerQ push() size=0
08-03 10:38:07.396 I/ANDR-PERF-LM( 1009): WQ: push() 61: LMTriggerQ push() done size=1
08-03 10:38:07.396 I/ANDR-PERF-LM( 1009): WQ: pop() 42: LMTriggerQ pop() done size=0
08-03 10:38:07.396 I/ANDR-PERF-LM( 1009): Core: lmMain() 381: Calling runAsync for GameOptimization
08-03 10:38:07.396 D/ANDR-PERF-LM( 1009): Feature: lookup() 101: Feature Name = AppClassifier, total featuers = 4, featureFound = 1
08-03 10:38:07.396 D/ANDR-PERF-LM( 1009): Feature: getData() 112: data.data = 0
08-03 10:38:07.396 I/ANDR-PERF-LM( 1009): Core: lmMain() 391: runAsync for GameOptimization returned
08-03 10:38:07.396 I/ANDR-PERF-LM( 1009): Core: lmMain() 373: Waiting on trigger Queue
08-03 10:38:07.396 I/ANDR-PERF-LM( 1009): WQ: pop() 31: LMTriggerQ pop() size=0
08-03 10:38:07.398 I/ANDR-PERF-LM( 1009): LMPerfGlue: perfmodule_submit_request() 132: perfmodule_submit_request()
08-03 10:38:07.398 I/ANDR-PERF-LM( 1009): Core: getInstance() 84: LM getInstance
08-03 10:38:07.398 I/ANDR-PERF-LM( 1009): WQ: push() 59: LMTriggerQ push() size=0
08-03 10:38:07.398 I/ANDR-PERF-LM( 1009): WQ: push() 61: LMTriggerQ push() done size=1
08-03 10:38:07.398 I/ANDR-PERF-LM( 1009): WQ: pop() 42: LMTriggerQ pop() done size=0
08-03 10:38:07.398 I/ANDR-PERF-LM( 1009): Core: lmMain() 381: Calling runAsync for AdaptLaunch
08-03 10:38:07.398 I/ANDR-PERF-LM( 1009): Core: lmMain() 391: runAsync for AdaptLaunch returned
08-03 10:38:07.398 I/ANDR-PERF-LM( 1009): Core: lmMain() 381: Calling runAsync for PreKill
08-03 10:38:07.398 I/ANDR-PERF-LM( 1009): Core: lmMain() 391: runAsync for PreKill returned
08-03 10:38:07.398 I/ANDR-PERF-LM( 1009): Core: lmMain() 373: Waiting on trigger Queue
08-03 10:38:07.398 I/ANDR-PERF-LM( 1009): WQ: pop() 31: LMTriggerQ pop() size=0
08-03 10:38:07.406 W/ActivityTaskManager( 1910): Duplicate finish request for r=ActivityRecord{f586a51 u0 com.trax.retailexecution/.ui.activity.login.FlutterLoginActivity t48 f}}
08-03 10:38:07.408 D/EventBus( 2862): No subscribers registered for event class com.miui.home.recents.messages.TaskSnapshotChangedEvent
08-03 10:38:07.408 D/EventBus( 2862): No subscribers registered for event class org.greenrobot.eventbus.NoSubscriberEvent
08-03 10:38:07.418 I/sensors-hal(  990): batch:242, android.sensor.accelerometer/11, period=20000000, max_latency=200000000
08-03 10:38:07.418 I/sensors-hal(  990): set_config:63, sample_period_ns is adjusted to 20000000 based on min/max delay_ns
08-03 10:38:07.418 I/sensors-hal(  990): batch:251, android.sensor.accelerometer/11, period=20000000, max_latency=200000000 request completed
08-03 10:38:07.420 I/SarService( 2817): Receiver polling >>>> Change receiver mode: off
08-03 10:38:07.422 I/ANDR-PERF-LM( 1009): LMPerfGlue: perfmodule_submit_request() 132: perfmodule_submit_request()
08-03 10:38:07.422 I/ANDR-PERF-LM( 1009): Core: getInstance() 84: LM getInstance
08-03 10:38:07.422 I/ANDR-PERF-LM( 1009): WQ: push() 59: LMTriggerQ push() size=0
08-03 10:38:07.422 I/ANDR-PERF-LM( 1009): WQ: push() 61: LMTriggerQ push() done size=1
08-03 10:38:07.422 I/ANDR-PERF-LM( 1009): WQ: pop() 42: LMTriggerQ pop() done size=0
08-03 10:38:07.422 I/ANDR-PERF-LM( 1009): Core: lmMain() 381: Calling runAsync for GameOptimization
08-03 10:38:07.422 D/ANDR-PERF-LM( 1009): Feature: lookup() 101: Feature Name = AppClassifier, total featuers = 4, featureFound = 1
08-03 10:38:07.422 D/ANDR-PERF-LM( 1009): Feature: getData() 112: data.data = 0
08-03 10:38:07.422 I/ANDR-PERF-LM( 1009): Core: lmMain() 391: runAsync for GameOptimization returned
08-03 10:38:07.422 I/ANDR-PERF-LM( 1009): Core: lmMain() 373: Waiting on trigger Queue
08-03 10:38:07.422 I/ANDR-PERF-LM( 1009): WQ: pop() 31: LMTriggerQ pop() size=0
08-03 10:38:07.422 I/ActivityTaskManager( 1910): The Process com.trax.retailexecution Already Exists in BG. So sending its PID: 13297
08-03 10:38:07.422 I/ANDR-PERF-LM( 1009): LMPerfGlue: perfmodule_submit_request() 132: perfmodule_submit_request()
08-03 10:38:07.422 I/ANDR-PERF-LM( 1009): Core: getInstance() 84: LM getInstance
08-03 10:38:07.422 I/ANDR-PERF-LM( 1009): WQ: push() 59: LMTriggerQ push() size=0
08-03 10:38:07.422 I/ANDR-PERF-LM( 1009): WQ: push() 61: LMTriggerQ push() done size=1
08-03 10:38:07.423 I/ANDR-PERF-LM( 1009): WQ: pop() 42: LMTriggerQ pop() done size=0
08-03 10:38:07.423 I/ANDR-PERF-LM( 1009): Core: lmMain() 381: Calling runAsync for AdaptLaunch
08-03 10:38:07.423 W/ActivityTaskManager( 1910): Tried to set launchTime (0) < mLastActivityLaunchTime (65945996)
08-03 10:38:07.423 I/ANDR-PERF-LM( 1009): MetaMeter: isValidAsync() 194: AsyncInfo: hintID = 4225
08-03 10:38:07.423 I/ANDR-PERF-LM( 1009): hintType: 102
08-03 10:38:07.423 I/ANDR-PERF-LM( 1009): isPrimary = 0
08-03 10:38:07.423 I/ANDR-PERF-LM( 1009): MetaMeter: isValidAsync() 203: Invalid (hintID,hintType,appName,duration,appPID,appThreadTID) = (4225, 102,com.trax.retailexecution,13297,1910,2222)
08-03 10:38:07.423 E/ANDR-PERF-LM( 1009): MetaMeter: handleAsync() 164: AdaptLaunch Invalid Async
08-03 10:38:07.423 I/ANDR-PERF-LM( 1009): Core: lmMain() 391: runAsync for AdaptLaunch returned
08-03 10:38:07.423 I/ANDR-PERF-LM( 1009): Core: lmMain() 381: Calling runAsync for PreKill
08-03 10:38:07.423 I/ANDR-PERF-LM( 1009): Core: lmMain() 391: runAsync for PreKill returned
08-03 10:38:07.423 I/ANDR-PERF-LM( 1009): Core: lmMain() 373: Waiting on trigger Queue
08-03 10:38:07.423 I/ANDR-PERF-LM( 1009): WQ: pop() 31: LMTriggerQ pop() size=0
08-03 10:38:07.423 I/chatty  ( 1910): uid=1000(system) Binder:1910_5 expire 3 lines
08-03 10:38:07.426 I/Timeline( 1910): Timeline: App_transition_ready time:65956709
08-03 10:38:07.437 I/Timeline( 1910): Timeline: App_transition_ready time:65956719
08-03 10:38:07.440 I/Timeline( 1910): Timeline: App_transition_ready time:65956723
08-03 10:38:07.447 D/DecorView[](13297): getWindowModeFromSystem  windowmode is 1
08-03 10:38:07.447 D/DecorView(13297): createDecorCaptionView windowingMode:1 mWindowMode 1 isFullscreen: true
08-03 10:38:07.460 I/Timeline( 1910): Timeline: App_transition_ready time:65956742
08-03 10:38:07.469 I/chatty  ( 2469): uid=1000(system) pool-3-thread-1 expire 1 line
08-03 10:38:07.527 I/SCTaskStackListener(17755): onTaskStackChanged! inSplit = false
08-03 10:38:07.528 I/SCTaskStackListener(17755): onTaskStackChanged! inSplit = false
08-03 10:38:07.529 I/retailexecutio(13297): Background concurrent copying GC freed 358243(11MB) AllocSpace objects, 12(552KB) LOS objects, 49% free, 8349KB/16MB, paused 178us total 130.571ms
08-03 10:38:07.567 I/com.miui.home( 2862): NativeAlloc concurrent copying GC freed 338022(11MB) AllocSpace objects, 0(0B) LOS objects, 49% free, 12MB/24MB, paused 70us total 158.664ms
08-03 10:38:07.568 W/System  ( 2862): A resource failed to call release. 
08-03 10:38:07.569 I/chatty  ( 2862): uid=10092(com.miui.home) FinalizerDaemon identical 4 lines
08-03 10:38:07.569 W/System  ( 2862): A resource failed to call release. 
08-03 10:38:07.594 I/chatty  ( 2469): uid=1000(system) HeapTaskDaemon expire 1 line
08-03 10:38:07.610 I/sensors-hal(  990): flush:271, android.sensor.accelerometer/11
08-03 10:38:07.610 I/sensors-hal(  990): flush:277, android.sensor.accelerometer/11 completed
08-03 10:38:07.611 I/sensors-hal(  990): ssc_conn_resp_cb:651, resp_value = 0
08-03 10:38:07.615 I/chatty  ( 1910): uid=1000(system) ConnectivitySer expire 63 lines
08-03 10:38:07.616 D/DecorView[](13297): getWindowModeFromSystem  windowmode is 1
08-03 10:38:07.618 D/PhoneSwitcherNetworkRequstListener( 2817): got request NetworkRequest [ TRACK_DEFAULT id=3159, [ Capabilities: INTERNET&NOT_RESTRICTED&TRUSTED Uid: 10242 AdministratorUids: [] RequestorUid: 10242 RequestorPackageName: com.trax.retailexecution] ] with score 60 and providerId 5
08-03 10:38:07.620 D/RecentsImpl( 2862): mActivityStateObserver com.trax.retailexecution.ui.activity.HomeActivity
08-03 10:38:07.620 W/RecentsImpl( 2862): onResumed className=com.trax.retailexecution.ui.activity.HomeActivity   mIsInAnotherPro=false
08-03 10:38:07.620 I/SarService( 2817): Receiver polling >>>> Change receiver mode: off
08-03 10:38:07.630 I/chatty  ( 1910): uid=1000(system) Binder:1910_6 expire 9 lines
08-03 10:38:07.821 I/SarService( 2817): Receiver polling >>>> Change receiver mode: off
08-03 10:38:07.847 I/ANDR-PERF-LM( 1009): LMPerfGlue: perfmodule_submit_request() 132: perfmodule_submit_request()
08-03 10:38:07.847 I/ANDR-PERF-LM( 1009): Core: getInstance() 84: LM getInstance
08-03 10:38:07.847 I/ANDR-PERF-LM( 1009): WQ: push() 59: LMTriggerQ push() size=0
08-03 10:38:07.847 I/ANDR-PERF-LM( 1009): WQ: push() 61: LMTriggerQ push() done size=1
08-03 10:38:07.847 D/ANDR-PERF-LM( 1009): ThreadHelper: wakeUp() 103: (Meter,Helper,Name,pending)=(0xb4000077a06287c0,0xb4000077a0668120,PreKillActionThread,1)
08-03 10:38:07.847 I/ANDR-PERF-LM( 1009): WQ: pop() 42: LMTriggerQ pop() done size=0
08-03 10:38:07.847 I/ANDR-PERF-LM( 1009): Core: lmMain() 381: Calling runAsync for PreKill
08-03 10:38:07.847 I/ANDR-PERF-LM( 1009): Core: lmMain() 391: runAsync for PreKill returned
08-03 10:38:07.847 I/ANDR-PERF-LM( 1009): Core: lmMain() 373: Waiting on trigger Queue
08-03 10:38:07.847 I/ANDR-PERF-LM( 1009): WQ: pop() 31: LMTriggerQ pop() size=0
08-03 10:38:07.847 D/ANDR-PERF-LM( 1009): ThreadHelper: thread_callback() 149: Starting:(Meter,Helper,Name,pending)=(0xb4000077a06287c0,0xb4000077a0668120,PreKillActionThread,0) 
08-03 10:38:07.849 D/ANDR-PERF-LM( 1009): ThreadHelper: thread_callback() 162: Returned from Start:(Meter,Helper,Name,pending)=(0xb4000077a06287c0,0xb4000077a0668120,PreKillActionThread,0) 
08-03 10:38:07.849 D/ANDR-PERF-LM( 1009): ThreadHelper: thread_callback() 134: Waiting:(Meter,Helper,Name,pending)=(0xb4000077a06287c0,0xb4000077a0668120,PreKillActionThread,0)
08-03 10:38:07.849 I/ANDR-PERF-LM( 1009): LMPerfGlue: perfmodule_submit_request() 132: perfmodule_submit_request()
08-03 10:38:07.849 I/ANDR-PERF-LM( 1009): Core: getInstance() 84: LM getInstance
08-03 10:38:07.849 D/ANDR-PERF-LM( 1009): Feature: lookup() 101: Feature Name = AppClassifier, total featuers = 4, featureFound = 1
08-03 10:38:07.850 D/ANDR-PERF-LM( 1009): Feature: getData() 112: data.data = 0
08-03 10:38:07.850 I/ANDR-PERF-LM( 1009): FeedbackAPI: getFeedback() 60: app:com.trax.retailexecution feature:AppClassifier feedback = 0
08-03 10:38:07.903 W/NetworkScheduler(15826): Error inserting flex_time=634000 job_id=-1 period=1269000 source=16 requires_charging=0 preferred_network_type=1 target_class=com.google.android.gms.measurement.PackageMeasurementTaskService user_id=0 target_package=com.google.android.gms tag=Measurement.PackageMeasurementTaskService.UPLOAD_TASK_TAG task_type=0 required_idleness_state=0 service_kind=0 source_version=232617000 persistence_level=1 preferred_charging_state=1 required_network_type=0 runtime=1691051887903 retry_strategy={"maximum_backoff_seconds":{"3600":0},"initial_backoff_seconds":{"30":0},"retry_policy":{"0":0}} last_runtime=0 [CONTEXT service_id=218 ]
08-03 10:38:07.903 W/NetworkScheduler(15826): android.database.sqlite.SQLiteConstraintException: UNIQUE constraint failed: pending_ops.tag, pending_ops.target_class, pending_ops.target_package, pending_ops.user_id (code 2067 SQLITE_CONSTRAINT_UNIQUE)
08-03 10:38:07.903 W/NetworkScheduler(15826): 	at android.database.sqlite.SQLiteConnection.nativeExecuteForLastInsertedRowId(Native Method)
08-03 10:38:07.903 W/NetworkScheduler(15826): 	at android.database.sqlite.SQLiteConnection.executeForLastInsertedRowId(SQLiteConnection.java:938)
08-03 10:38:07.903 W/NetworkScheduler(15826): 	at android.database.sqlite.SQLiteSession.executeForLastInsertedRowId(SQLiteSession.java:790)
08-03 10:38:07.903 W/NetworkScheduler(15826): 	at android.database.sqlite.SQLiteStatement.executeInsert(SQLiteStatement.java:88)
08-03 10:38:07.903 W/NetworkScheduler(15826): 	at android.database.sqlite.SQLiteDatabase.insertWithOnConflict(SQLiteDatabase.java:1701)
08-03 10:38:07.903 W/NetworkScheduler(15826): 	at android.database.sqlite.SQLiteDatabase.insertOrThrow(SQLiteDatabase.java:1596)
08-03 10:38:07.903 W/NetworkScheduler(15826): 	at bpsz.f(:com.google.android.gms@232617037@23.26.17 (150400-551657477):722)
08-03 10:38:07.903 W/NetworkScheduler(15826): 	at bprt.n(:com.google.android.gms@232617037@23.26.17 (150400-551657477):29)
08-03 10:38:07.903 W/NetworkScheduler(15826): 	at bprt.u(:com.google.android.gms@232617037@23.26.17 (150400-551657477):225)
08-03 10:38:07.903 W/NetworkScheduler(15826): 	at bprt.h(:com.google.android.gms@232617037@23.26.17 (150400-551657477):54)
08-03 10:38:07.903 W/NetworkScheduler(15826): 	at bpnl.run(:com.google.android.gms@232617037@23.26.17 (150400-551657477):72)
08-03 10:38:07.903 W/NetworkScheduler(15826): 	at acjp.c(:com.google.android.gms@232617037@23.26.17 (150400-551657477):50)
08-03 10:38:07.903 W/NetworkScheduler(15826): 	at acjp.run(:com.google.android.gms@232617037@23.26.17 (150400-551657477):76)
08-03 10:38:07.903 W/NetworkScheduler(15826): 	at java.util.concurrent.ThreadPoolExecutor.runWorker(ThreadPoolExecutor.java:1167)
08-03 10:38:07.903 W/NetworkScheduler(15826): 	at java.util.concurrent.ThreadPoolExecutor$Worker.run(ThreadPoolExecutor.java:641)
08-03 10:38:07.903 W/NetworkScheduler(15826): 	at acoy.run(:com.google.android.gms@232617037@23.26.17 (150400-551657477):8)
08-03 10:38:07.903 W/NetworkScheduler(15826): 	at java.lang.Thread.run(Thread.java:923)
08-03 10:38:07.915 W/NetworkScheduler(15826): Error inserting flex_time=634000 job_id=-1 period=1269000 source=16 requires_charging=0 preferred_network_type=1 target_class=com.google.android.gms.measurement.PackageMeasurementTaskService user_id=0 target_package=com.google.android.gms tag=Measurement.PackageMeasurementTaskService.UPLOAD_TASK_TAG task_type=0 required_idleness_state=0 service_kind=0 source_version=232617000 persistence_level=1 preferred_charging_state=1 required_network_type=0 runtime=1691051887913 retry_strategy={"maximum_backoff_seconds":{"3600":0},"initial_backoff_seconds":{"30":0},"retry_policy":{"0":0}} last_runtime=0 [CONTEXT service_id=218 ]
08-03 10:38:07.915 W/NetworkScheduler(15826): android.database.sqlite.SQLiteConstraintException: UNIQUE constraint failed: pending_ops.tag, pending_ops.target_class, pending_ops.target_package, pending_ops.user_id (code 2067 SQLITE_CONSTRAINT_UNIQUE)
08-03 10:38:07.915 W/NetworkScheduler(15826): 	at android.database.sqlite.SQLiteConnection.nativeExecuteForLastInsertedRowId(Native Method)
08-03 10:38:07.915 W/NetworkScheduler(15826): 	at android.database.sqlite.SQLiteConnection.executeForLastInsertedRowId(SQLiteConnection.java:938)
08-03 10:38:07.915 W/NetworkScheduler(15826): 	at android.database.sqlite.SQLiteSession.executeForLastInsertedRowId(SQLiteSession.java:790)
08-03 10:38:07.915 W/NetworkScheduler(15826): 	at android.database.sqlite.SQLiteStatement.executeInsert(SQLiteStatement.java:88)
08-03 10:38:07.915 W/NetworkScheduler(15826): 	at android.database.sqlite.SQLiteDatabase.insertWithOnConflict(SQLiteDatabase.java:1701)
08-03 10:38:07.915 W/NetworkScheduler(15826): 	at android.database.sqlite.SQLiteDatabase.insertOrThrow(SQLiteDatabase.java:1596)
08-03 10:38:07.915 W/NetworkScheduler(15826): 	at bpsz.f(:com.google.android.gms@232617037@23.26.17 (150400-551657477):722)
08-03 10:38:07.915 W/NetworkScheduler(15826): 	at bprt.n(:com.google.android.gms@232617037@23.26.17 (150400-551657477):29)
08-03 10:38:07.915 W/NetworkScheduler(15826): 	at bprt.u(:com.google.android.gms@232617037@23.26.17 (150400-551657477):225)
08-03 10:38:07.915 W/NetworkScheduler(15826): 	at bprt.h(:com.google.android.gms@232617037@23.26.17 (150400-551657477):54)
08-03 10:38:07.915 W/NetworkScheduler(15826): 	at bpnl.run(:com.google.android.gms@232617037@23.26.17 (150400-551657477):72)
08-03 10:38:07.915 W/NetworkScheduler(15826): 	at acjp.c(:com.google.android.gms@232617037@23.26.17 (150400-551657477):50)
08-03 10:38:07.915 W/NetworkScheduler(15826): 	at acjp.run(:com.google.android.gms@232617037@23.26.17 (150400-551657477):76)
08-03 10:38:07.915 W/NetworkScheduler(15826): 	at java.util.concurrent.ThreadPoolExecutor.runWorker(ThreadPoolExecutor.java:1167)
08-03 10:38:07.915 W/NetworkScheduler(15826): 	at java.util.concurrent.ThreadPoolExecutor$Worker.run(ThreadPoolExecutor.java:641)
08-03 10:38:07.915 W/NetworkScheduler(15826): 	at acoy.run(:com.google.android.gms@232617037@23.26.17 (150400-551657477):8)
08-03 10:38:07.915 W/NetworkScheduler(15826): 	at java.lang.Thread.run(Thread.java:923)
08-03 10:38:07.935 I/MIUISafety-Monitor(17755): OnOpActiveChanged com.trax.retailexecution ,op:android:monitor_location ,active:true
08-03 10:38:07.935 I/MIUISafety-Monitor(17755): OnOpActiveChanged com.trax.retailexecution ,op:android:monitor_location_high_power ,active:true
08-03 10:38:07.935 E/LocSvc_APIClientBase(  982): onResponseCb:907] ERROR: 5 ID: 55
08-03 10:38:07.936 I/chatty  ( 1910): uid=1000(system) android.fg expire 5 lines
08-03 10:38:07.954 I/Timeline( 1910): Timeline: Activity_windows_visible id: ActivityRecord{3be2256 u0 com.trax.retailexecution/.ui.activity.HomeActivity t48} time:65957236
08-03 10:38:07.958 I/Timeline( 1910): Timeline: App_transition_stopped time:65957240
08-03 10:38:07.963 I/chatty  ( 1016): uid=1000(system) HwBinder:1016_1 expire 4 lines
08-03 10:38:07.971 W/AlarmManager( 1910): Alarms must either supply a PendingIntent or an AlarmReceiver
08-03 10:38:07.989 D/skia    (13297): --- Failed to create image decoder with message 'unimplemented'
08-03 10:38:07.992 I/chatty  ( 2469): uid=1000(system) SysUiBg expire 2 lines
08-03 10:38:07.995 D/skia    (13297): --- Failed to create image decoder with message 'unimplemented'
08-03 10:38:08.014 W/Looper  (13297): PerfMonitor doFrame : time=65ms vsyncFrame=0 latency=316ms procState=2 historyMsgCount=17 (msgIndex=1 wall=173ms seq=1288 running=138ms runnable=4ms late=61ms h=android.view.Choreographer$FrameHandler c=android.view.Choreographer$FrameDisplayEventReceiver) (msgIndex=16 wall=80ms seq=1303 running=58ms runnable=11ms io=2ms late=242ms h=android.app.ActivityThread$H w=115)
08-03 10:38:07.997 I/chatty  (13297): uid=10242(com.trax.retailexecution) glide-source-th identical 3 lines
08-03 10:38:07.998 D/skia    (13297): --- Failed to create image decoder with message 'unimplemented'
08-03 10:38:08.021 I/SarService( 2817): Receiver polling >>>> Change receiver mode: off
08-03 10:38:08.022 I/ANDR-PERF-LM( 1009): LMPerfGlue: perfmodule_submit_request() 132: perfmodule_submit_request()
08-03 10:38:08.022 I/ANDR-PERF-LM( 1009): Core: getInstance() 84: LM getInstance
08-03 10:38:08.022 D/ANDR-PERF-LM( 1009): Feature: lookup() 101: Feature Name = AppClassifier, total featuers = 4, featureFound = 1
08-03 10:38:08.022 D/ANDR-PERF-LM( 1009): Feature: getData() 112: data.data = 0
08-03 10:38:08.022 I/ANDR-PERF-LM( 1009): FeedbackAPI: getFeedback() 60: app:com.trax.retailexecution feature:AppClassifier feedback = 0
08-03 10:38:08.043 I/GoogleInputMethodService(16350): GoogleInputMethodService.onFinishInput():3303 
08-03 10:38:08.044 I/GoogleInputMethodService(16350): GoogleInputMethodService.updateDeviceLockedStatus():2122 repeatCheckTimes = 0, locked = false
08-03 10:38:08.044 I/GoogleInputMethodService(16350): GoogleInputMethodService.onStartInput():1902 onStartInput(EditorInfo{EditorInfo{packageName=com.trax.retailexecution, inputType=0, inputTypeString=NULL, enableLearning=false, autoCorrection=false, autoComplete=false, imeOptions=0, privateImeOptions=null, actionName=UNSPECIFIED, actionLabel=null, initialSelStart=-1, initialSelEnd=-1, initialCapsMode=0, label=null, fieldId=-1, fieldName=null, extras=null, hintText=null, hintLocales=[]}}, false)
08-03 10:38:08.044 I/GoogleInputMethodService(16350): GoogleInputMethodService.shouldHideHeaderOnInitialState():1985 ShouldHideHeaderOnInitialState = false
08-03 10:38:08.045 I/GoogleInputMethodService(16350): GoogleInputMethodService.updateDeviceLockedStatus():2122 repeatCheckTimes = 1, locked = false
08-03 10:38:08.062 E/libEGL  (13297): call to OpenGL ES API with no current context (logged once per thread)
08-03 10:38:08.068 W/NotificationHistory( 1910): Attempted to add notif for locked/gone/disabled user 0
08-03 10:38:08.074 V/d       (17755): flags=98
08-03 10:38:08.075 V/d       (17755): ret=0
08-03 10:38:08.075 I/chatty  ( 2469): uid=1000(system) com.android.systemui expire 4 lines
08-03 10:38:08.084 I/chatty  ( 2469): uid=1000(system) Thread-3 expire 1 line
08-03 10:38:08.123 I/chatty  ( 2469): uid=1000(system) com.android.systemui expire 2 lines
08-03 10:38:08.128 I/Launcher.ApplicationsMessage( 2862): onReceive false
08-03 10:38:08.128 I/Launcher.ApplicationsMessage( 2862): update com.trax.retailexecution/ to null
08-03 10:38:08.163 I/chatty  ( 1016): uid=1000(system) HwBinder:1016_4 expire 25 lines
08-03 10:38:08.209 I/GCoreUlr(15826): Successfully inserted 1 locations
08-03 10:38:08.221 I/SarService( 2817): Receiver polling >>>> Change receiver mode: off
08-03 10:38:08.273 I/SemanticLocation(15826): (REDACTED) [Inferrer] %s%s
08-03 10:38:08.403 I/SemanticLocation(15826): (REDACTED) [Inferrer] %s%s
08-03 10:38:08.421 I/SarService( 2817): Receiver polling >>>> Change receiver mode: off
08-03 10:38:09.223 I/chatty  ( 2817): uid=1001(radio) Thread-9 identical 6 lines
08-03 10:38:09.423 I/SarService( 2817): Receiver polling >>>> Change receiver mode: off
08-03 10:38:09.444 I/LOWI-9.0.0.56( 1526): [LOWI-Scan] lowi_close_record:Scan done in 73065296ms, 7 APs in scan results
08-03 10:38:09.448 I/chatty  ( 1910): uid=1000(system) WifiScanningSer expire 1 line
08-03 10:38:09.485 W/AlarmManager( 1910): Alarms must either supply a PendingIntent or an AlarmReceiver
08-03 10:38:09.549 W/LocSvc_ApiV02(  982): reportSv:3517] At least one RF_LOSS is 0 in gps.conf, please configure it
08-03 10:38:09.623 I/SarService( 2817): Receiver polling >>>> Change receiver mode: off
08-03 10:38:09.824 I/SarService( 2817): Receiver polling >>>> Change receiver mode: off
08-03 10:38:09.919 I/chatty  ( 1910): uid=1000(system) InputReader expire 4 lines
08-03 10:38:09.920 I/chatty  ( 1910): uid=1000(system) InputDispatcher expire 6 lines
08-03 10:38:09.922 D/MIUIInput(13297): [MotionEvent] ViewRootImpl { action=ACTION_DOWN, id[0]=0, pointerCount=1, eventTime=65959201, downTime=65959201 } moveCount:0
08-03 10:38:10.017 D/MIUIInput(13297): [MotionEvent] ViewRootImpl { action=ACTION_UP, id[0]=0, pointerCount=1, eventTime=65959298, downTime=65959201 } moveCount:0
08-03 10:38:10.024 I/SarService( 2817): Receiver polling >>>> Change receiver mode: off
08-03 10:38:10.025 I/chatty  ( 1910): uid=1000(system) android.display expire 23 lines
