08-03 10:38:46.345 D/SlaveWifiManager( 1910): getWifiSlaveConnectionInfo
08-03 10:38:46.482 I/SarService( 2817): Receiver polling >>>> Change receiver mode: off
08-03 10:38:46.683 I/SarService( 2817): Receiver polling >>>> Change receiver mode: off
08-03 10:38:46.697 W/Choreographer(13297): Frame time is 0.023989 ms in the future!  Check that graphics HAL is generating vsync timestamps using the correct timebase.
08-03 10:38:46.883 I/SarService( 2817): Receiver polling >>>> Change receiver mode: off
08-03 10:38:47.083 I/SarService( 2817): Receiver polling >>>> Change receiver mode: off
08-03 10:38:47.232 D/AggregateListener(21575): notifyAction action:android.intent.action.PACKAGE_CHANGED
08-03 10:38:47.235 I/Bugle   ( 5526): BroadcastReceiverAsyncWorkTracker: Acknowledging broadcast of bfou@8e2f9ff
08-03 10:38:47.237 D/CarrierSvcBindHelper( 2817): No carrier app for: 0
08-03 10:38:47.238 E/PhoneInterfaceManager( 2817): [PhoneIntfMgr] getCarrierPackageNamesForIntentAndPhone: No UICC
08-03 10:38:47.238 D/CarrierSvcBindHelper( 2817): No carrier app for: 1
08-03 10:38:47.238 W/MiuiFullScreenGestureProxy( 2469): packageMonitor   onPackageModified  packageName=com.trax.retailexecution
08-03 10:38:47.238 W/MiuiFullScreenGestureProxy( 2469): packageMonitor   onPackageModified  packageName=com.trax.retailexecution
08-03 10:38:47.238 D/LockScreenMagazineController( 2469): received broadcast android.intent.action.PACKAGE_CHANGED
08-03 10:38:47.238 D/ImsResolver( 2817): maybeAddedImsService, packageName: com.trax.retailexecution
08-03 10:38:47.242 D/ControlsListingControllerImpl( 2469): ServiceConfig reloaded
08-03 10:38:47.244 D/CompatibilityInfo( 1910): mCompatibilityFlags - 0
08-03 10:38:47.244 D/CompatibilityInfo( 1910): applicationDensity - 440
08-03 10:38:47.244 D/CompatibilityInfo( 1910): applicationScale - 1.0
08-03 10:38:47.246 I/vendor.qti.hardware.servicetracker@1.2-service( 1016): startService() is called for servicecom.google.android.gms/.chimera.PersistentIntentOperationService
08-03 10:38:47.261 D/CompatibilityInfo( 1910): mCompatibilityFlags - 0
08-03 10:38:47.261 D/CompatibilityInfo( 1910): applicationDensity - 440
08-03 10:38:47.261 D/CompatibilityInfo( 1910): applicationScale - 1.0
08-03 10:38:47.261 D/RegisteredServicesCache( 4466):  Reading service state data always from file
08-03 10:38:47.261 I/vendor.qti.hardware.servicetracker@1.2-service( 1016): startService() is called for servicecom.google.android.gms/.chimera.GmsIntentOperationService
08-03 10:38:47.263 D/RegisteredServicesCache( 4466): ServiceStateFileVersion=1.0
08-03 10:38:47.263 E/RegisteredServicesCache( 4466): Next Tag=services
08-03 10:38:47.263 D/RegisteredServicesCache( 4466):  curr component com.google.android.gms/com.google.android.gms.nearby.mediums.nearfieldcommunication.NfcAdvertisingService
08-03 10:38:47.263 D/RegisteredServicesCache( 4466):  curr uid 10191
08-03 10:38:47.263 D/RegisteredServicesCache( 4466):  curr state 2
08-03 10:38:47.263 E/RegisteredServicesCache( 4466): installedServices no uidString 
08-03 10:38:47.263 D/RegisteredServicesCache( 4466):  curr component com.google.android.gms/com.google.android.gms.pay.hce.service.PayHceService
08-03 10:38:47.263 D/RegisteredServicesCache( 4466):  curr uid 10191
08-03 10:38:47.263 D/RegisteredServicesCache( 4466):  curr state 2
08-03 10:38:47.263 E/RegisteredServicesCache( 4466): installedServices contains uidString : 10191
08-03 10:38:47.263 D/RegisteredServicesCache( 4466):  curr component com.google.android.gms/com.google.android.gms.dck.service.DckNfcApduService
08-03 10:38:47.263 D/RegisteredServicesCache( 4466):  curr uid 10191
08-03 10:38:47.263 D/RegisteredServicesCache( 4466):  curr state 2
08-03 10:38:47.263 E/RegisteredServicesCache( 4466): installedServices contains uidString : 10191
08-03 10:38:47.263 E/RegisteredServicesCache( 4466): 1invalidateCache:WriteServiceStateToFile
08-03 10:38:47.263 E/RegisteredServicesCache( 4466):  Writing service state Data Always
08-03 10:38:47.265 E/RegisteredServicesCache( 4466): component namecom.google.android.gms/com.google.android.gms.nearby.mediums.nearfieldcommunication.NfcAdvertisingService
08-03 10:38:47.265 E/RegisteredServicesCache( 4466): component namecom.google.android.gms/com.google.android.gms.pay.hce.service.PayHceService
08-03 10:38:47.265 E/RegisteredServicesCache( 4466): component namecom.google.android.gms/com.google.android.gms.dck.service.DckNfcApduService
08-03 10:38:47.279 I/Fitness (15826): (REDACTED) OnPackageChangedOperation got intent: %s
08-03 10:38:47.282 D/RegisteredNfcFServicesCache( 4466): Service unchanged, not updating
08-03 10:38:47.283 I/SarService( 2817): Receiver polling >>>> Change receiver mode: off
08-03 10:38:47.285 D/CompatibilityInfo( 1910): mCompatibilityFlags - 0
08-03 10:38:47.286 D/CompatibilityInfo( 1910): applicationDensity - 440
08-03 10:38:47.286 D/CompatibilityInfo( 1910): applicationScale - 1.0
08-03 10:38:47.287 I/vendor.qti.hardware.servicetracker@1.2-service( 1016): startService() is called for servicecom.google.android.gms/.fitness.service.recording.FitRecordingBroker
08-03 10:38:47.288 I/Fitness (15826): (REDACTED) FitCleanupIntentOperation received Intent %s
08-03 10:38:47.309 W/JavaBinder( 1910): BinderProxy is being destroyed but the application did not call unlinkToDeath to unlink all of its death recipients beforehand.  Releasing leaked death recipient: com.android.server.AlarmManagerService$2
08-03 10:38:47.309 I/BpBinder( 1910): onLastStrongRef automatically unlinking death recipients: <uncached descriptor>
08-03 10:38:47.311 W/JavaBinder( 1910): BinderProxy is being destroyed but the application did not call unlinkToDeath to unlink all of its death recipients beforehand.  Releasing leaked death recipient: com.android.server.AlarmManagerService$2
08-03 10:38:47.311 I/BpBinder( 1910): onLastStrongRef automatically unlinking death recipients: <uncached descriptor>
08-03 10:38:47.312 W/JavaBinder( 1910): BinderProxy is being destroyed but the application did not call unlinkToDeath to unlink all of its death recipients beforehand.  Releasing leaked death recipient: com.android.server.AlarmManagerService$2
08-03 10:38:47.312 I/BpBinder( 1910): onLastStrongRef automatically unlinking death recipients: <uncached descriptor>
08-03 10:38:47.315 W/System  ( 1910): A resource failed to call release. 
08-03 10:38:47.315 I/chatty  ( 1910): uid=1000(system) FinalizerDaemon identical 4 lines
08-03 10:38:47.315 W/System  ( 1910): A resource failed to call release. 
08-03 10:38:47.315 W/System  ( 1910): A resource failed to call close. 
08-03 10:38:47.315 W/System  ( 1910): A resource failed to call close. 
08-03 10:38:47.315 W/System  ( 1910): A resource failed to call release. 
08-03 10:38:47.316 I/chatty  ( 1910): uid=1000(system) FinalizerDaemon identical 9 lines
08-03 10:38:47.316 W/System  ( 1910): A resource failed to call release. 
08-03 10:38:47.323 I/AlarmManager(15826): set [name: SystemMemoryCache type: 2 triggerAtMillis: 315433230929 windowMillis: -1 intervalMillis: 0]
08-03 10:38:47.323 D/CompatibilityInfo( 1910): mCompatibilityFlags - 0
08-03 10:38:47.323 D/CompatibilityInfo( 1910): applicationDensity - 440
08-03 10:38:47.323 D/CompatibilityInfo( 1910): applicationScale - 1.0
08-03 10:38:47.324 I/vendor.qti.hardware.servicetracker@1.2-service( 1016): startService() is called for servicecom.google.android.gms/.icing.service.IndexWorkerService
08-03 10:38:47.331 D/CompatibilityInfo( 1910): mCompatibilityFlags - 0
08-03 10:38:47.331 D/CompatibilityInfo( 1910): applicationDensity - 440
08-03 10:38:47.331 D/CompatibilityInfo( 1910): applicationScale - 1.0
08-03 10:38:47.332 I/vendor.qti.hardware.servicetracker@1.2-service( 1016): startService() is called for servicecom.google.android.gms/.wearable.service.WearableControlService
08-03 10:38:47.335 I/vendor.qti.hardware.servicetracker@1.2-service( 1016): destroyService is called for service : com.google.android.gms/.wearable.service.WearableControlService
08-03 10:38:47.340 D/CompatibilityInfo( 1910): mCompatibilityFlags - 0
08-03 10:38:47.340 D/CompatibilityInfo( 1910): applicationDensity - 440
08-03 10:38:47.340 D/CompatibilityInfo( 1910): applicationScale - 1.0
08-03 10:38:47.341 D/AF::TrackHandle( 1060): OpPlayAudio: track:59 usage:3 not muted
08-03 10:38:47.341 I/vendor.qti.hardware.servicetracker@1.2-service( 1016): startService() is called for servicecom.google.android.gms/.nearby.exposurenotification.service.ExposureNotificationInternalService
08-03 10:38:47.346 D/CompatibilityInfo( 1910): mCompatibilityFlags - 0
08-03 10:38:47.346 D/CompatibilityInfo( 1910): applicationDensity - 440
08-03 10:38:47.346 D/CompatibilityInfo( 1910): applicationScale - 1.0
08-03 10:38:47.346 I/vendor.qti.hardware.servicetracker@1.2-service( 1016): startService() is called for servicecom.google.android.gms/.fitness.cache.DataUpdateListenerCacheService
08-03 10:38:47.350 I/vendor.qti.hardware.servicetracker@1.2-service( 1016): bindService is called for service : com.google.android.gms/.icing.service.IndexService and for client com.google.android.gms
08-03 10:38:47.350 I/vendor.qti.hardware.servicetracker@1.2-service( 1016): total connections for service : com.google.android.gms/.icing.service.IndexServiceare :1
08-03 10:38:47.350 I/vendor.qti.hardware.servicetracker@1.2-service( 1016): total connections for client : com.google.android.gmsare :5
08-03 10:38:47.350 D/CompatibilityInfo( 1910): mCompatibilityFlags - 0
08-03 10:38:47.350 D/CompatibilityInfo( 1910): applicationDensity - 440
08-03 10:38:47.350 D/CompatibilityInfo( 1910): applicationScale - 1.0
08-03 10:38:47.351 I/vendor.qti.hardware.servicetracker@1.2-service( 1016): startService() is called for servicecom.google.android.gms/.icing.service.IndexService
08-03 10:38:47.354 I/vendor.qti.hardware.servicetracker@1.2-service( 1016): bindService is called for service : com.google.android.gms/.chimera.PersistentDirectBootAwareApiService and for client com.google.android.gms
08-03 10:38:47.354 I/vendor.qti.hardware.servicetracker@1.2-service( 1016): total connections for service : com.google.android.gms/.chimera.PersistentDirectBootAwareApiServiceare :15
08-03 10:38:47.355 I/vendor.qti.hardware.servicetracker@1.2-service( 1016): total connections for client : com.google.android.gmsare :5
08-03 10:38:47.356 I/vendor.qti.hardware.servicetracker@1.2-service( 1016): destroyService is called for service : com.google.android.gms/.fitness.cache.DataUpdateListenerCacheService
08-03 10:38:47.356 D/AF::TrackHandle( 1060): OpPlayAudio: track:59 usage:3 not muted
08-03 10:38:47.360 I/vendor.qti.hardware.servicetracker@1.2-service( 1016): destroyService is called for service : com.google.android.gms/.icing.service.IndexWorkerService
08-03 10:38:47.363 W/ChimeraUtils(15826): Module com.google.android.gms.nearby_en missing resource null(0)
08-03 10:38:47.366 D/AF::TrackHandle( 1060): OpPlayAudio: track:59 usage:3 not muted
08-03 10:38:47.367 I/Fitness (15826): (REDACTED) Package %s enabled.  Potentially restarting recording
08-03 10:38:47.368 D/CompatibilityInfo( 1910): mCompatibilityFlags - 0
08-03 10:38:47.368 D/CompatibilityInfo( 1910): applicationDensity - 440
08-03 10:38:47.368 D/CompatibilityInfo( 1910): applicationScale - 1.0
08-03 10:38:47.370 I/vendor.qti.hardware.servicetracker@1.2-service( 1016): startService() is called for servicecom.google.android.gms/.icing.service.IndexWorkerService
08-03 10:38:47.373 W/ChimeraUtils(15826): Module com.google.android.gms.nearby_en missing resource null(0)
08-03 10:38:47.374 I/Icing   (16000): IndexChimeraService.getServiceInterface callingPackage=com.google.android.gms componentName=AppsCorpus serviceId=36
08-03 10:38:47.376 W/ChimeraUtils(15826): Module com.google.android.gms.nearby_en missing resource null(0)
08-03 10:38:47.378 I/Fitness (15826): (REDACTED) Package %s enabled.  Potentially restarting recording
08-03 10:38:47.378 I/vendor.qti.hardware.servicetracker@1.2-service( 1016): bindService is called for service : com.google.android.gms/.icing.service.AppIndexingService and for client com.google.android.gms
08-03 10:38:47.378 I/vendor.qti.hardware.servicetracker@1.2-service( 1016): total connections for service : com.google.android.gms/.icing.service.AppIndexingServiceare :1
08-03 10:38:47.378 I/vendor.qti.hardware.servicetracker@1.2-service( 1016): total connections for client : com.google.android.gmsare :6
08-03 10:38:47.379 D/CompatibilityInfo( 1910): mCompatibilityFlags - 0
08-03 10:38:47.379 D/CompatibilityInfo( 1910): applicationDensity - 440
08-03 10:38:47.379 D/CompatibilityInfo( 1910): applicationScale - 1.0
08-03 10:38:47.379 I/vendor.qti.hardware.servicetracker@1.2-service( 1016): startService() is called for servicecom.google.android.gms/.icing.service.AppIndexingService
08-03 10:38:47.387 I/vendor.qti.hardware.servicetracker@1.2-service( 1016): bindService is called for service : com.google.android.gms/.lockbox.service.LockboxBrokerService and for client com.google.android.gms
08-03 10:38:47.387 I/vendor.qti.hardware.servicetracker@1.2-service( 1016): total connections for service : com.google.android.gms/.lockbox.service.LockboxBrokerServiceare :1
08-03 10:38:47.387 I/vendor.qti.hardware.servicetracker@1.2-service( 1016): total connections for client : com.google.android.gmsare :7
08-03 10:38:47.388 D/AF::TrackHandle( 1060): OpPlayAudio: track:59 usage:3 not muted
08-03 10:38:47.388 D/CompatibilityInfo( 1910): mCompatibilityFlags - 0
08-03 10:38:47.388 D/CompatibilityInfo( 1910): applicationDensity - 440
08-03 10:38:47.388 D/CompatibilityInfo( 1910): applicationScale - 1.0
08-03 10:38:47.389 I/vendor.qti.hardware.servicetracker@1.2-service( 1016): startService() is called for servicecom.google.android.gms/.lockbox.service.LockboxBrokerService
08-03 10:38:47.390 D/AF::TrackHandle( 1060): OpPlayAudio: track:59 usage:3 not muted
08-03 10:38:47.392 I/vendor.qti.hardware.servicetracker@1.2-service( 1016): destroyService is called for service : com.google.android.gms/.nearby.exposurenotification.service.ExposureNotificationInternalService
08-03 10:38:47.393 I/vendor.qti.hardware.servicetracker@1.2-service( 1016): destroyService is called for service : com.google.android.gms/.fitness.service.recording.FitRecordingBroker
08-03 10:38:47.394 I/vendor.qti.hardware.servicetracker@1.2-service( 1016): bindService is called for service : com.google.android.gms/.chimera.GmsBoundBrokerService and for client com.google.android.gms
08-03 10:38:47.394 I/vendor.qti.hardware.servicetracker@1.2-service( 1016): total connections for service : com.google.android.gms/.chimera.GmsBoundBrokerServiceare :4
08-03 10:38:47.394 I/vendor.qti.hardware.servicetracker@1.2-service( 1016): total connections for client : com.google.android.gmsare :7
08-03 10:38:47.400 I/InputReader( 1910): Reconfiguring input devices, changes=KEYBOARD_LAYOUTS | 
08-03 10:38:47.410 I/GmsCoreXrpcWrapper(16000): (REDACTED) Returning a channel provider with trafficStatsTag=%d trafficStatsUid=%d
08-03 10:38:47.416 I/vendor.qti.hardware.servicetracker@1.2-service( 1016): bindService is called for service : com.google.android.gms/.chimera.PersistentApiService and for client com.google.android.gms
08-03 10:38:47.416 I/vendor.qti.hardware.servicetracker@1.2-service( 1016): total connections for service : com.google.android.gms/.chimera.PersistentApiServiceare :2
08-03 10:38:47.416 I/vendor.qti.hardware.servicetracker@1.2-service( 1016): total connections for client : com.google.android.gmsare :8
08-03 10:38:47.424 I/vendor.qti.hardware.servicetracker@1.2-service( 1016): bindService is called for service : com.google.android.gms/.chimera.GmsBoundBrokerService and for client com.google.android.gms.persistent
08-03 10:38:47.424 I/vendor.qti.hardware.servicetracker@1.2-service( 1016): total connections for service : com.google.android.gms/.chimera.GmsBoundBrokerServiceare :5
08-03 10:38:47.424 I/vendor.qti.hardware.servicetracker@1.2-service( 1016): total connections for client : com.google.android.gms.persistentare :7
08-03 10:38:47.427 I/vendor.qti.hardware.servicetracker@1.2-service( 1016): bindService is called for service : com.google.android.gms/.lockbox.service.LockboxBrokerService and for client com.google.android.gms.persistent
08-03 10:38:47.427 I/vendor.qti.hardware.servicetracker@1.2-service( 1016): total connections for service : com.google.android.gms/.lockbox.service.LockboxBrokerServiceare :2
08-03 10:38:47.427 I/vendor.qti.hardware.servicetracker@1.2-service( 1016): total connections for client : com.google.android.gms.persistentare :8
08-03 10:38:47.433 I/vendor.qti.hardware.servicetracker@1.2-service( 1016): bindService is called for service : com.google.android.gms/.icing.service.AppIndexingService and for client com.google.android.gms.persistent
08-03 10:38:47.433 I/vendor.qti.hardware.servicetracker@1.2-service( 1016): total connections for service : com.google.android.gms/.icing.service.AppIndexingServiceare :2
08-03 10:38:47.433 I/vendor.qti.hardware.servicetracker@1.2-service( 1016): total connections for client : com.google.android.gms.persistentare :9
08-03 10:38:47.440 I/vendor.qti.hardware.servicetracker@1.2-service( 1016): bindService is called for service : com.google.android.gms/.icing.service.IndexService and for client com.google.android.gms.persistent
08-03 10:38:47.440 I/vendor.qti.hardware.servicetracker@1.2-service( 1016): total connections for service : com.google.android.gms/.icing.service.IndexServiceare :2
08-03 10:38:47.440 I/vendor.qti.hardware.servicetracker@1.2-service( 1016): total connections for client : com.google.android.gms.persistentare :10
08-03 10:38:47.445 I/Icing   (16000): IndexChimeraService.getServiceInterface callingPackage=com.google.android.gms componentName=null serviceId=30
08-03 10:38:47.452 I/Icing   (16000): Usage reports ok 2, Failed Usage reports 0, indexed 0, rejected 0
08-03 10:38:47.478 I/GmsCoreXrpcWrapper(16000): (REDACTED) Returning a channel provider with trafficStatsTag=%d trafficStatsUid=%d
08-03 10:38:47.484 I/SarService( 2817): Receiver polling >>>> Change receiver mode: off
08-03 10:38:47.486 W/Looper  ( 1910): Slow dispatch took 276ms main h=android.app.ActivityThread$H c=android.app.-$$Lambda$LoadedApk$ReceiverDispatcher$Args$_BumDX2UKsnxLVrE6UJsJZkotuA@de71cbd m=0
08-03 10:38:47.486 W/Looper  ( 1910): Slow delivery took 256ms main h=android.app.ActivityThread$H c=android.app.-$$Lambda$LoadedApk$ReceiverDispatcher$Args$_BumDX2UKsnxLVrE6UJsJZkotuA@d5702b2 m=0
08-03 10:38:47.489 I/Icing   (16000): Usage reports ok 0, Failed Usage reports 0, indexed 0, rejected 0
08-03 10:38:47.489 I/Icing   (16000): Indexing com.google.android.gms-apps from com.google.android.gms
08-03 10:38:47.505 I/Icing   (16000): Indexing done com.google.android.gms-apps
08-03 10:38:47.512 I/vendor.qti.hardware.servicetracker@1.2-service( 1016): destroyService is called for service : com.google.android.gms/.icing.service.IndexWorkerService
08-03 10:38:47.536 W/Looper  ( 1910): Slow delivery took 206ms android.fg h=android.os.Handler c=<recycled PooledLambda@1559699> m=0
08-03 10:38:47.567 I/vendor.qti.hardware.servicetracker@1.2-service( 1016): bindService is called for service : com.google.android.permissioncontroller/com.android.permissioncontroller.permission.service.PermissionControllerServiceImpl and for client system
08-03 10:38:47.567 I/vendor.qti.hardware.servicetracker@1.2-service( 1016): total connections for service : com.google.android.permissioncontroller/com.android.permissioncontroller.permission.service.PermissionControllerServiceImplare :1
08-03 10:38:47.567 I/vendor.qti.hardware.servicetracker@1.2-service( 1016): total connections for client : systemare :22
08-03 10:38:47.567 D/CompatibilityInfo( 1910): mCompatibilityFlags - 0
08-03 10:38:47.567 D/CompatibilityInfo( 1910): applicationDensity - 440
08-03 10:38:47.567 D/CompatibilityInfo( 1910): applicationScale - 1.0
08-03 10:38:47.568 I/vendor.qti.hardware.servicetracker@1.2-service( 1016): startService() is called for servicecom.google.android.permissioncontroller/com.android.permissioncontroller.permission.service.PermissionControllerServiceImpl
08-03 10:38:47.569 W/Looper  ( 1910): Drained
08-03 10:38:47.571 I/MiuiNetworkPolicy( 1910): updateUidState uid = 10093, uidState = 6
08-03 10:38:47.571 I/PermissionControllerServiceImpl(26668): Updating user sensitive for uid 10242
08-03 10:38:47.583 D/Launcher.Model( 2862): LauncherAppsCallback onPackageChanged|com.trax.retailexecution|UserHandle{0}
08-03 10:38:47.583 I/Telecom ( 1910): DefaultDialerCache: Refreshing default dialer for user 0: now com.google.android.dialer: DDC.oR@Cmw
08-03 10:38:47.584 D/Launcher.Model( 2862): Got broadcast:Intent { act=android.intent.action.PACKAGE_CHANGED dat=package:com.trax.retailexecution (has extras) }
08-03 10:38:47.587 D/ReflectUtils( 2862): getFieldValue
08-03 10:38:47.587 D/ReflectUtils( 2862): java.lang.IllegalAccessException: Class java.lang.Class<com.miui.launcher.utils.ReflectUtils> cannot access private  field android.content.pm.ActivityInfo android.content.pm.LauncherActivityInfo.mActivityInfo of class java.lang.Class<android.content.pm.LauncherActivityInfo>
08-03 10:38:47.587 D/ReflectUtils( 2862): 	at java.lang.reflect.Field.get(Native Method)
08-03 10:38:47.587 D/ReflectUtils( 2862): 	at com.miui.launcher.utils.ReflectUtils.getFieldValue(ReflectUtils.java:134)
08-03 10:38:47.587 D/ReflectUtils( 2862): 	at com.miui.home.library.compat.LauncherActivityInfoCompat.getActivityInfo(LauncherActivityInfoCompat.java:13)
08-03 10:38:47.587 D/ReflectUtils( 2862): 	at com.miui.home.library.compat.LauncherActivityInfoCompat.getIconResource(LauncherActivityInfoCompat.java:18)
08-03 10:38:47.587 D/ReflectUtils( 2862): 	at com.miui.home.launcher.IconProvider.getActivityIcon(IconProvider.java:55)
08-03 10:38:47.587 D/ReflectUtils( 2862): 	at com.miui.home.launcher.IconCache.addIconToMemCache(IconCache.java:132)
08-03 10:38:47.587 D/ReflectUtils( 2862): 	at com.miui.home.launcher.IconCache.updateIconsForPkg(IconCache.java:113)
08-03 10:38:47.587 D/ReflectUtils( 2862): 	at com.miui.home.launcher.LauncherModel.onReceiveBackground(LauncherModel.java:964)
08-03 10:38:47.587 D/ReflectUtils( 2862): 	at com.miui.home.launcher.LauncherModel$LauncherAppsCallback$1.run(LauncherModel.java:322)
08-03 10:38:47.587 D/ReflectUtils( 2862): 	at com.miui.home.launcher.LauncherModel$8.run(LauncherModel.java:882)
08-03 10:38:47.587 D/ReflectUtils( 2862): 	at android.os.Handler.handleCallback(Handler.java:938)
08-03 10:38:47.587 D/ReflectUtils( 2862): 	at android.os.Handler.dispatchMessage(Handler.java:99)
08-03 10:38:47.587 D/ReflectUtils( 2862): 	at android.os.Looper.loop(Looper.java:236)
08-03 10:38:47.587 D/ReflectUtils( 2862): 	at android.os.HandlerThread.run(HandlerThread.java:67)
08-03 10:38:47.589 D/ReflectUtils( 2862): getFieldValue
08-03 10:38:47.589 D/ReflectUtils( 2862): java.lang.IllegalAccessException: Class java.lang.Class<com.miui.launcher.utils.ReflectUtils> cannot access private  field android.content.pm.ActivityInfo android.content.pm.LauncherActivityInfo.mActivityInfo of class java.lang.Class<android.content.pm.LauncherActivityInfo>
08-03 10:38:47.589 D/ReflectUtils( 2862): 	at java.lang.reflect.Field.get(Native Method)
08-03 10:38:47.589 D/ReflectUtils( 2862): 	at com.miui.launcher.utils.ReflectUtils.getFieldValue(ReflectUtils.java:134)
08-03 10:38:47.589 D/ReflectUtils( 2862): 	at com.miui.home.library.compat.LauncherActivityInfoCompat.getActivityInfo(LauncherActivityInfoCompat.java:13)
08-03 10:38:47.589 D/ReflectUtils( 2862): 	at com.miui.home.library.compat.LauncherActivityInfoCompat.getIconResource(LauncherActivityInfoCompat.java:18)
08-03 10:38:47.589 D/ReflectUtils( 2862): 	at com.miui.home.launcher.IconProvider.getActivityIcon(IconProvider.java:60)
08-03 10:38:47.589 D/ReflectUtils( 2862): 	at com.miui.home.launcher.IconCache.addIconToMemCache(IconCache.java:132)
08-03 10:38:47.589 D/ReflectUtils( 2862): 	at com.miui.home.launcher.IconCache.updateIconsForPkg(IconCache.java:113)
08-03 10:38:47.589 D/ReflectUtils( 2862): 	at com.miui.home.launcher.LauncherModel.onReceiveBackground(LauncherModel.java:964)
08-03 10:38:47.589 D/ReflectUtils( 2862): 	at com.miui.home.launcher.LauncherModel$LauncherAppsCallback$1.run(LauncherModel.java:322)
08-03 10:38:47.589 D/ReflectUtils( 2862): 	at com.miui.home.launcher.LauncherModel$8.run(LauncherModel.java:882)
08-03 10:38:47.589 D/ReflectUtils( 2862): 	at android.os.Handler.handleCallback(Handler.java:938)
08-03 10:38:47.589 D/ReflectUtils( 2862): 	at android.os.Handler.dispatchMessage(Handler.java:99)
08-03 10:38:47.589 D/ReflectUtils( 2862): 	at android.os.Looper.loop(Looper.java:236)
08-03 10:38:47.589 D/ReflectUtils( 2862): 	at android.os.HandlerThread.run(HandlerThread.java:67)
08-03 10:38:47.599 D/IconCustomizer( 2862): Content Ratio = 0.90909094
08-03 10:38:47.599 D/IconCustomizer( 2862): Generate customized icon for com.trax.retailexecution.png
08-03 10:38:47.605 I/ThemeRuntimeManager( 2862): add pending job com.trax.retailexecution.png
08-03 10:38:47.605 I/ThemeRuntimeManager( 2862): saving icon for com.trax.retailexecution.png
08-03 10:38:47.606 D/Launcher.AllAppsList( 2862): updatePackage, packageName=com.trax.retailexecution, loadMissing=false, user=UserHandle{0}, matchedSize=1
08-03 10:38:47.606 D/Launcher.AllAppsList( 2862): updatePackage, find appInfo=AppInfo, id=-1, itemType=0, user=UserHandle{0}, mIconType=0, pkgName=com.trax.retailexecution, className=com.trax.retailexecution.ui.activity.SplashActivity, screenId=-1, container=-1, cellX=-1, cellY=-1, spanX=1, spanY=1, isLandscapePos=false from ComponentInfo{com.trax.retailexecution/com.trax.retailexecution.ui.activity.SplashActivity}
08-03 10:38:47.607 D/Launcher.Model( 2862): onReceiveBackground, mAllAppsList=add=[], remove=[], modified=[(0, AppInfo, id=-1, itemType=0, user=UserHandle{0}, mIconType=0, pkgName=com.trax.retailexecution, className=com.trax.retailexecution.ui.activity.SplashActivity, screenId=-1, container=-1, cellX=-1, cellY=-1, spanX=1, spanY=1, isLandscapePos=false)]
08-03 10:38:47.612 E/com_miui_internal_os_Native-JNI( 1910): chown /data/system/theme_magic/customized_icons/com.trax.retailexecution.png failed: Operation not permitted
08-03 10:38:47.612 W/ThemePermissionUtils( 1910): Failed to updateFilePermissionWithThemeContext /data/system/theme_magic/customized_icons/com.trax.retailexecution.png
08-03 10:38:47.684 I/SarService( 2817): Receiver polling >>>> Change receiver mode: off
08-03 10:38:47.972 W/Looper  ( 1910): Drained
08-03 10:38:47.979 W/AlarmManager( 1910): Alarms must either supply a PendingIntent or an AlarmReceiver
08-03 10:38:48.085 I/chatty  ( 2817): uid=1001(radio) Thread-9 identical 2 lines
08-03 10:38:48.285 I/SarService( 2817): Receiver polling >>>> Change receiver mode: off
08-03 10:38:48.423 D/NetworkController.MobileSignalController(2)( 2469): onSignalStrengthsChanged signalStrength=SignalStrength:{mCdma=CellSignalStrengthCdma: cdmaDbm=2147483647 cdmaEcio=2147483647 evdoDbm=2147483647 evdoEcio=2147483647 evdoSnr=2147483647 miuiLevel=0 level=0,mGsm=CellSignalStrengthGsm: rssi=2147483647 ber=2147483647 mTa=2147483647 miuiLevel=0 mLevel=0,mWcdma=CellSignalStrengthWcdma: ss=2147483647 ber=2147483647 rscp=2147483647 ecno=2147483647 miuiLevel=0 level=0,mTdscdma=CellSignalStrengthTdscdma: rssi=2147483647 ber=2147483647 rscp=2147483647 miuiLevel=0 level=0,mLte=CellSignalStrengthLte: rssi=-65 rsrp=-93 rsrq=-11 rssnr=9 cqi=2147483647 ta=2147483647 miuiLevel=5 level=4 parametersUseForLevel=0,mNr=CellSignalStrengthNr:{ csiRsrp = 2147483647 csiRsrq = 2147483647 csiSinr = 2147483647 ssRsrp = 2147483647 ssRsrq = 2147483647 ssSinr = 2147483647 miuiLevel = 0 level = 0 parametersUseForLevel = 0 },primary=CellSignalStrengthLte} level=4
08-03 10:38:48.423 D/NetworkController.MobileSignalController(2)( 2469): updateTelephonySignalStrength: hasService=true ss=SignalStrength:{mCdma=CellSignalStrengthCdma: cdmaDbm=2147483647 cdmaEcio=2147483647 evdoDbm=2147483647 evdoEcio=2147483647 evdoSnr=2147483647 miuiLevel=0 level=0,mGsm=CellSignalStrengthGsm: rssi=2147483647 ber=2147483647 mTa=2147483647 miuiLevel=0 mLevel=0,mWcdma=CellSignalStrengthWcdma: ss=2147483647 ber=2147483647 rscp=2147483647 ecno=2147483647 miuiLevel=0 level=0,mTdscdma=CellSignalStrengthTdscdma: rssi=2147483647 ber=2147483647 rscp=2147483647 miuiLevel=0 level=0,mLte=CellSignalStrengthLte: rssi=-65 rsrp=-93 rsrq=-11 rssnr=9 cqi=2147483647 ta=2147483647 miuiLevel=5 level=4 parametersUseForLevel=0,mNr=CellSignalStrengthNr:{ csiRsrp = 2147483647 csiRsrq = 2147483647 csiSinr = 2147483647 ssRsrp = 2147483647 ssRsrq = 2147483647 ssSinr = 2147483647 miuiLevel = 0 level = 0 parametersUseForLevel = 0 },primary=CellSignalStrengthLte} displayInfo=TelephonyDisplayInfo {network=LTE, override=NONE}
08-03 10:38:48.423 D/NetworkController.MobileSignalController(2)( 2469): NotQcom5G, signal level = 5
08-03 10:38:48.429 D/NetworkController.MobileSignalController(2)( 2469): notifyListeners mConfig.alwaysShowNetworkTypeIcon=false  getNetworkType:13/LTE voiceNetType=13/LTE showDataIcon=false mConfig.alwaysShowDataRatIcon=false icons.mDataType=2131232362 mConfig.showVolteIcon=false isVolteSwitchOn=false volteIcon=0 mConfig.showVowifiIcon=false
08-03 10:38:48.485 I/SarService( 2817): Receiver polling >>>> Change receiver mode: off
08-03 10:38:48.546 W/LocSvc_ApiV02(  982): reportSv:3517] At least one RF_LOSS is 0 in gps.conf, please configure it
08-03 10:38:48.686 I/SarService( 2817): Receiver polling >>>> Change receiver mode: off
08-03 10:38:48.710 D/MiuiNetworkPolicy( 1910): updateLimit mLimitEnabled=false,enabled=true,mNetworkPriorityMode=255
08-03 10:38:48.886 I/SarService( 2817): Receiver polling >>>> Change receiver mode: off
08-03 10:38:49.086 I/SarService( 2817): Receiver polling >>>> Change receiver mode: off
08-03 10:38:49.168 D/PowerCheckerService( 6726): onBatteryChanged, mBatteryLevel = 89, status = 2, level = 89, plug = 1, scale = 100
08-03 10:38:49.169 I/BatteryInfoReceiver(17755): ACTION_BATTERY_CHANGED
08-03 10:38:49.171 D/KeyguardUpdateMonitor( 2469): received broadcast android.intent.action.BATTERY_CHANGED
08-03 10:38:49.171 D/BatteryController( 2469): onReceive: Intent = Intent { act=android.intent.action.BATTERY_CHANGED flg=0x60000010 (has extras) } action = android.intent.action.BATTERY_CHANGED
08-03 10:38:49.171 I/PowerNoticeUI(17755): handleBatteryChanged oldPlugType 1 mPlugType 1 oldBatteryLevel 89 mBatteryLevel 89 temperature 367
08-03 10:38:49.174 D/DeviceStatisticsService( 2755): chargerType=1 batteryLevel=89 totalBatteryCapacity=4962900
08-03 10:38:49.174 D/DeviceInfoHidlClient( 2755): isPowerInfoNeverSent()=true
08-03 10:38:49.286 I/SarService( 2817): Receiver polling >>>> Change receiver mode: off
08-03 10:38:49.331 D/SlaveWifiManager( 1910): getWifiSlaveConnectionInfo
08-03 10:38:49.350 I/chatty  ( 1910): uid=1000(system) ConnectivitySer identical 91 lines
08-03 10:38:49.350 D/SlaveWifiManager( 1910): getWifiSlaveConnectionInfo
08-03 10:38:49.487 I/SarService( 2817): Receiver polling >>>> Change receiver mode: off
08-03 10:38:49.545 W/LocSvc_ApiV02(  982): reportSv:3517] At least one RF_LOSS is 0 in gps.conf, please configure it
08-03 10:38:49.553 D/GnssLocationProviderInjector( 1910): gps now on 5
08-03 10:38:49.559 D/NotificationFilterController( 2469): filter group summary suppressed key=0|com.microsoft.office.outlook|1|notifGroup:AQADAACAAgAAADFkYW5pZWwuem9tbWVyQGhvdG1haWwuY29tX0FjdGl2ZVN5bmNNaWNyb3NvZnRfSHhT|10257
08-03 10:38:49.687 I/SarService( 2817): Receiver polling >>>> Change receiver mode: off
08-03 10:38:49.887 I/SarService( 2817): Receiver polling >>>> Change receiver mode: off
08-03 10:38:49.896 I/MiuiNetworkPolicy( 1910): updateUidState uid = 10191, uidState = 3
08-03 10:38:50.087 I/SarService( 2817): Receiver polling >>>> Change receiver mode: off
08-03 10:38:51.088 I/chatty  ( 2817): uid=1001(radio) Thread-9 identical 5 lines
08-03 10:38:51.289 I/SarService( 2817): Receiver polling >>>> Change receiver mode: off
08-03 10:38:51.452 I/WifiHAL (  998): send gennl msg of len : 148 to apps
08-03 10:38:51.452 I/WifiHAL (  998): send gennl msg of len : 148 to apps
08-03 10:38:51.453 I/LOWI-9.0.0.56( 1526): [LOWI-Scan] lowi_close_record:Scan done in 73107305ms, 16 APs in scan results
08-03 10:38:51.453 I/LOWI-9.0.0.56( 1526): [LOWI-ROME-RTT] event_handler: invalid data
08-03 10:38:51.489 I/SarService( 2817): Receiver polling >>>> Change receiver mode: off
08-03 10:38:52.089 I/chatty  ( 2817): uid=1001(radio) Thread-9 identical 3 lines
08-03 10:38:52.290 I/SarService( 2817): Receiver polling >>>> Change receiver mode: off
08-03 10:38:52.339 D/SlaveWifiManager( 1910): getWifiSlaveConnectionInfo
08-03 10:38:52.356 I/chatty  ( 1910): uid=1000(system) ConnectivitySer identical 91 lines
08-03 10:38:52.356 D/SlaveWifiManager( 1910): getWifiSlaveConnectionInfo
08-03 10:38:52.490 I/SarService( 2817): Receiver polling >>>> Change receiver mode: off
08-03 10:38:52.690 I/chatty  ( 2817): uid=1001(radio) Thread-9 identical 1 line
08-03 10:38:52.890 I/SarService( 2817): Receiver polling >>>> Change receiver mode: off
08-03 10:38:52.904 D/NetworkController.MobileSignalController(2)( 2469): onSignalStrengthsChanged signalStrength=SignalStrength:{mCdma=CellSignalStrengthCdma: cdmaDbm=2147483647 cdmaEcio=2147483647 evdoDbm=2147483647 evdoEcio=2147483647 evdoSnr=2147483647 miuiLevel=0 level=0,mGsm=CellSignalStrengthGsm: rssi=2147483647 ber=2147483647 mTa=2147483647 miuiLevel=0 mLevel=0,mWcdma=CellSignalStrengthWcdma: ss=2147483647 ber=2147483647 rscp=2147483647 ecno=2147483647 miuiLevel=0 level=0,mTdscdma=CellSignalStrengthTdscdma: rssi=2147483647 ber=2147483647 rscp=2147483647 miuiLevel=0 level=0,mLte=CellSignalStrengthLte: rssi=-65 rsrp=-94 rsrq=-12 rssnr=5 cqi=2147483647 ta=2147483647 miuiLevel=5 level=4 parametersUseForLevel=0,mNr=CellSignalStrengthNr:{ csiRsrp = 2147483647 csiRsrq = 2147483647 csiSinr = 2147483647 ssRsrp = 2147483647 ssRsrq = 2147483647 ssSinr = 2147483647 miuiLevel = 0 level = 0 parametersUseForLevel = 0 },primary=CellSignalStrengthLte} level=4
08-03 10:38:52.904 D/NetworkController.MobileSignalController(2)( 2469): updateTelephonySignalStrength: hasService=true ss=SignalStrength:{mCdma=CellSignalStrengthCdma: cdmaDbm=2147483647 cdmaEcio=2147483647 evdoDbm=2147483647 evdoEcio=2147483647 evdoSnr=2147483647 miuiLevel=0 level=0,mGsm=CellSignalStrengthGsm: rssi=2147483647 ber=2147483647 mTa=2147483647 miuiLevel=0 mLevel=0,mWcdma=CellSignalStrengthWcdma: ss=2147483647 ber=2147483647 rscp=2147483647 ecno=2147483647 miuiLevel=0 level=0,mTdscdma=CellSignalStrengthTdscdma: rssi=2147483647 ber=2147483647 rscp=2147483647 miuiLevel=0 level=0,mLte=CellSignalStrengthLte: rssi=-65 rsrp=-94 rsrq=-12 rssnr=5 cqi=2147483647 ta=2147483647 miuiLevel=5 level=4 parametersUseForLevel=0,mNr=CellSignalStrengthNr:{ csiRsrp = 2147483647 csiRsrq = 2147483647 csiSinr = 2147483647 ssRsrp = 2147483647 ssRsrq = 2147483647 ssSinr = 2147483647 miuiLevel = 0 level = 0 parametersUseForLevel = 0 },primary=CellSignalStrengthLte} displayInfo=TelephonyDisplayInfo {network=LTE, override=NONE}
08-03 10:38:52.904 D/NetworkController.MobileSignalController(2)( 2469): NotQcom5G, signal level = 5
08-03 10:38:53.006 W/AlarmManager( 1910): Alarms must either supply a PendingIntent or an AlarmReceiver
08-03 10:38:53.091 I/SarService( 2817): Receiver polling >>>> Change receiver mode: off
08-03 10:38:53.291 I/SarService( 2817): Receiver polling >>>> Change receiver mode: off
08-03 10:38:53.320 I/vendor.qti.hardware.servicetracker@1.2-service( 1016): unbindService is called for service : com.google.android.gms/.chimera.PersistentDirectBootAwareApiService and for client com.google.android.gms.persistent
08-03 10:38:53.464 W/Choreographer(13297): Frame time is 0.086684 ms in the future!  Check that graphics HAL is generating vsync timestamps using the correct timebase.
08-03 10:38:53.491 I/SarService( 2817): Receiver polling >>>> Change receiver mode: off
08-03 10:38:53.891 I/chatty  ( 2817): uid=1001(radio) Thread-9 identical 2 lines
08-03 10:38:54.092 I/SarService( 2817): Receiver polling >>>> Change receiver mode: off
08-03 10:38:54.292 I/vendor.qti.hardware.servicetracker@1.2-service( 1016): destroyService is called for service : com.google.android.gms/.chimera.PersistentIntentOperationService
08-03 10:38:54.292 I/SarService( 2817): Receiver polling >>>> Change receiver mode: off
08-03 10:38:54.357 I/vendor.qti.hardware.servicetracker@1.2-service( 1016): destroyService is called for service : com.google.android.gms/.chimera.GmsIntentOperationService
08-03 10:38:54.492 I/SarService( 2817): Receiver polling >>>> Change receiver mode: off
08-03 10:38:54.617 W/Choreographer(13297): Frame time is 0.101108 ms in the future!  Check that graphics HAL is generating vsync timestamps using the correct timebase.
08-03 10:38:54.692 I/SarService( 2817): Receiver polling >>>> Change receiver mode: off
08-03 10:38:54.749 I/LOWI-9.0.0.56( 1526): [LOWI-Scan] lowi_close_record:Scan done in 73110601ms, 19 APs in scan results
08-03 10:38:54.750 D/WifiNl80211Manager( 1910): Scan result ready event
08-03 10:38:54.750 D/WifiNative( 1910): Scan result ready event
08-03 10:38:54.756 D/WificondScannerImpl( 1910): Filtering out 4 scan results.
08-03 10:38:54.776 I/MiuiNetworkPolicy( 1910): updateUidState uid = 10191, uidState = 3
08-03 10:38:54.892 I/SarService( 2817): Receiver polling >>>> Change receiver mode: off
08-03 10:38:57.096 I/chatty  ( 2817): uid=1001(radio) Thread-9 identical 11 lines
08-03 10:38:57.296 I/SarService( 2817): Receiver polling >>>> Change receiver mode: off
08-03 10:38:57.385 D/NetworkController.MobileSignalController(2)( 2469): onSignalStrengthsChanged signalStrength=SignalStrength:{mCdma=CellSignalStrengthCdma: cdmaDbm=2147483647 cdmaEcio=2147483647 evdoDbm=2147483647 evdoEcio=2147483647 evdoSnr=2147483647 miuiLevel=0 level=0,mGsm=CellSignalStrengthGsm: rssi=2147483647 ber=2147483647 mTa=2147483647 miuiLevel=0 mLevel=0,mWcdma=CellSignalStrengthWcdma: ss=2147483647 ber=2147483647 rscp=2147483647 ecno=2147483647 miuiLevel=0 level=0,mTdscdma=CellSignalStrengthTdscdma: rssi=2147483647 ber=2147483647 rscp=2147483647 miuiLevel=0 level=0,mLte=CellSignalStrengthLte: rssi=-65 rsrp=-95 rsrq=-12 rssnr=11 cqi=2147483647 ta=2147483647 miuiLevel=5 level=4 parametersUseForLevel=0,mNr=CellSignalStrengthNr:{ csiRsrp = 2147483647 csiRsrq = 2147483647 csiSinr = 2147483647 ssRsrp = 2147483647 ssRsrq = 2147483647 ssSinr = 2147483647 miuiLevel = 0 level = 0 parametersUseForLevel = 0 },primary=CellSignalStrengthLte} level=4
08-03 10:38:57.386 D/NetworkController.MobileSignalController(2)( 2469): updateTelephonySignalStrength: hasService=true ss=SignalStrength:{mCdma=CellSignalStrengthCdma: cdmaDbm=2147483647 cdmaEcio=2147483647 evdoDbm=2147483647 evdoEcio=2147483647 evdoSnr=2147483647 miuiLevel=0 level=0,mGsm=CellSignalStrengthGsm: rssi=2147483647 ber=2147483647 mTa=2147483647 miuiLevel=0 mLevel=0,mWcdma=CellSignalStrengthWcdma: ss=2147483647 ber=2147483647 rscp=2147483647 ecno=2147483647 miuiLevel=0 level=0,mTdscdma=CellSignalStrengthTdscdma: rssi=2147483647 ber=2147483647 rscp=2147483647 miuiLevel=0 level=0,mLte=CellSignalStrengthLte: rssi=-65 rsrp=-95 rsrq=-12 rssnr=11 cqi=2147483647 ta=2147483647 miuiLevel=5 level=4 parametersUseForLevel=0,mNr=CellSignalStrengthNr:{ csiRsrp = 2147483647 csiRsrq = 2147483647 csiSinr = 2147483647 ssRsrp = 2147483647 ssRsrq = 2147483647 ssSinr = 2147483647 miuiLevel = 0 level = 0 parametersUseForLevel = 0 },primary=CellSignalStrengthLte} displayInfo=TelephonyDisplayInfo {network=LTE, override=NONE}
08-03 10:38:57.386 D/NetworkController.MobileSignalController(2)( 2469): NotQcom5G, signal level = 5
08-03 10:38:57.496 I/SarService( 2817): Receiver polling >>>> Change receiver mode: off
08-03 10:38:57.583 I/vendor.qti.hardware.servicetracker@1.2-service( 1016): unbindService is called for service : com.google.android.permissioncontroller/com.android.permissioncontroller.permission.service.PermissionControllerServiceImpl and for client system
08-03 10:38:57.583 I/vendor.qti.hardware.servicetracker@1.2-service( 1016): size of service connections for service: com.google.android.permissioncontroller/com.android.permissioncontroller.permission.service.PermissionControllerServiceImplafter removal is 0
08-03 10:38:57.583 I/vendor.qti.hardware.servicetracker@1.2-service( 1016): size of client connections for client: systemafter removal is 21
08-03 10:38:57.585 I/vendor.qti.hardware.servicetracker@1.2-service( 1016): destroyService is called for service : com.google.android.permissioncontroller/com.android.permissioncontroller.permission.service.PermissionControllerServiceImpl
08-03 10:38:57.586 I/MiuiNetworkPolicy( 1910): updateUidState uid = 10093, uidState = 10
08-03 10:38:57.589 I/MiuiNetworkPolicy( 1910): updateUidState uid = 10093, uidState = 19
08-03 10:38:57.696 I/SarService( 2817): Receiver polling >>>> Change receiver mode: off
08-03 10:38:57.897 I/SarService( 2817): Receiver polling >>>> Change receiver mode: off
08-03 10:38:57.996 D/NotificationFilterController( 2469): filter group summary suppressed key=0|com.microsoft.office.outlook|1|notifGroup:AQADAACAAgAAADFkYW5pZWwuem9tbWVyQGhvdG1haWwuY29tX0FjdGl2ZVN5bmNNaWNyb3NvZnRfSHhT|10257
08-03 10:38:58.097 I/SarService( 2817): Receiver polling >>>> Change receiver mode: off
08-03 10:38:58.298 I/SarService( 2817): Receiver polling >>>> Change receiver mode: off
08-03 10:38:58.369 D/SlaveWifiManager( 1910): getWifiSlaveConnectionInfo
08-03 10:38:58.387 I/chatty  ( 1910): uid=1000(system) ConnectivitySer identical 91 lines
08-03 10:38:58.387 D/SlaveWifiManager( 1910): getWifiSlaveConnectionInfo
08-03 10:38:58.498 I/SarService( 2817): Receiver polling >>>> Change receiver mode: off
08-03 10:38:58.545 W/LocSvc_ApiV02(  982): reportSv:3517] At least one RF_LOSS is 0 in gps.conf, please configure it
08-03 10:38:58.557 D/GnssLocationProviderInjector( 1910): gps now on 5
08-03 10:38:58.698 I/SarService( 2817): Receiver polling >>>> Change receiver mode: off
08-03 10:38:59.700 I/chatty  ( 2817): uid=1001(radio) Thread-9 identical 5 lines
08-03 10:38:59.900 I/SarService( 2817): Receiver polling >>>> Change receiver mode: off
08-03 10:39:00.003 D/KeyguardUpdateMonitor( 2469): received broadcast android.intent.action.TIME_TICK
08-03 10:39:00.017 D/KeyguardUpdateMonitor( 2469): handleTimeUpdate
08-03 10:39:00.101 I/SarService( 2817): Receiver polling >>>> Change receiver mode: off
08-03 10:39:01.103 I/chatty  ( 2817): uid=1001(radio) Thread-9 identical 5 lines
08-03 10:39:01.304 I/SarService( 2817): Receiver polling >>>> Change receiver mode: off
08-03 10:39:01.397 D/SlaveWifiManager( 1910): getWifiSlaveConnectionInfo
08-03 10:39:01.417 I/chatty  ( 1910): uid=1000(system) ConnectivitySer identical 91 lines
08-03 10:39:01.417 D/SlaveWifiManager( 1910): getWifiSlaveConnectionInfo
08-03 10:39:01.504 I/SarService( 2817): Receiver polling >>>> Change receiver mode: off
08-03 10:39:01.705 I/SarService( 2817): Receiver polling >>>> Change receiver mode: off
08-03 10:39:01.863 D/NetworkController.MobileSignalController(2)( 2469): onSignalStrengthsChanged signalStrength=SignalStrength:{mCdma=CellSignalStrengthCdma: cdmaDbm=2147483647 cdmaEcio=2147483647 evdoDbm=2147483647 evdoEcio=2147483647 evdoSnr=2147483647 miuiLevel=0 level=0,mGsm=CellSignalStrengthGsm: rssi=2147483647 ber=2147483647 mTa=2147483647 miuiLevel=0 mLevel=0,mWcdma=CellSignalStrengthWcdma: ss=2147483647 ber=2147483647 rscp=2147483647 ecno=2147483647 miuiLevel=0 level=0,mTdscdma=CellSignalStrengthTdscdma: rssi=2147483647 ber=2147483647 rscp=2147483647 miuiLevel=0 level=0,mLte=CellSignalStrengthLte: rssi=-65 rsrp=-96 rsrq=-13 rssnr=5 cqi=2147483647 ta=2147483647 miuiLevel=5 level=4 parametersUseForLevel=0,mNr=CellSignalStrengthNr:{ csiRsrp = 2147483647 csiRsrq = 2147483647 csiSinr = 2147483647 ssRsrp = 2147483647 ssRsrq = 2147483647 ssSinr = 2147483647 miuiLevel = 0 level = 0 parametersUseForLevel = 0 },primary=CellSignalStrengthLte} level=4
08-03 10:39:01.863 D/NetworkController.MobileSignalController(2)( 2469): updateTelephonySignalStrength: hasService=true ss=SignalStrength:{mCdma=CellSignalStrengthCdma: cdmaDbm=2147483647 cdmaEcio=2147483647 evdoDbm=2147483647 evdoEcio=2147483647 evdoSnr=2147483647 miuiLevel=0 level=0,mGsm=CellSignalStrengthGsm: rssi=2147483647 ber=2147483647 mTa=2147483647 miuiLevel=0 mLevel=0,mWcdma=CellSignalStrengthWcdma: ss=2147483647 ber=2147483647 rscp=2147483647 ecno=2147483647 miuiLevel=0 level=0,mTdscdma=CellSignalStrengthTdscdma: rssi=2147483647 ber=2147483647 rscp=2147483647 miuiLevel=0 level=0,mLte=CellSignalStrengthLte: rssi=-65 rsrp=-96 rsrq=-13 rssnr=5 cqi=2147483647 ta=2147483647 miuiLevel=5 level=4 parametersUseForLevel=0,mNr=CellSignalStrengthNr:{ csiRsrp = 2147483647 csiRsrq = 2147483647 csiSinr = 2147483647 ssRsrp = 2147483647 ssRsrq = 2147483647 ssSinr = 2147483647 miuiLevel = 0 level = 0 parametersUseForLevel = 0 },primary=CellSignalStrengthLte} displayInfo=TelephonyDisplayInfo {network=LTE, override=NONE}
08-03 10:39:01.863 D/NetworkController.MobileSignalController(2)( 2469): NotQcom5G, signal level = 5
08-03 10:39:01.905 I/SarService( 2817): Receiver polling >>>> Change receiver mode: off
08-03 10:39:02.105 I/SarService( 2817): Receiver polling >>>> Change receiver mode: off
08-03 10:39:02.169 W/Choreographer(13297): Frame time is 0.173824 ms in the future!  Check that graphics HAL is generating vsync timestamps using the correct timebase.
08-03 10:39:02.305 I/SarService( 2817): Receiver polling >>>> Change receiver mode: off
08-03 10:39:02.403 I/vendor.qti.hardware.servicetracker@1.2-service( 1016): unbindService is called for service : com.google.android.gms/.chimera.PersistentDirectBootAwareApiService and for client com.google.android.gms
08-03 10:39:02.406 I/vendor.qti.hardware.servicetracker@1.2-service( 1016): unbindService is called for service : com.google.android.gms/.chimera.PersistentDirectBootAwareApiService and for client com.google.android.gms.persistent
08-03 10:39:02.409 I/vendor.qti.hardware.servicetracker@1.2-service( 1016): unbindService is called for service : com.google.android.gms/.icing.service.IndexService and for client com.google.android.gms
08-03 10:39:02.409 I/vendor.qti.hardware.servicetracker@1.2-service( 1016): size of service connections for service: com.google.android.gms/.icing.service.IndexServiceafter removal is 1
08-03 10:39:02.409 I/vendor.qti.hardware.servicetracker@1.2-service( 1016): size of client connections for client: com.google.android.gmsafter removal is 7
08-03 10:39:02.411 I/vendor.qti.hardware.servicetracker@1.2-service( 1016): unbindService is called for service : com.google.android.gms/.icing.service.AppIndexingService and for client com.google.android.gms
08-03 10:39:02.411 I/vendor.qti.hardware.servicetracker@1.2-service( 1016): size of service connections for service: com.google.android.gms/.icing.service.AppIndexingServiceafter removal is 1
08-03 10:39:02.411 I/vendor.qti.hardware.servicetracker@1.2-service( 1016): size of client connections for client: com.google.android.gmsafter removal is 6
08-03 10:39:02.413 I/vendor.qti.hardware.servicetracker@1.2-service( 1016): unbindService is called for service : com.google.android.gms/.chimera.GmsBoundBrokerService and for client com.google.android.gms
08-03 10:39:02.448 I/vendor.qti.hardware.servicetracker@1.2-service( 1016): unbindService is called for service : com.google.android.gms/.chimera.GmsBoundBrokerService and for client com.google.android.gms.persistent
08-03 10:39:02.448 I/vendor.qti.hardware.servicetracker@1.2-service( 1016): size of service connections for service: com.google.android.gms/.chimera.GmsBoundBrokerServiceafter removal is 4
08-03 10:39:02.448 I/vendor.qti.hardware.servicetracker@1.2-service( 1016): size of client connections for client: com.google.android.gms.persistentafter removal is 9
08-03 10:39:02.450 I/vendor.qti.hardware.servicetracker@1.2-service( 1016): unbindService is called for service : com.google.android.gms/.lockbox.service.LockboxBrokerService and for client com.google.android.gms.persistent
08-03 10:39:02.450 I/vendor.qti.hardware.servicetracker@1.2-service( 1016): size of service connections for service: com.google.android.gms/.lockbox.service.LockboxBrokerServiceafter removal is 1
08-03 10:39:02.450 I/vendor.qti.hardware.servicetracker@1.2-service( 1016): size of client connections for client: com.google.android.gms.persistentafter removal is 8
08-03 10:39:02.452 I/vendor.qti.hardware.servicetracker@1.2-service( 1016): unbindService is called for service : com.google.android.gms/.icing.service.AppIndexingService and for client com.google.android.gms.persistent
08-03 10:39:02.452 I/vendor.qti.hardware.servicetracker@1.2-service( 1016): size of service connections for service: com.google.android.gms/.icing.service.AppIndexingServiceafter removal is 0
08-03 10:39:02.452 I/vendor.qti.hardware.servicetracker@1.2-service( 1016): size of client connections for client: com.google.android.gms.persistentafter removal is 7
08-03 10:39:02.456 I/vendor.qti.hardware.servicetracker@1.2-service( 1016): destroyService is called for service : com.google.android.gms/.icing.service.AppIndexingService
08-03 10:39:02.459 I/vendor.qti.hardware.servicetracker@1.2-service( 1016): unbindService is called for service : com.google.android.gms/.icing.service.IndexService and for client com.google.android.gms.persistent
08-03 10:39:02.459 I/vendor.qti.hardware.servicetracker@1.2-service( 1016): size of service connections for service: com.google.android.gms/.icing.service.IndexServiceafter removal is 0
08-03 10:39:02.459 I/vendor.qti.hardware.servicetracker@1.2-service( 1016): size of client connections for client: com.google.android.gms.persistentafter removal is 6
