08-03 10:38:10.156 W/Choreographer(13297): Frame time is 0.142664 ms in the future!  Check that graphics HAL is generating vsync timestamps using the correct timebase.
08-03 10:38:10.224 I/SarService( 2817): Receiver polling >>>> Change receiver mode: off
08-03 10:38:10.424 I/SarService( 2817): Receiver polling >>>> Change receiver mode: off
08-03 10:38:10.560 I/WifiHAL (  998): send oem msg of len : 140 to apps
08-03 10:38:10.564 I/cnss-daemon( 1454): nl80211 response handler invoked
08-03 10:38:10.564 I/cnss-daemon( 1454): nl80211_response_handler: cmd 103, vendorID 4980, subcmd 51  received
08-03 10:38:10.564 I/cnss-daemon( 1454): nl80211 response handler invoked
08-03 10:38:10.564 I/cnss-daemon( 1454): nl80211_response_handler: cmd 103, vendorID 4980, subcmd 165  received
08-03 10:38:10.564 I/cnss-daemon( 1454): nl80211 response handler invoked
08-03 10:38:10.564 I/cnss-daemon( 1454): nl80211_response_handler: cmd 103, vendorID 4980, subcmd 165  received
08-03 10:38:10.565 D/IpClient/wlan0( 2544): interfaceLinkStateChanged: wlan0 up
08-03 10:38:10.565 I/chatty  ( 1910): uid=1000(system) android.fg expire 3 lines
08-03 10:38:10.566 I/WifiHAL (  998): event received NL80211_CMD_VENDOR, vendor_id = 0x1374, subcmd = 0x33
08-03 10:38:10.566 I/WifiHAL (  998): event received NL80211_CMD_VENDOR, vendor_id = 0x1374, subcmd = 0xa5
08-03 10:38:10.567 I/WifiHAL (  998): event received NL80211_CMD_VENDOR, vendor_id = 0x1374, subcmd = 0xa5
08-03 10:38:10.569 I/wpa_supplicant( 2364): wlan0: Associated with 60:8d:26:ee:3f:b6
08-03 10:38:10.569 I/wpa_supplicant( 2364): wlan0: CTRL-EVENT-CONNECTED - Connection to 60:8d:26:ee:3f:b6 completed [id=0 id_str=%7B%22configKey%22%3A%22%5C%22Livebox6-3FB8%5C%22WPA_PSK%22%2C%22creatorUid%22%3A%221000%22%7D]
08-03 10:38:10.570 D/IpClient/wlan0( 2544): interfaceLinkStateChanged: wlan0 up
08-03 10:38:10.571 I/wpa_supplicant( 2364): wlan0: CTRL-EVENT-SUBNET-STATUS-UPDATE status=0
08-03 10:38:10.571 D/IpClient/wlan0( 2544): interfaceLinkStateChanged: wlan0 up
08-03 10:38:10.574 I/wpa_supplicant( 2364): getWifiGenerationStatusInternal: generation = 5, twtSupport = false, vhtMax8SpatialStreamsSupport = false
08-03 10:38:10.574 I/chatty  ( 1910): uid=1000(system) MiuiWifiService expire 1 line
08-03 10:38:10.574 I/chatty  ( 1910): uid=1000(system) ConnectivitySer expire 3 lines
08-03 10:38:10.579 I/chatty  ( 2469): uid=1000(system) SysUiBg expire 2 lines
08-03 10:38:10.579 D/OsAgent ( 3942): [wifi_supplicant_status_update][3128] [HC] =>> [HS]
08-03 10:38:10.580 V/LocSvc_HIDL_IzatSubscription(  982): [wifiSupplicantStatusUpdate][675] [HS] <<<<= [HC]
08-03 10:38:10.587 D/OsAgent ( 3942): [wifi_supplicant_status_update][3128] [HC] =>> [HS]
08-03 10:38:10.587 V/LocSvc_HIDL_IzatSubscription(  982): [wifiSupplicantStatusUpdate][675] [HS] <<<<= [HC]
08-03 10:38:10.601 I/CarrierServices(26203): [4669] gom.handleMessage: RcsEngineImpl[DUAL_REG]:[7caf0558-b1c4]>Handler: handleMessage processing message:[NOTIFY_UPTIME_IGNORE_STATE_CHANGED] with [non-null]:RcsEngineImpl reference
08-03 10:38:10.601 I/CarrierServices(26203): [4670] fwo.c: Connected state: [1], networkType: [WIFI]
08-03 10:38:10.625 I/SarService( 2817): Receiver polling >>>> Change receiver mode: off
08-03 10:38:11.225 I/SarService( 2817): Receiver polling >>>> Change receiver mode: off
08-03 10:38:11.388 D/MIUIInput(13297): [MotionEvent] ViewRootImpl { action=ACTION_DOWN, id[0]=0, pointerCount=1, eventTime=65960669, downTime=65960669 } moveCount:0
08-03 10:38:11.426 I/SarService( 2817): Receiver polling >>>> Change receiver mode: off
08-03 10:38:11.479 D/MIUIInput(13297): [MotionEvent] ViewRootImpl { action=ACTION_UP, id[0]=0, pointerCount=1, eventTime=65960759, downTime=65960669 } moveCount:2
08-03 10:38:11.497 I/Timeline(13297): Timeline: Activity_launch_request time:65960779
08-03 10:38:11.499 I/ActivityTaskManager( 1910): START u0 {cmp=com.trax.retailexecution/.ui.activity.StoreDetailsActivity (has extras)} from uid 10242
08-03 10:38:11.499 I/chatty  ( 1910): uid=1000(system) Binder:1910_16 expire 9 lines
08-03 10:38:11.500 I/ANDR-PERF-LM( 1009): LMPerfGlue: perfmodule_submit_request() 132: perfmodule_submit_request()
08-03 10:38:11.500 I/ANDR-PERF-LM( 1009): Core: getInstance() 84: LM getInstance
08-03 10:38:11.500 I/ANDR-PERF-LM( 1009): WQ: push() 59: LMTriggerQ push() size=0
08-03 10:38:11.500 I/ANDR-PERF-LM( 1009): WQ: push() 61: LMTriggerQ push() done size=1
08-03 10:38:11.500 I/ANDR-PERF-LM( 1009): WQ: pop() 42: LMTriggerQ pop() done size=0
08-03 10:38:11.500 I/ANDR-PERF-LM( 1009): Core: lmMain() 381: Calling runAsync for AdaptLaunch
08-03 10:38:11.500 I/ANDR-PERF-LM( 1009): Core: lmMain() 391: runAsync for AdaptLaunch returned
08-03 10:38:11.500 I/ANDR-PERF-LM( 1009): Core: lmMain() 381: Calling runAsync for PreKill
08-03 10:38:11.501 I/ANDR-PERF-LM( 1009): Core: lmMain() 391: runAsync for PreKill returned
08-03 10:38:11.501 I/ANDR-PERF-LM( 1009): Core: lmMain() 373: Waiting on trigger Queue
08-03 10:38:11.501 I/ANDR-PERF-LM( 1009): WQ: pop() 31: LMTriggerQ pop() size=0
08-03 10:38:11.505 I/ANDR-PERF-LM( 1009): LMPerfGlue: perfmodule_submit_request() 132: perfmodule_submit_request()
08-03 10:38:11.505 I/ANDR-PERF-LM( 1009): Core: getInstance() 84: LM getInstance
08-03 10:38:11.505 I/ANDR-PERF-LM( 1009): WQ: push() 59: LMTriggerQ push() size=0
08-03 10:38:11.505 I/ANDR-PERF-LM( 1009): WQ: push() 61: LMTriggerQ push() done size=1
08-03 10:38:11.505 I/ANDR-PERF-LM( 1009): WQ: pop() 42: LMTriggerQ pop() done size=0
08-03 10:38:11.505 I/ANDR-PERF-LM( 1009): Core: lmMain() 381: Calling runAsync for GameOptimization
08-03 10:38:11.505 D/ANDR-PERF-LM( 1009): Feature: lookup() 101: Feature Name = AppClassifier, total featuers = 4, featureFound = 1
08-03 10:38:11.505 D/ANDR-PERF-LM( 1009): Feature: getData() 112: data.data = 0
08-03 10:38:11.505 I/ANDR-PERF-LM( 1009): Core: lmMain() 391: runAsync for GameOptimization returned
08-03 10:38:11.506 I/ANDR-PERF-LM( 1009): Core: lmMain() 373: Waiting on trigger Queue
08-03 10:38:11.506 I/ANDR-PERF-LM( 1009): WQ: pop() 31: LMTriggerQ pop() size=0
08-03 10:38:11.506 I/ANDR-PERF-LM( 1009): LMPerfGlue: perfmodule_submit_request() 132: perfmodule_submit_request()
08-03 10:38:11.506 I/ANDR-PERF-LM( 1009): Core: getInstance() 84: LM getInstance
08-03 10:38:11.506 I/ANDR-PERF-LM( 1009): WQ: push() 59: LMTriggerQ push() size=0
08-03 10:38:11.506 I/ANDR-PERF-LM( 1009): WQ: push() 61: LMTriggerQ push() done size=1
08-03 10:38:11.506 I/ANDR-PERF-LM( 1009): WQ: pop() 42: LMTriggerQ pop() done size=0
08-03 10:38:11.506 I/ANDR-PERF-LM( 1009): Core: lmMain() 381: Calling runAsync for GameOptimization
08-03 10:38:11.506 D/ANDR-PERF-LM( 1009): Feature: lookup() 101: Feature Name = AppClassifier, total featuers = 4, featureFound = 1
08-03 10:38:11.506 D/ANDR-PERF-LM( 1009): Feature: getData() 112: data.data = 0
08-03 10:38:11.506 I/ANDR-PERF-LM( 1009): Core: lmMain() 391: runAsync for GameOptimization returned
08-03 10:38:11.506 I/ANDR-PERF-LM( 1009): Core: lmMain() 373: Waiting on trigger Queue
08-03 10:38:11.506 I/ANDR-PERF-LM( 1009): WQ: pop() 31: LMTriggerQ pop() size=0
08-03 10:38:11.511 I/sensors-hal(  990): batch:242, android.sensor.accelerometer/11, period=20000000, max_latency=200000000
08-03 10:38:11.511 I/sensors-hal(  990): set_config:63, sample_period_ns is adjusted to 20000000 based on min/max delay_ns
08-03 10:38:11.511 I/sensors-hal(  990): batch:251, android.sensor.accelerometer/11, period=20000000, max_latency=200000000 request completed
08-03 10:38:11.513 I/ANDR-PERF-LM( 1009): LMPerfGlue: perfmodule_submit_request() 132: perfmodule_submit_request()
08-03 10:38:11.514 I/ANDR-PERF-LM( 1009): Core: getInstance() 84: LM getInstance
08-03 10:38:11.514 I/ANDR-PERF-LM( 1009): WQ: push() 59: LMTriggerQ push() size=0
08-03 10:38:11.514 I/ANDR-PERF-LM( 1009): WQ: push() 61: LMTriggerQ push() done size=1
08-03 10:38:11.514 I/ANDR-PERF-LM( 1009): WQ: pop() 42: LMTriggerQ pop() done size=0
08-03 10:38:11.514 I/ANDR-PERF-LM( 1009): Core: lmMain() 381: Calling runAsync for GameOptimization
08-03 10:38:11.514 D/ANDR-PERF-LM( 1009): Feature: lookup() 101: Feature Name = AppClassifier, total featuers = 4, featureFound = 1
08-03 10:38:11.514 D/ANDR-PERF-LM( 1009): Feature: getData() 112: data.data = 0
08-03 10:38:11.514 I/ANDR-PERF-LM( 1009): Core: lmMain() 391: runAsync for GameOptimization returned
08-03 10:38:11.514 I/ANDR-PERF-LM( 1009): Core: lmMain() 373: Waiting on trigger Queue
08-03 10:38:11.514 I/ANDR-PERF-LM( 1009): WQ: pop() 31: LMTriggerQ pop() size=0
08-03 10:38:11.515 I/ActivityTaskManager( 1910): The Process com.trax.retailexecution Already Exists in BG. So sending its PID: 13297
08-03 10:38:11.515 I/ANDR-PERF-LM( 1009): LMPerfGlue: perfmodule_submit_request() 132: perfmodule_submit_request()
08-03 10:38:11.515 I/ANDR-PERF-LM( 1009): Core: getInstance() 84: LM getInstance
08-03 10:38:11.515 I/ANDR-PERF-LM( 1009): WQ: push() 59: LMTriggerQ push() size=0
08-03 10:38:11.515 I/ANDR-PERF-LM( 1009): WQ: push() 61: LMTriggerQ push() done size=1
08-03 10:38:11.515 W/ActivityTaskManager( 1910): Tried to set launchTime (0) < mLastActivityLaunchTime (65956706)
08-03 10:38:11.515 I/ANDR-PERF-LM( 1009): WQ: pop() 42: LMTriggerQ pop() done size=0
08-03 10:38:11.515 I/ANDR-PERF-LM( 1009): Core: lmMain() 381: Calling runAsync for AdaptLaunch
08-03 10:38:11.515 I/ANDR-PERF-LM( 1009): MetaMeter: isValidAsync() 194: AsyncInfo: hintID = 4225
08-03 10:38:11.515 I/ANDR-PERF-LM( 1009): hintType: 102
08-03 10:38:11.515 I/ANDR-PERF-LM( 1009): isPrimary = 0
08-03 10:38:11.515 I/ANDR-PERF-LM( 1009): MetaMeter: isValidAsync() 203: Invalid (hintID,hintType,appName,duration,appPID,appThreadTID) = (4225, 102,com.trax.retailexecution,13297,1910,2221)
08-03 10:38:11.515 E/ANDR-PERF-LM( 1009): MetaMeter: handleAsync() 164: AdaptLaunch Invalid Async
08-03 10:38:11.515 I/ANDR-PERF-LM( 1009): Core: lmMain() 391: runAsync for AdaptLaunch returned
08-03 10:38:11.515 I/ANDR-PERF-LM( 1009): Core: lmMain() 381: Calling runAsync for PreKill
08-03 10:38:11.516 I/ANDR-PERF-LM( 1009): Core: lmMain() 391: runAsync for PreKill returned
08-03 10:38:11.516 I/ANDR-PERF-LM( 1009): Core: lmMain() 373: Waiting on trigger Queue
08-03 10:38:11.516 I/ANDR-PERF-LM( 1009): WQ: pop() 31: LMTriggerQ pop() size=0
08-03 10:38:11.516 I/chatty  ( 1910): uid=1000(system) Binder:1910_4 expire 3 lines
08-03 10:38:11.516 I/chatty  ( 1016): uid=1000(system) HwBinder:1016_7 expire 2 lines
08-03 10:38:11.519 I/Timeline( 1910): Timeline: App_transition_ready time:65960801
08-03 10:38:11.528 D/DecorView[](13297): getWindowModeFromSystem  windowmode is 1
08-03 10:38:11.528 D/DecorView(13297): createDecorCaptionView windowingMode:1 mWindowMode 1 isFullscreen: true
08-03 10:38:11.549 W/NetworkScheduler(15826): Error inserting flex_time=630000 job_id=-1 period=1261000 source=16 requires_charging=0 preferred_network_type=1 target_class=com.google.android.gms.measurement.PackageMeasurementTaskService user_id=0 target_package=com.google.android.gms tag=Measurement.PackageMeasurementTaskService.UPLOAD_TASK_TAG task_type=0 required_idleness_state=0 service_kind=0 source_version=232617000 persistence_level=1 preferred_charging_state=1 required_network_type=0 runtime=1691051891549 retry_strategy={"maximum_backoff_seconds":{"3600":0},"initial_backoff_seconds":{"30":0},"retry_policy":{"0":0}} last_runtime=0 [CONTEXT service_id=218 ]
08-03 10:38:11.549 W/NetworkScheduler(15826): android.database.sqlite.SQLiteConstraintException: UNIQUE constraint failed: pending_ops.tag, pending_ops.target_class, pending_ops.target_package, pending_ops.user_id (code 2067 SQLITE_CONSTRAINT_UNIQUE)
08-03 10:38:11.549 W/NetworkScheduler(15826): 	at android.database.sqlite.SQLiteConnection.nativeExecuteForLastInsertedRowId(Native Method)
08-03 10:38:11.549 W/NetworkScheduler(15826): 	at android.database.sqlite.SQLiteConnection.executeForLastInsertedRowId(SQLiteConnection.java:938)
08-03 10:38:11.549 W/NetworkScheduler(15826): 	at android.database.sqlite.SQLiteSession.executeForLastInsertedRowId(SQLiteSession.java:790)
08-03 10:38:11.549 W/NetworkScheduler(15826): 	at android.database.sqlite.SQLiteStatement.executeInsert(SQLiteStatement.java:88)
08-03 10:38:11.549 W/NetworkScheduler(15826): 	at android.database.sqlite.SQLiteDatabase.insertWithOnConflict(SQLiteDatabase.java:1701)
08-03 10:38:11.549 W/NetworkScheduler(15826): 	at android.database.sqlite.SQLiteDatabase.insertOrThrow(SQLiteDatabase.java:1596)
08-03 10:38:11.549 W/NetworkScheduler(15826): 	at bpsz.f(:com.google.android.gms@232617037@23.26.17 (150400-551657477):722)
08-03 10:38:11.549 W/NetworkScheduler(15826): 	at bprt.n(:com.google.android.gms@232617037@23.26.17 (150400-551657477):29)
08-03 10:38:11.549 W/NetworkScheduler(15826): 	at bprt.u(:com.google.android.gms@232617037@23.26.17 (150400-551657477):225)
08-03 10:38:11.549 W/NetworkScheduler(15826): 	at bprt.h(:com.google.android.gms@232617037@23.26.17 (150400-551657477):54)
08-03 10:38:11.549 W/NetworkScheduler(15826): 	at bpnl.run(:com.google.android.gms@232617037@23.26.17 (150400-551657477):72)
08-03 10:38:11.549 W/NetworkScheduler(15826): 	at acjp.c(:com.google.android.gms@232617037@23.26.17 (150400-551657477):50)
08-03 10:38:11.549 W/NetworkScheduler(15826): 	at acjp.run(:com.google.android.gms@232617037@23.26.17 (150400-551657477):97)
08-03 10:38:11.549 W/NetworkScheduler(15826): 	at java.util.concurrent.ThreadPoolExecutor.runWorker(ThreadPoolExecutor.java:1167)
08-03 10:38:11.549 W/NetworkScheduler(15826): 	at java.util.concurrent.ThreadPoolExecutor$Worker.run(ThreadPoolExecutor.java:641)
08-03 10:38:11.549 W/NetworkScheduler(15826): 	at acoy.run(:com.google.android.gms@232617037@23.26.17 (150400-551657477):8)
08-03 10:38:11.549 W/NetworkScheduler(15826): 	at java.lang.Thread.run(Thread.java:923)
08-03 10:38:11.556 I/sensors-hal(  990): flush:271, android.sensor.accelerometer/11
08-03 10:38:11.556 I/sensors-hal(  990): flush:277, android.sensor.accelerometer/11 completed
08-03 10:38:11.559 I/sensors-hal(  990): ssc_conn_resp_cb:651, resp_value = 0
08-03 10:38:11.570 D/RecentsImpl( 2862): mActivityStateObserver com.trax.retailexecution.ui.activity.StoreDetailsActivity
08-03 10:38:11.570 W/RecentsImpl( 2862): onResumed className=com.trax.retailexecution.ui.activity.StoreDetailsActivity   mIsInAnotherPro=false
08-03 10:38:11.581 I/Timeline( 1910): Timeline: App_transition_ready time:65960863
08-03 10:38:11.583 I/Timeline( 1910): Timeline: App_transition_ready time:65960866
08-03 10:38:11.586 W/NetworkScheduler(15826): Error inserting flex_time=630000 job_id=-1 period=1261000 source=16 requires_charging=0 preferred_network_type=1 target_class=com.google.android.gms.measurement.PackageMeasurementTaskService user_id=0 target_package=com.google.android.gms tag=Measurement.PackageMeasurementTaskService.UPLOAD_TASK_TAG task_type=0 required_idleness_state=0 service_kind=0 source_version=232617000 persistence_level=1 preferred_charging_state=1 required_network_type=0 runtime=1691051891586 retry_strategy={"maximum_backoff_seconds":{"3600":0},"initial_backoff_seconds":{"30":0},"retry_policy":{"0":0}} last_runtime=0 [CONTEXT service_id=218 ]
08-03 10:38:11.586 W/NetworkScheduler(15826): android.database.sqlite.SQLiteConstraintException: UNIQUE constraint failed: pending_ops.tag, pending_ops.target_class, pending_ops.target_package, pending_ops.user_id (code 2067 SQLITE_CONSTRAINT_UNIQUE)
08-03 10:38:11.586 W/NetworkScheduler(15826): 	at android.database.sqlite.SQLiteConnection.nativeExecuteForLastInsertedRowId(Native Method)
08-03 10:38:11.586 W/NetworkScheduler(15826): 	at android.database.sqlite.SQLiteConnection.executeForLastInsertedRowId(SQLiteConnection.java:938)
08-03 10:38:11.586 W/NetworkScheduler(15826): 	at android.database.sqlite.SQLiteSession.executeForLastInsertedRowId(SQLiteSession.java:790)
08-03 10:38:11.586 W/NetworkScheduler(15826): 	at android.database.sqlite.SQLiteStatement.executeInsert(SQLiteStatement.java:88)
08-03 10:38:11.586 W/NetworkScheduler(15826): 	at android.database.sqlite.SQLiteDatabase.insertWithOnConflict(SQLiteDatabase.java:1701)
08-03 10:38:11.586 W/NetworkScheduler(15826): 	at android.database.sqlite.SQLiteDatabase.insertOrThrow(SQLiteDatabase.java:1596)
08-03 10:38:11.586 W/NetworkScheduler(15826): 	at bpsz.f(:com.google.android.gms@232617037@23.26.17 (150400-551657477):722)
08-03 10:38:11.586 W/NetworkScheduler(15826): 	at bprt.n(:com.google.android.gms@232617037@23.26.17 (150400-551657477):29)
08-03 10:38:11.586 W/NetworkScheduler(15826): 	at bprt.u(:com.google.android.gms@232617037@23.26.17 (150400-551657477):225)
08-03 10:38:11.586 W/NetworkScheduler(15826): 	at bprt.h(:com.google.android.gms@232617037@23.26.17 (150400-551657477):54)
08-03 10:38:11.586 W/NetworkScheduler(15826): 	at bpnl.run(:com.google.android.gms@232617037@23.26.17 (150400-551657477):72)
08-03 10:38:11.586 W/NetworkScheduler(15826): 	at acjp.c(:com.google.android.gms@232617037@23.26.17 (150400-551657477):50)
08-03 10:38:11.586 W/NetworkScheduler(15826): 	at acjp.run(:com.google.android.gms@232617037@23.26.17 (150400-551657477):97)
08-03 10:38:11.586 W/NetworkScheduler(15826): 	at java.util.concurrent.ThreadPoolExecutor.runWorker(ThreadPoolExecutor.java:1167)
08-03 10:38:11.586 W/NetworkScheduler(15826): 	at java.util.concurrent.ThreadPoolExecutor$Worker.run(ThreadPoolExecutor.java:641)
08-03 10:38:11.586 W/NetworkScheduler(15826): 	at acoy.run(:com.google.android.gms@232617037@23.26.17 (150400-551657477):8)
08-03 10:38:11.586 W/NetworkScheduler(15826): 	at java.lang.Thread.run(Thread.java:923)
08-03 10:38:11.610 I/ANDR-PERF-LM( 1009): LMPerfGlue: perfmodule_submit_request() 132: perfmodule_submit_request()
08-03 10:38:11.610 I/ANDR-PERF-LM( 1009): Core: getInstance() 84: LM getInstance
08-03 10:38:11.610 I/ANDR-PERF-LM( 1009): WQ: push() 59: LMTriggerQ push() size=0
08-03 10:38:11.610 I/ANDR-PERF-LM( 1009): WQ: push() 61: LMTriggerQ push() done size=1
08-03 10:38:11.610 D/ANDR-PERF-LM( 1009): ThreadHelper: wakeUp() 103: (Meter,Helper,Name,pending)=(0xb4000077a06287c0,0xb4000077a0668120,PreKillActionThread,1)
08-03 10:38:11.610 I/ANDR-PERF-LM( 1009): WQ: pop() 42: LMTriggerQ pop() done size=0
08-03 10:38:11.610 I/ANDR-PERF-LM( 1009): Core: lmMain() 381: Calling runAsync for PreKill
08-03 10:38:11.610 I/ANDR-PERF-LM( 1009): Core: lmMain() 391: runAsync for PreKill returned
08-03 10:38:11.610 I/ANDR-PERF-LM( 1009): Core: lmMain() 373: Waiting on trigger Queue
08-03 10:38:11.610 I/ANDR-PERF-LM( 1009): WQ: pop() 31: LMTriggerQ pop() size=0
08-03 10:38:11.610 D/ANDR-PERF-LM( 1009): ThreadHelper: thread_callback() 149: Starting:(Meter,Helper,Name,pending)=(0xb4000077a06287c0,0xb4000077a0668120,PreKillActionThread,0) 
08-03 10:38:11.610 I/Timeline( 1910): Timeline: App_transition_ready time:65960893
08-03 10:38:11.611 D/ANDR-PERF-LM( 1009): ThreadHelper: thread_callback() 162: Returned from Start:(Meter,Helper,Name,pending)=(0xb4000077a06287c0,0xb4000077a0668120,PreKillActionThread,0) 
08-03 10:38:11.611 D/ANDR-PERF-LM( 1009): ThreadHelper: thread_callback() 134: Waiting:(Meter,Helper,Name,pending)=(0xb4000077a06287c0,0xb4000077a0668120,PreKillActionThread,0)
08-03 10:38:11.613 I/chatty  ( 1910): uid=1000(system) android.bg expire 1 line
08-03 10:38:11.613 I/ANDR-PERF-LM( 1009): LMPerfGlue: perfmodule_submit_request() 132: perfmodule_submit_request()
08-03 10:38:11.613 I/ANDR-PERF-LM( 1009): Core: getInstance() 84: LM getInstance
08-03 10:38:11.613 D/ANDR-PERF-LM( 1009): Feature: lookup() 101: Feature Name = AppClassifier, total featuers = 4, featureFound = 1
08-03 10:38:11.614 D/ANDR-PERF-LM( 1009): Feature: getData() 112: data.data = 0
08-03 10:38:11.614 I/ANDR-PERF-LM( 1009): FeedbackAPI: getFeedback() 60: app:com.trax.retailexecution feature:AppClassifier feedback = 0
08-03 10:38:11.616 I/chatty  ( 2469): uid=1000(system) pool-3-thread-1 expire 2 lines
08-03 10:38:11.619 I/SCTaskStackListener(17755): onTaskStackChanged! inSplit = false
08-03 10:38:11.622 I/SCTaskStackListener(17755): onTaskStackChanged! inSplit = false
08-03 10:38:11.626 I/SarService( 2817): Receiver polling >>>> Change receiver mode: off
08-03 10:38:11.628 I/chatty  ( 1910): uid=1000(system) Binder:1910_6 expire 1 line
08-03 10:38:11.642 I/ANDR-PERF-LM( 1009): LMPerfGlue: perfmodule_submit_request() 132: perfmodule_submit_request()
08-03 10:38:11.642 I/ANDR-PERF-LM( 1009): Core: getInstance() 84: LM getInstance
08-03 10:38:11.642 D/ANDR-PERF-LM( 1009): Feature: lookup() 101: Feature Name = AppClassifier, total featuers = 4, featureFound = 1
08-03 10:38:11.643 D/ANDR-PERF-LM( 1009): Feature: getData() 112: data.data = 0
08-03 10:38:11.643 I/ANDR-PERF-LM( 1009): FeedbackAPI: getFeedback() 60: app:com.trax.retailexecution feature:AppClassifier feedback = 0
08-03 10:38:11.673 I/GoogleInputMethodService(16350): GoogleInputMethodService.onFinishInput():3303 
08-03 10:38:11.673 I/GoogleInputMethodService(16350): GoogleInputMethodService.updateDeviceLockedStatus():2122 repeatCheckTimes = 0, locked = false
08-03 10:38:11.674 I/GoogleInputMethodService(16350): GoogleInputMethodService.onStartInput():1902 onStartInput(EditorInfo{EditorInfo{packageName=com.trax.retailexecution, inputType=0, inputTypeString=NULL, enableLearning=false, autoCorrection=false, autoComplete=false, imeOptions=0, privateImeOptions=null, actionName=UNSPECIFIED, actionLabel=null, initialSelStart=-1, initialSelEnd=-1, initialCapsMode=0, label=null, fieldId=-1, fieldName=null, extras=null, hintText=null, hintLocales=[]}}, false)
08-03 10:38:11.674 I/GoogleInputMethodService(16350): GoogleInputMethodService.shouldHideHeaderOnInitialState():1985 ShouldHideHeaderOnInitialState = false
08-03 10:38:11.674 I/GoogleInputMethodService(16350): GoogleInputMethodService.updateDeviceLockedStatus():2122 repeatCheckTimes = 1, locked = false
08-03 10:38:11.826 I/SarService( 2817): Receiver polling >>>> Change receiver mode: off
08-03 10:38:11.893 I/chatty  ( 1910): uid=1000(system) android.anim.lf expire 1 line
08-03 10:38:11.893 W/Choreographer(13297): Frame time is 0.141899 ms in the future!  Check that graphics HAL is generating vsync timestamps using the correct timebase.
08-03 10:38:12.026 I/SarService( 2817): Receiver polling >>>> Change receiver mode: off
08-03 10:38:12.112 I/Timeline( 1910): Timeline: Activity_windows_visible id: ActivityRecord{df0714d u0 com.trax.retailexecution/.ui.activity.StoreDetailsActivity t48} time:65961395
08-03 10:38:12.116 I/Timeline( 1910): Timeline: App_transition_stopped time:65961398
08-03 10:38:12.227 I/SarService( 2817): Receiver polling >>>> Change receiver mode: off
08-03 10:38:12.627 I/chatty  ( 2817): uid=1001(radio) Thread-9 identical 3 lines
08-03 10:38:12.827 I/SarService( 2817): Receiver polling >>>> Change receiver mode: off
08-03 10:38:13.023 I/PhenotypeProcessReaper(15826): Memory state is: 100
08-03 10:38:13.028 I/SarService( 2817): Receiver polling >>>> Change receiver mode: off
08-03 10:38:13.428 I/SarService( 2817): Receiver polling >>>> Change receiver mode: off
08-03 10:38:13.600 I/chatty  ( 1910): uid=1000(system) InputReader expire 2 lines
08-03 10:38:13.601 I/chatty  ( 1910): uid=1000(system) InputDispatcher expire 3 lines
08-03 10:38:13.603 D/MIUIInput(13297): [MotionEvent] ViewRootImpl { action=ACTION_DOWN, id[0]=0, pointerCount=1, eventTime=65962882, downTime=65962882 } moveCount:0
08-03 10:38:13.615 I/chatty  ( 1910): uid=1000(system) android.display expire 11 lines
08-03 10:38:13.628 I/SarService( 2817): Receiver polling >>>> Change receiver mode: off
08-03 10:38:13.692 D/MIUIInput(13297): [MotionEvent] ViewRootImpl { action=ACTION_UP, id[0]=0, pointerCount=1, eventTime=65962973, downTime=65962882 } moveCount:0
08-03 10:38:13.704 I/chatty  ( 1910): uid=1000(system) MiuiNetworkPoli expire 1 line
08-03 10:38:13.733 I/chatty  ( 1910): uid=1000(system) Binder:1910_4 expire 11 lines
08-03 10:38:13.736 I/Timeline(13297): Timeline: Activity_launch_request time:65963018
08-03 10:38:13.738 I/ActivityTaskManager( 1910): START u0 {cmp=com.trax.retailexecution/.ui.activity.WebActivity (has extras)} from uid 10242
08-03 10:38:13.739 I/ANDR-PERF-LM( 1009): LMPerfGlue: perfmodule_submit_request() 132: perfmodule_submit_request()
08-03 10:38:13.739 I/ANDR-PERF-LM( 1009): Core: getInstance() 84: LM getInstance
08-03 10:38:13.739 I/ANDR-PERF-LM( 1009): WQ: push() 59: LMTriggerQ push() size=0
08-03 10:38:13.739 I/ANDR-PERF-LM( 1009): WQ: push() 61: LMTriggerQ push() done size=1
08-03 10:38:13.739 I/ANDR-PERF-LM( 1009): WQ: pop() 42: LMTriggerQ pop() done size=0
08-03 10:38:13.739 I/ANDR-PERF-LM( 1009): Core: lmMain() 381: Calling runAsync for AdaptLaunch
08-03 10:38:13.739 I/ANDR-PERF-LM( 1009): Core: lmMain() 391: runAsync for AdaptLaunch returned
08-03 10:38:13.739 I/ANDR-PERF-LM( 1009): Core: lmMain() 381: Calling runAsync for PreKill
08-03 10:38:13.740 I/ANDR-PERF-LM( 1009): Core: lmMain() 391: runAsync for PreKill returned
08-03 10:38:13.740 I/ANDR-PERF-LM( 1009): Core: lmMain() 373: Waiting on trigger Queue
08-03 10:38:13.740 I/ANDR-PERF-LM( 1009): WQ: pop() 31: LMTriggerQ pop() size=0
08-03 10:38:13.743 I/chatty  ( 1016): uid=1000(system) HwBinder:1016_7 expire 43 lines
08-03 10:38:13.743 I/ANDR-PERF-LM( 1009): LMPerfGlue: perfmodule_submit_request() 132: perfmodule_submit_request()
08-03 10:38:13.743 I/ANDR-PERF-LM( 1009): Core: getInstance() 84: LM getInstance
08-03 10:38:13.743 I/ANDR-PERF-LM( 1009): WQ: push() 59: LMTriggerQ push() size=0
08-03 10:38:13.743 I/ANDR-PERF-LM( 1009): WQ: push() 61: LMTriggerQ push() done size=1
08-03 10:38:13.743 I/ANDR-PERF-LM( 1009): WQ: pop() 42: LMTriggerQ pop() done size=0
08-03 10:38:13.743 I/ANDR-PERF-LM( 1009): Core: lmMain() 381: Calling runAsync for GameOptimization
08-03 10:38:13.743 D/ANDR-PERF-LM( 1009): Feature: lookup() 101: Feature Name = AppClassifier, total featuers = 4, featureFound = 1
08-03 10:38:13.743 D/ANDR-PERF-LM( 1009): Feature: getData() 112: data.data = 0
08-03 10:38:13.743 I/ANDR-PERF-LM( 1009): Core: lmMain() 391: runAsync for GameOptimization returned
08-03 10:38:13.743 I/ANDR-PERF-LM( 1009): Core: lmMain() 373: Waiting on trigger Queue
08-03 10:38:13.743 I/ANDR-PERF-LM( 1009): WQ: pop() 31: LMTriggerQ pop() size=0
08-03 10:38:13.744 I/ANDR-PERF-LM( 1009): LMPerfGlue: perfmodule_submit_request() 132: perfmodule_submit_request()
08-03 10:38:13.744 I/ANDR-PERF-LM( 1009): Core: getInstance() 84: LM getInstance
08-03 10:38:13.744 I/ANDR-PERF-LM( 1009): WQ: push() 59: LMTriggerQ push() size=0
08-03 10:38:13.744 I/ANDR-PERF-LM( 1009): WQ: push() 61: LMTriggerQ push() done size=1
08-03 10:38:13.744 I/ANDR-PERF-LM( 1009): WQ: pop() 42: LMTriggerQ pop() done size=0
08-03 10:38:13.744 I/ANDR-PERF-LM( 1009): Core: lmMain() 381: Calling runAsync for GameOptimization
08-03 10:38:13.744 D/ANDR-PERF-LM( 1009): Feature: lookup() 101: Feature Name = AppClassifier, total featuers = 4, featureFound = 1
08-03 10:38:13.744 D/ANDR-PERF-LM( 1009): Feature: getData() 112: data.data = 0
08-03 10:38:13.744 I/ANDR-PERF-LM( 1009): Core: lmMain() 391: runAsync for GameOptimization returned
08-03 10:38:13.744 I/ANDR-PERF-LM( 1009): Core: lmMain() 373: Waiting on trigger Queue
08-03 10:38:13.744 I/ANDR-PERF-LM( 1009): WQ: pop() 31: LMTriggerQ pop() size=0
08-03 10:38:13.748 I/chatty  ( 1910): uid=1000(system) android.display expire 1 line
08-03 10:38:13.752 I/sensors-hal(  990): batch:242, android.sensor.accelerometer/11, period=20000000, max_latency=200000000
08-03 10:38:13.752 I/sensors-hal(  990): set_config:63, sample_period_ns is adjusted to 20000000 based on min/max delay_ns
08-03 10:38:13.752 I/sensors-hal(  990): batch:251, android.sensor.accelerometer/11, period=20000000, max_latency=200000000 request completed
08-03 10:38:13.754 I/ANDR-PERF-LM( 1009): LMPerfGlue: perfmodule_submit_request() 132: perfmodule_submit_request()
08-03 10:38:13.754 I/ANDR-PERF-LM( 1009): Core: getInstance() 84: LM getInstance
08-03 10:38:13.754 I/ANDR-PERF-LM( 1009): WQ: push() 59: LMTriggerQ push() size=0
08-03 10:38:13.754 I/ANDR-PERF-LM( 1009): WQ: push() 61: LMTriggerQ push() done size=1
08-03 10:38:13.754 I/ANDR-PERF-LM( 1009): WQ: pop() 42: LMTriggerQ pop() done size=0
08-03 10:38:13.754 I/ANDR-PERF-LM( 1009): Core: lmMain() 381: Calling runAsync for GameOptimization
08-03 10:38:13.754 D/ANDR-PERF-LM( 1009): Feature: lookup() 101: Feature Name = AppClassifier, total featuers = 4, featureFound = 1
08-03 10:38:13.755 D/ANDR-PERF-LM( 1009): Feature: getData() 112: data.data = 0
08-03 10:38:13.755 I/ANDR-PERF-LM( 1009): Core: lmMain() 391: runAsync for GameOptimization returned
08-03 10:38:13.755 I/ANDR-PERF-LM( 1009): Core: lmMain() 373: Waiting on trigger Queue
08-03 10:38:13.755 I/ANDR-PERF-LM( 1009): WQ: pop() 31: LMTriggerQ pop() size=0
08-03 10:38:13.756 I/ActivityTaskManager( 1910): The Process com.trax.retailexecution Already Exists in BG. So sending its PID: 13297
08-03 10:38:13.756 I/ANDR-PERF-LM( 1009): LMPerfGlue: perfmodule_submit_request() 132: perfmodule_submit_request()
08-03 10:38:13.756 I/ANDR-PERF-LM( 1009): Core: getInstance() 84: LM getInstance
08-03 10:38:13.756 I/ANDR-PERF-LM( 1009): WQ: push() 59: LMTriggerQ push() size=0
08-03 10:38:13.756 I/ANDR-PERF-LM( 1009): WQ: push() 61: LMTriggerQ push() done size=1
08-03 10:38:13.756 I/ANDR-PERF-LM( 1009): WQ: pop() 42: LMTriggerQ pop() done size=0
08-03 10:38:13.756 I/ANDR-PERF-LM( 1009): Core: lmMain() 381: Calling runAsync for AdaptLaunch
08-03 10:38:13.756 W/ActivityTaskManager( 1910): Tried to set launchTime (0) < mLastActivityLaunchTime (65960798)
08-03 10:38:13.756 I/ANDR-PERF-LM( 1009): MetaMeter: isValidAsync() 194: AsyncInfo: hintID = 4225
08-03 10:38:13.756 I/ANDR-PERF-LM( 1009): hintType: 102
08-03 10:38:13.756 I/ANDR-PERF-LM( 1009): isPrimary = 0
08-03 10:38:13.756 I/ANDR-PERF-LM( 1009): MetaMeter: isValidAsync() 203: Invalid (hintID,hintType,appName,duration,appPID,appThreadTID) = (4225, 102,com.trax.retailexecution,13297,1910,2221)
08-03 10:38:13.756 E/ANDR-PERF-LM( 1009): MetaMeter: handleAsync() 164: AdaptLaunch Invalid Async
08-03 10:38:13.756 I/ANDR-PERF-LM( 1009): Core: lmMain() 391: runAsync for AdaptLaunch returned
08-03 10:38:13.756 I/ANDR-PERF-LM( 1009): Core: lmMain() 381: Calling runAsync for PreKill
08-03 10:38:13.756 I/ANDR-PERF-LM( 1009): Core: lmMain() 391: runAsync for PreKill returned
08-03 10:38:13.756 I/ANDR-PERF-LM( 1009): Core: lmMain() 373: Waiting on trigger Queue
08-03 10:38:13.756 I/ANDR-PERF-LM( 1009): WQ: pop() 31: LMTriggerQ pop() size=0
08-03 10:38:13.760 I/Timeline( 1910): Timeline: App_transition_ready time:65963042
08-03 10:38:13.775 D/DecorView[](13297): getWindowModeFromSystem  windowmode is 1
08-03 10:38:13.775 D/DecorView(13297): createDecorCaptionView windowingMode:1 mWindowMode 1 isFullscreen: true
08-03 10:38:13.785 I/chatty  ( 1910): uid=1000(system) Binder:1910_4 expire 1 line
08-03 10:38:13.790 I/WebViewFactory(13297): Loading com.google.android.webview version 115.0.5790.138 (code 579013831)
08-03 10:38:13.795 W/linker  (13297): Warning: "/data/app/~~9AHpYn9Q7Kr477p2N_6eew==/com.google.android.webview-sc7yGlci_c6RLm3OvR_hfg==/base.apk!/lib/arm64-v8a/libmonochrome.so" unused DT entry: unknown processor-specific (type 0x70000001 arg 0x0) (ignoring)
08-03 10:38:13.797 W/NetworkScheduler(15826): Error inserting flex_time=628000 job_id=-1 period=1257000 source=16 requires_charging=0 preferred_network_type=1 target_class=com.google.android.gms.measurement.PackageMeasurementTaskService user_id=0 target_package=com.google.android.gms tag=Measurement.PackageMeasurementTaskService.UPLOAD_TASK_TAG task_type=0 required_idleness_state=0 service_kind=0 source_version=232617000 persistence_level=1 preferred_charging_state=1 required_network_type=0 runtime=1691051893796 retry_strategy={"maximum_backoff_seconds":{"3600":0},"initial_backoff_seconds":{"30":0},"retry_policy":{"0":0}} last_runtime=0 [CONTEXT service_id=218 ]
08-03 10:38:13.797 W/NetworkScheduler(15826): android.database.sqlite.SQLiteConstraintException: UNIQUE constraint failed: pending_ops.tag, pending_ops.target_class, pending_ops.target_package, pending_ops.user_id (code 2067 SQLITE_CONSTRAINT_UNIQUE)
08-03 10:38:13.797 W/NetworkScheduler(15826): 	at android.database.sqlite.SQLiteConnection.nativeExecuteForLastInsertedRowId(Native Method)
08-03 10:38:13.797 W/NetworkScheduler(15826): 	at android.database.sqlite.SQLiteConnection.executeForLastInsertedRowId(SQLiteConnection.java:938)
08-03 10:38:13.797 W/NetworkScheduler(15826): 	at android.database.sqlite.SQLiteSession.executeForLastInsertedRowId(SQLiteSession.java:790)
08-03 10:38:13.797 W/NetworkScheduler(15826): 	at android.database.sqlite.SQLiteStatement.executeInsert(SQLiteStatement.java:88)
08-03 10:38:13.797 W/NetworkScheduler(15826): 	at android.database.sqlite.SQLiteDatabase.insertWithOnConflict(SQLiteDatabase.java:1701)
08-03 10:38:13.797 W/NetworkScheduler(15826): 	at android.database.sqlite.SQLiteDatabase.insertOrThrow(SQLiteDatabase.java:1596)
08-03 10:38:13.797 W/NetworkScheduler(15826): 	at bpsz.f(:com.google.android.gms@232617037@23.26.17 (150400-551657477):722)
08-03 10:38:13.797 W/NetworkScheduler(15826): 	at bprt.n(:com.google.android.gms@232617037@23.26.17 (150400-551657477):29)
08-03 10:38:13.797 W/NetworkScheduler(15826): 	at bprt.u(:com.google.android.gms@232617037@23.26.17 (150400-551657477):225)
08-03 10:38:13.797 W/NetworkScheduler(15826): 	at bprt.h(:com.google.android.gms@232617037@23.26.17 (150400-551657477):54)
08-03 10:38:13.797 W/NetworkScheduler(15826): 	at bpnl.run(:com.google.android.gms@232617037@23.26.17 (150400-551657477):72)
08-03 10:38:13.797 W/NetworkScheduler(15826): 	at acjp.c(:com.google.android.gms@232617037@23.26.17 (150400-551657477):50)
08-03 10:38:13.797 W/NetworkScheduler(15826): 	at acjp.run(:com.google.android.gms@232617037@23.26.17 (150400-551657477):76)
08-03 10:38:13.797 W/NetworkScheduler(15826): 	at java.util.concurrent.ThreadPoolExecutor.runWorker(ThreadPoolExecutor.java:1167)
08-03 10:38:13.797 W/NetworkScheduler(15826): 	at java.util.concurrent.ThreadPoolExecutor$Worker.run(ThreadPoolExecutor.java:641)
08-03 10:38:13.797 W/NetworkScheduler(15826): 	at acoy.run(:com.google.android.gms@232617037@23.26.17 (150400-551657477):8)
08-03 10:38:13.797 W/NetworkScheduler(15826): 	at java.lang.Thread.run(Thread.java:923)
08-03 10:38:13.812 I/cr_WVCFactoryProvider(13297): Loaded version=115.0.5790.138 minSdkVersion=29 isBundle=true multiprocess=true packageId=2
08-03 10:38:13.828 I/SarService( 2817): Receiver polling >>>> Change receiver mode: off
08-03 10:38:13.829 I/cr_LibraryLoader(13297): Successfully loaded native library
08-03 10:38:13.829 I/cr_CachingUmaRecorder(13297): Flushed 6 samples from 6 histograms, 0 samples were dropped.
08-03 10:38:13.860 I/SCTaskStackListener(17755): onTaskStackChanged! inSplit = false
08-03 10:38:13.861 I/SCTaskStackListener(17755): onTaskStackChanged! inSplit = false
08-03 10:38:13.886 D/Zygote  ( 8967): Forked child process 13678
08-03 10:38:13.888 I/ActivityManager( 1910): Start proc 13678:com.google.android.webview:sandboxed_process0:org.chromium.content.app.SandboxedProcessService0:0/u0i148 for  {com.trax.retailexecution/org.chromium.content.app.SandboxedProcessService0:0} caller=com.trax.retailexecution
08-03 10:38:13.889 W/Zygote  (13678): Unable to open libbeluga.so: dlopen failed: library "libbeluga.so" not found.
08-03 10:38:13.894 W/ocessService0:(13678): Using default instruction set features for ARM CPU variant (cortex-a9) using conservative defaults
08-03 10:38:13.902 E/ocessService0:(13678): Not starting debugger since process cannot load the jdwp agent.
08-03 10:38:13.904 E/chromium(13297): [ERROR:simple_file_enumerator.cc(21)] opendir /data/user/0/com.trax.retailexecution/cache/WebView/Default/HTTP Cache/Code Cache/wasm: No such file or directory (2)
08-03 10:38:13.905 E/chromium(13297): [ERROR:simple_index_file.cc(614)] Could not reconstruct index from disk
08-03 10:38:13.920 I/chatty  ( 1910): uid=1000(system) Binder:1910_1E expire 6 lines
08-03 10:38:13.923 I/chatty  ( 1910): uid=1000(system) MiuiNetworkPoli expire 1 line
08-03 10:38:13.924 D/Zygote  (  842): Forked child process 13701
08-03 10:38:13.926 I/ActivityManager( 1910): Start proc 13701:com.google.android.webview:webview_service/u0a196 for service {com.google.android.webview/org.chromium.android_webview.services.ComponentsProviderService} caller=com.trax.retailexecution
08-03 10:38:13.926 W/Zygote  (13701): Unable to open libbeluga.so: dlopen failed: library "libbeluga.so" not found.
08-03 10:38:13.937 I/chatty  ( 1910): uid=1000(system) ConnectivitySer expire 220 lines
08-03 10:38:13.941 I/chatty  ( 1910): uid=1000(system) EthernetService expire 1 line
08-03 10:38:13.941 I/chatty  ( 1910): uid=1000(system) WifiHandlerThre expire 4 lines
08-03 10:38:13.941 D/PhoneSwitcherNetworkRequstListener( 2817): got request NetworkRequest [ TRACK_DEFAULT id=3160, [ Capabilities: INTERNET&NOT_RESTRICTED&TRUSTED Uid: 10242 AdministratorUids: [] RequestorUid: 10242 RequestorPackageName: com.trax.retailexecution] ] with score 60 and providerId 5
08-03 10:38:13.952 W/webview_servic(13701): Using default instruction set features for ARM CPU variant (cortex-a9) using conservative defaults
08-03 10:38:13.954 I/LoadedApk(13678): No resource references to update in package com.google.android.trichromelibrary
08-03 10:38:13.954 D/NetworkSecurityConfig(13678): No Network Security Config specified, using platform default
08-03 10:38:13.954 D/NetworkSecurityConfig(13678): No Network Security Config specified, using platform default
08-03 10:38:13.955 E/webview_servic(13701): Not starting debugger since process cannot load the jdwp agent.
08-03 10:38:13.955 I/cr_WebViewApkApp(13678): Launched version=115.0.5790.138 minSdkVersion=29 isBundle=true processName=com.google.android.webview:sandboxed_process0:org.chromium.content.app.SandboxedProcessService0:0
08-03 10:38:13.959 I/cr_ChildProcessService(13678): Creating new ChildProcessService pid=13678
08-03 10:38:13.959 D/EgretLoader(13297): EgretLoader(Context context)
08-03 10:38:13.963 D/EgretLoader(13297): The context is not activity
08-03 10:38:13.966 I/chatty  ( 1910): uid=1000(system) Binder:1910_4 expire 6 lines
08-03 10:38:13.970 I/chatty  ( 1910): uid=1000(system) MiuiNetworkPoli expire 1 line
08-03 10:38:13.971 D/DecorView(13297): createDecorCaptionView windowingMode:1 mWindowMode 1 isFullscreen: true
08-03 10:38:13.992 W/webview_servic(13701): JIT profile information will not be recorded: profile file does not exist.
08-03 10:38:13.994 W/cr_media(13297): registerBluetoothIntentsIfNeeded: Requires BLUETOOTH permission
08-03 10:38:13.998 I/Perf    (13701): Connecting to perf service.
08-03 10:38:14.008 I/cr_LibraryLoader(13678): Successfully loaded native library
08-03 10:38:14.010 I/cr_CachingUmaRecorder(13678): Flushed 2 samples from 2 histograms, 0 samples were dropped.
08-03 10:38:14.016 I/LoadedApk(13701): No resource references to update in package com.google.android.trichromelibrary
08-03 10:38:14.016 D/NetworkSecurityConfig(13701): No Network Security Config specified, using platform default
08-03 10:38:14.017 D/NetworkSecurityConfig(13701): No Network Security Config specified, using platform default
08-03 10:38:14.019 I/cr_WebViewApkApp(13701): Launched version=115.0.5790.138 minSdkVersion=29 isBundle=true processName=com.google.android.webview:webview_service
08-03 10:38:14.024 I/sensors-hal(  990): flush:271, android.sensor.accelerometer/11
08-03 10:38:14.024 I/sensors-hal(  990): flush:277, android.sensor.accelerometer/11 completed
08-03 10:38:14.025 I/sensors-hal(  990): ssc_conn_resp_cb:651, resp_value = 0
08-03 10:38:14.027 W/SystemServiceRegistry(13678): No service published for: uimode
08-03 10:38:14.029 I/SarService( 2817): Receiver polling >>>> Change receiver mode: off
08-03 10:38:14.033 D/RecentsImpl( 2862): mActivityStateObserver com.trax.retailexecution.ui.activity.WebActivity
08-03 10:38:14.033 W/RecentsImpl( 2862): onResumed className=com.trax.retailexecution.ui.activity.WebActivity   mIsInAnotherPro=false
08-03 10:38:14.046 I/ANDR-PERF-LM( 1009): LMPerfGlue: perfmodule_submit_request() 132: perfmodule_submit_request()
08-03 10:38:14.046 I/ANDR-PERF-LM( 1009): Core: getInstance() 84: LM getInstance
08-03 10:38:14.046 D/ANDR-PERF-LM( 1009): Feature: lookup() 101: Feature Name = AppClassifier, total featuers = 4, featureFound = 1
08-03 10:38:14.046 D/ANDR-PERF-LM( 1009): Feature: getData() 112: data.data = 3
08-03 10:38:14.046 I/ANDR-PERF-LM( 1009): FeedbackAPI: getFeedback() 60: app:com.google.android.webview feature:AppClassifier feedback = 3
08-03 10:38:14.057 I/Timeline( 1910): Timeline: App_transition_ready time:65963340
08-03 10:38:14.059 I/Timeline( 1910): Timeline: App_transition_ready time:65963342
08-03 10:38:14.064 D/CompatibilityInfo( 1910): mCompatibilityFlags - 0
08-03 10:38:14.064 D/CompatibilityInfo( 1910): applicationDensity - 440
08-03 10:38:14.064 D/CompatibilityInfo( 1910): applicationScale - 1.0
08-03 10:38:14.067 I/FontLog (15826): (REDACTED) Received query %s, URI %s
08-03 10:38:14.068 I/FontLog (15826): (REDACTED) Query [%s] resolved to %s
08-03 10:38:14.069 I/FontLog (15826): (REDACTED) Font PFD returned from cache for %s
08-03 10:38:14.069 I/FontLog (15826): (REDACTED) Fetch %s end status %s
08-03 10:38:14.073 I/FontLog (15826): (REDACTED) Pulling font file for id = %d, cache size = %d
08-03 10:38:14.077 I/FontLog (15826): (REDACTED) Received query %s, URI %s
08-03 10:38:14.077 I/FontLog (15826): (REDACTED) Query [%s] resolved to %s
08-03 10:38:14.082 I/FontLog (15826): (REDACTED) Fetch %s end status %s
08-03 10:38:14.083 W/ContentCatcher(13297): Failed to notify a WebView
08-03 10:38:14.093 I/FontLog (15826): (REDACTED) Pulling font file for id = %d, cache size = %d
08-03 10:38:14.095 W/NetworkScheduler(15826): Error inserting flex_time=627000 job_id=-1 period=1256000 source=16 requires_charging=0 preferred_network_type=1 target_class=com.google.android.gms.measurement.PackageMeasurementTaskService user_id=0 target_package=com.google.android.gms tag=Measurement.PackageMeasurementTaskService.UPLOAD_TASK_TAG task_type=0 required_idleness_state=0 service_kind=0 source_version=232617000 persistence_level=1 preferred_charging_state=1 required_network_type=0 runtime=1691051894088 retry_strategy={"maximum_backoff_seconds":{"3600":0},"initial_backoff_seconds":{"30":0},"retry_policy":{"0":0}} last_runtime=0 [CONTEXT service_id=218 ]
08-03 10:38:14.095 W/NetworkScheduler(15826): android.database.sqlite.SQLiteConstraintException: UNIQUE constraint failed: pending_ops.tag, pending_ops.target_class, pending_ops.target_package, pending_ops.user_id (code 2067 SQLITE_CONSTRAINT_UNIQUE)
08-03 10:38:14.095 W/NetworkScheduler(15826): 	at android.database.sqlite.SQLiteConnection.nativeExecuteForLastInsertedRowId(Native Method)
08-03 10:38:14.095 W/NetworkScheduler(15826): 	at android.database.sqlite.SQLiteConnection.executeForLastInsertedRowId(SQLiteConnection.java:938)
08-03 10:38:14.095 W/NetworkScheduler(15826): 	at android.database.sqlite.SQLiteSession.executeForLastInsertedRowId(SQLiteSession.java:790)
08-03 10:38:14.095 W/NetworkScheduler(15826): 	at android.database.sqlite.SQLiteStatement.executeInsert(SQLiteStatement.java:88)
08-03 10:38:14.095 W/NetworkScheduler(15826): 	at android.database.sqlite.SQLiteDatabase.insertWithOnConflict(SQLiteDatabase.java:1701)
08-03 10:38:14.095 W/NetworkScheduler(15826): 	at android.database.sqlite.SQLiteDatabase.insertOrThrow(SQLiteDatabase.java:1596)
08-03 10:38:14.095 W/NetworkScheduler(15826): 	at bpsz.f(:com.google.android.gms@232617037@23.26.17 (150400-551657477):722)
08-03 10:38:14.095 W/NetworkScheduler(15826): 	at bprt.n(:com.google.android.gms@232617037@23.26.17 (150400-551657477):29)
08-03 10:38:14.095 W/NetworkScheduler(15826): 	at bprt.u(:com.google.android.gms@232617037@23.26.17 (150400-551657477):225)
08-03 10:38:14.095 W/NetworkScheduler(15826): 	at bprt.h(:com.google.android.gms@232617037@23.26.17 (150400-551657477):54)
08-03 10:38:14.095 W/NetworkScheduler(15826): 	at bpnl.run(:com.google.android.gms@232617037@23.26.17 (150400-551657477):72)
08-03 10:38:14.095 W/NetworkScheduler(15826): 	at acjp.c(:com.google.android.gms@232617037@23.26.17 (150400-551657477):50)
08-03 10:38:14.095 W/NetworkScheduler(15826): 	at acjp.run(:com.google.android.gms@232617037@23.26.17 (150400-551657477):76)
08-03 10:38:14.095 W/NetworkScheduler(15826): 	at java.util.concurrent.ThreadPoolExecutor.runWorker(ThreadPoolExecutor.java:1167)
08-03 10:38:14.095 W/NetworkScheduler(15826): 	at java.util.concurrent.ThreadPoolExecutor$Worker.run(ThreadPoolExecutor.java:641)
08-03 10:38:14.095 W/NetworkScheduler(15826): 	at acoy.run(:com.google.android.gms@232617037@23.26.17 (150400-551657477):8)
08-03 10:38:14.095 W/NetworkScheduler(15826): 	at java.lang.Thread.run(Thread.java:923)
08-03 10:38:14.096 I/FontLog (15826): (REDACTED) Received query %s, URI %s
08-03 10:38:14.096 I/FontLog (15826): (REDACTED) Query [%s] resolved to %s
08-03 10:38:14.099 I/FontLog (15826): (REDACTED) Font PFD returned from cache for %s
08-03 10:38:14.099 I/FontLog (15826): (REDACTED) Fetch %s end status %s
08-03 10:38:14.101 I/Timeline( 1910): Timeline: App_transition_ready time:65963383
08-03 10:38:14.107 I/FontLog (15826): (REDACTED) Pulling font file for id = %d, cache size = %d
08-03 10:38:14.110 I/FontLog (15826): (REDACTED) Received query %s, URI %s
08-03 10:38:14.110 I/FontLog (15826): (REDACTED) Query [%s] resolved to %s
08-03 10:38:14.111 I/FontLog (15826): (REDACTED) Font PFD returned from cache for %s
08-03 10:38:14.111 I/FontLog (15826): (REDACTED) Fetch %s end status %s
08-03 10:38:14.113 I/FontLog (15826): (REDACTED) Pulling font file for id = %d, cache size = %d
08-03 10:38:14.157 I/Timeline( 1910): Timeline: App_transition_ready time:65963439
08-03 10:38:14.166 I/ANDR-PERF-LM( 1009): LMPerfGlue: perfmodule_submit_request() 132: perfmodule_submit_request()
08-03 10:38:14.166 I/ANDR-PERF-LM( 1009): Core: getInstance() 84: LM getInstance
08-03 10:38:14.166 I/ANDR-PERF-LM( 1009): WQ: push() 59: LMTriggerQ push() size=0
08-03 10:38:14.166 I/ANDR-PERF-LM( 1009): WQ: push() 61: LMTriggerQ push() done size=1
08-03 10:38:14.166 D/ANDR-PERF-LM( 1009): ThreadHelper: wakeUp() 103: (Meter,Helper,Name,pending)=(0xb4000077a06287c0,0xb4000077a0668120,PreKillActionThread,1)
08-03 10:38:14.166 D/ANDR-PERF-LM( 1009): ThreadHelper: thread_callback() 149: Starting:(Meter,Helper,Name,pending)=(0xb4000077a06287c0,0xb4000077a0668120,PreKillActionThread,0) 
08-03 10:38:14.166 I/ANDR-PERF-LM( 1009): WQ: pop() 42: LMTriggerQ pop() done size=0
08-03 10:38:14.166 I/ANDR-PERF-LM( 1009): Core: lmMain() 381: Calling runAsync for PreKill
08-03 10:38:14.166 I/ANDR-PERF-LM( 1009): Core: lmMain() 391: runAsync for PreKill returned
08-03 10:38:14.166 I/ANDR-PERF-LM( 1009): Core: lmMain() 373: Waiting on trigger Queue
08-03 10:38:14.166 I/ANDR-PERF-LM( 1009): WQ: pop() 31: LMTriggerQ pop() size=0
08-03 10:38:14.168 I/Timeline( 1910): Timeline: App_transition_ready time:65963450
08-03 10:38:14.168 D/ANDR-PERF-LM( 1009): ThreadHelper: thread_callback() 162: Returned from Start:(Meter,Helper,Name,pending)=(0xb4000077a06287c0,0xb4000077a0668120,PreKillActionThread,0) 
08-03 10:38:14.168 D/ANDR-PERF-LM( 1009): ThreadHelper: thread_callback() 134: Waiting:(Meter,Helper,Name,pending)=(0xb4000077a06287c0,0xb4000077a0668120,PreKillActionThread,0)
08-03 10:38:14.170 I/ActivityTaskManager( 1910): Displayed com.trax.retailexecution/.ui.activity.WebActivity: +429ms
08-03 10:38:14.170 I/ANDR-PERF-LM( 1009): LMPerfGlue: perfmodule_submit_request() 132: perfmodule_submit_request()
08-03 10:38:14.170 I/ANDR-PERF-LM( 1009): Core: getInstance() 84: LM getInstance
08-03 10:38:14.170 D/ANDR-PERF-LM( 1009): Feature: lookup() 101: Feature Name = AppClassifier, total featuers = 4, featureFound = 1
08-03 10:38:14.170 D/ANDR-PERF-LM( 1009): Feature: getData() 112: data.data = 0
08-03 10:38:14.170 I/ANDR-PERF-LM( 1009): FeedbackAPI: getFeedback() 60: app:com.trax.retailexecution feature:AppClassifier feedback = 0
08-03 10:38:14.176 W/VideoCapabilities(13297): Unsupported mime image/vnd.android.heic
08-03 10:38:14.177 W/VideoCapabilities(13297): Unrecognized profile/level 0/3 for video/mpeg2
08-03 10:38:14.177 W/VideoCapabilities(13297): Unrecognized profile/level 0/3 for video/mpeg2
08-03 10:38:14.185 D/MIUIInput( 1910): [FoucsChange]: Display  0 FocusedWindow From null(0,0)  to Window{ef30f4b mode=1 rootTaskId=48 u0 com.trax.retailexecution/com.trax.retailexecution.ui.activity.WebActivity}(1,1)
08-03 10:38:14.212 I/ANDR-PERF-LM( 1009): LMPerfGlue: perfmodule_submit_request() 132: perfmodule_submit_request()
08-03 10:38:14.212 I/ANDR-PERF-LM( 1009): Core: getInstance() 84: LM getInstance
08-03 10:38:14.212 D/ANDR-PERF-LM( 1009): Feature: lookup() 101: Feature Name = AppClassifier, total featuers = 4, featureFound = 1
08-03 10:38:14.212 D/ANDR-PERF-LM( 1009): Feature: getData() 112: data.data = 0
08-03 10:38:14.212 I/ANDR-PERF-LM( 1009): FeedbackAPI: getFeedback() 60: app:com.trax.retailexecution feature:AppClassifier feedback = 0
08-03 10:38:14.229 I/SarService( 2817): Receiver polling >>>> Change receiver mode: off
08-03 10:38:14.233 I/ANDR-PERF-LM( 1009): LMPerfGlue: perfmodule_submit_request() 132: perfmodule_submit_request()
08-03 10:38:14.233 I/ANDR-PERF-LM( 1009): Core: getInstance() 84: LM getInstance
08-03 10:38:14.233 D/ANDR-PERF-LM( 1009): Feature: lookup() 101: Feature Name = AppClassifier, total featuers = 4, featureFound = 1
08-03 10:38:14.233 D/ANDR-PERF-LM( 1009): Feature: getData() 112: data.data = 0
08-03 10:38:14.233 I/ANDR-PERF-LM( 1009): FeedbackAPI: getFeedback() 60: app:com.trax.retailexecution feature:AppClassifier feedback = 0
08-03 10:38:14.249 I/ANDR-PERF-LM( 1009): LMPerfGlue: perfmodule_submit_request() 132: perfmodule_submit_request()
08-03 10:38:14.249 I/ANDR-PERF-LM( 1009): Core: getInstance() 84: LM getInstance
