08-03 10:37:42.787 E/GmsConnectionFactory(15826): 	at aofy.a(:com.google.android.gms@232617037@23.26.17 (150400-551657477):148)
08-03 10:37:42.787 E/GmsConnectionFactory(15826): 	at arbm.c(:com.google.android.gms@232617037@23.26.17 (150400-551657477):119)
08-03 10:37:42.787 E/GmsConnectionFactory(15826): 	at arbd.d(:com.google.android.gms@232617037@23.26.17 (150400-551657477):11)
08-03 10:37:42.787 E/GmsConnectionFactory(15826): 	at arbi.a(:com.google.android.gms@232617037@23.26.17 (150400-551657477):4)
08-03 10:37:42.787 E/GmsConnectionFactory(15826): 	at arbd.b(:com.google.android.gms@232617037@23.26.17 (150400-551657477):86)
08-03 10:37:42.787 E/GmsConnectionFactory(15826): 	at arbd.execute(:com.google.android.gms@232617037@23.26.17 (150400-551657477):8)
08-03 10:37:42.787 E/GmsConnectionFactory(15826): 	at arbd.execute(:com.google.android.gms@232617037@23.26.17 (150400-551657477):5)
08-03 10:37:42.787 E/GmsConnectionFactory(15826): 	at apmw.h(:com.google.android.gms@232617037@23.26.17 (150400-551657477):521)
08-03 10:37:42.787 E/GmsConnectionFactory(15826): 	at apmr.run(:com.google.android.gms@232617037@23.26.17 (150400-551657477):13)
08-03 10:37:42.787 E/GmsConnectionFactory(15826): 	at acjp.c(:com.google.android.gms@232617037@23.26.17 (150400-551657477):50)
08-03 10:37:42.787 E/GmsConnectionFactory(15826): 	at acjp.run(:com.google.android.gms@232617037@23.26.17 (150400-551657477):76)
08-03 10:37:42.787 E/GmsConnectionFactory(15826): 	at java.util.concurrent.ThreadPoolExecutor.runWorker(ThreadPoolExecutor.java:1167)
08-03 10:37:42.787 E/GmsConnectionFactory(15826): 	at java.util.concurrent.ThreadPoolExecutor$Worker.run(ThreadPoolExecutor.java:641)
08-03 10:37:42.787 E/GmsConnectionFactory(15826): 	at acoy.run(:com.google.android.gms@232617037@23.26.17 (150400-551657477):8)
08-03 10:37:42.787 E/GmsConnectionFactory(15826): 	at java.lang.Thread.run(Thread.java:923)
08-03 10:37:42.788 W/SurfaceFlinger( 1071): eEarlyWakeup is deprecated. Use eExplicitEarlyWakeup[Start|End]
08-03 10:37:42.790 D/HomeWallpaperRenderer( 2374): OFFSET  x: 1.0  y: 0.0
08-03 10:37:42.805 W/SurfaceFlinger( 1071): eEarlyWakeup is deprecated. Use eExplicitEarlyWakeup[Start|End]
08-03 10:37:42.807 D/HomeWallpaperRenderer( 2374): OFFSET  x: 1.0  y: 0.0
08-03 10:37:42.821 I/Timeline(13297): Timeline: Activity_launch_request time:65932103
08-03 10:37:42.822 W/SurfaceFlinger( 1071): eEarlyWakeup is deprecated. Use eExplicitEarlyWakeup[Start|End]
08-03 10:37:42.823 D/HomeWallpaperRenderer( 2374): OFFSET  x: 1.0  y: 0.0
08-03 10:37:42.823 I/ActivityTaskManager( 1910): START u0 {cmp=com.trax.retailexecution/.ui.activity.login.FlutterLoginActivity} from uid 10242
08-03 10:37:42.825 I/ANDR-PERF-LM( 1009): LMPerfGlue: perfmodule_submit_request() 132: perfmodule_submit_request()
08-03 10:37:42.825 I/ANDR-PERF-LM( 1009): Core: getInstance() 84: LM getInstance
08-03 10:37:42.825 I/ANDR-PERF-LM( 1009): WQ: push() 59: LMTriggerQ push() size=0
08-03 10:37:42.825 I/ANDR-PERF-LM( 1009): WQ: push() 61: LMTriggerQ push() done size=1
08-03 10:37:42.825 I/ANDR-PERF-LM( 1009): WQ: pop() 42: LMTriggerQ pop() done size=0
08-03 10:37:42.825 I/ANDR-PERF-LM( 1009): Core: lmMain() 381: Calling runAsync for AdaptLaunch
08-03 10:37:42.825 I/ANDR-PERF-LM( 1009): Core: lmMain() 391: runAsync for AdaptLaunch returned
08-03 10:37:42.825 I/ANDR-PERF-LM( 1009): Core: lmMain() 381: Calling runAsync for PreKill
08-03 10:37:42.825 I/ANDR-PERF-LM( 1009): Core: lmMain() 391: runAsync for PreKill returned
08-03 10:37:42.825 I/ANDR-PERF-LM( 1009): Core: lmMain() 373: Waiting on trigger Queue
08-03 10:37:42.825 I/ANDR-PERF-LM( 1009): WQ: pop() 31: LMTriggerQ pop() size=0
08-03 10:37:42.831 I/chatty  ( 1016): uid=1000(system) HwBinder:1016_1 expire 11 lines
08-03 10:37:42.831 I/ANDR-PERF-LM( 1009): LMPerfGlue: perfmodule_submit_request() 132: perfmodule_submit_request()
08-03 10:37:42.831 I/ANDR-PERF-LM( 1009): Core: getInstance() 84: LM getInstance
08-03 10:37:42.831 I/ANDR-PERF-LM( 1009): WQ: push() 59: LMTriggerQ push() size=0
08-03 10:37:42.831 I/ANDR-PERF-LM( 1009): WQ: push() 61: LMTriggerQ push() done size=1
08-03 10:37:42.831 I/ANDR-PERF-LM( 1009): WQ: pop() 42: LMTriggerQ pop() done size=0
08-03 10:37:42.831 I/ANDR-PERF-LM( 1009): Core: lmMain() 381: Calling runAsync for GameOptimization
08-03 10:37:42.831 D/ANDR-PERF-LM( 1009): Feature: lookup() 101: Feature Name = AppClassifier, total featuers = 4, featureFound = 1
08-03 10:37:42.831 D/ANDR-PERF-LM( 1009): Feature: getData() 112: data.data = 0
08-03 10:37:42.831 I/ANDR-PERF-LM( 1009): Core: lmMain() 391: runAsync for GameOptimization returned
08-03 10:37:42.831 I/ANDR-PERF-LM( 1009): Core: lmMain() 373: Waiting on trigger Queue
08-03 10:37:42.831 I/ANDR-PERF-LM( 1009): WQ: pop() 31: LMTriggerQ pop() size=0
08-03 10:37:42.832 I/ANDR-PERF-LM( 1009): LMPerfGlue: perfmodule_submit_request() 132: perfmodule_submit_request()
08-03 10:37:42.832 I/ANDR-PERF-LM( 1009): Core: getInstance() 84: LM getInstance
08-03 10:37:42.832 I/ANDR-PERF-LM( 1009): WQ: push() 59: LMTriggerQ push() size=0
08-03 10:37:42.832 I/ANDR-PERF-LM( 1009): WQ: push() 61: LMTriggerQ push() done size=1
08-03 10:37:42.832 I/ANDR-PERF-LM( 1009): WQ: pop() 42: LMTriggerQ pop() done size=0
08-03 10:37:42.832 I/ANDR-PERF-LM( 1009): Core: lmMain() 381: Calling runAsync for GameOptimization
08-03 10:37:42.832 D/ANDR-PERF-LM( 1009): Feature: lookup() 101: Feature Name = AppClassifier, total featuers = 4, featureFound = 1
08-03 10:37:42.833 D/ANDR-PERF-LM( 1009): Feature: getData() 112: data.data = 0
08-03 10:37:42.833 I/ANDR-PERF-LM( 1009): Core: lmMain() 391: runAsync for GameOptimization returned
08-03 10:37:42.833 I/ANDR-PERF-LM( 1009): Core: lmMain() 373: Waiting on trigger Queue
08-03 10:37:42.833 I/ANDR-PERF-LM( 1009): WQ: pop() 31: LMTriggerQ pop() size=0
08-03 10:37:42.834 I/chatty  ( 2469): uid=1000(system) Binder:2469_7 expire 1 line
08-03 10:37:42.838 D/LauncherFsGestureCompat( 2862): componentName is com.trax.retailexecution/.ui.activity.SplashActivity
08-03 10:37:42.839 W/SurfaceFlinger( 1071): eEarlyWakeup is deprecated. Use eExplicitEarlyWakeup[Start|End]
08-03 10:37:42.839 W/Conscrypt(15826): Could not set socket write timeout: java.net.SocketException: Socket closed
08-03 10:37:42.839 W/Conscrypt(15826): 	at com.google.android.gms.org.conscrypt.Platform.setSocketWriteTimeout(:com.google.android.gms@232617037@23.26.17 (150400-551657477):226)
08-03 10:37:42.840 W/Conscrypt(15826): 	at com.google.android.gms.org.conscrypt.ConscryptFileDescriptorSocket.setSoWriteTimeout(:com.google.android.gms@232617037@23.26.17 (150400-551657477):4)
08-03 10:37:42.840 D/HomeWallpaperRenderer( 2374): OFFSET  x: 1.0  y: 0.0
08-03 10:37:42.853 I/AdrenoGLES-0(13297): QUALCOMM build                   : 559e78c, Ib9d997268a
08-03 10:37:42.853 I/AdrenoGLES-0(13297): Build Date                       : 10/13/20
08-03 10:37:42.853 I/AdrenoGLES-0(13297): OpenGL ES Shader Compiler Version: EV031.32.02.02
08-03 10:37:42.853 I/AdrenoGLES-0(13297): Local Branch                     : 
08-03 10:37:42.853 I/AdrenoGLES-0(13297): Remote Branch                    : 
08-03 10:37:42.853 I/AdrenoGLES-0(13297): Remote Branch                    : 
08-03 10:37:42.853 I/AdrenoGLES-0(13297): Reconstruct Branch               : 
08-03 10:37:42.853 I/AdrenoGLES-0(13297): Build Config                     : S P 10.0.7 AArch64
08-03 10:37:42.853 I/AdrenoGLES-0(13297): Driver Path                      : /vendor/lib64/egl/libGLESv2_adreno.so
08-03 10:37:42.856 W/SurfaceFlinger( 1071): eEarlyWakeup is deprecated. Use eExplicitEarlyWakeup[Start|End]
08-03 10:37:42.858 I/AdrenoGLES-0(13297): PFP: 0x016ee190, ME: 0x00000000
08-03 10:37:42.860 D/HomeWallpaperRenderer( 2374): OFFSET  x: 1.0  y: 0.0
08-03 10:37:42.860 E/LauncherAnimationRunner( 2862): finish: mFinishRunnable.run
08-03 10:37:42.862 E/MiuiKeyguardWallpaper( 2374): live lock wallpaper is null
08-03 10:37:42.864 I/Timeline( 1910): Timeline: App_transition_stopped time:65932146
08-03 10:37:42.878 I/WifiHAL (  998): send gennl msg of len : 148 to apps
08-03 10:37:42.878 I/WifiHAL (  998): send gennl msg of len : 148 to apps
08-03 10:37:42.878 I/LOWI-9.0.0.56( 1526): [LOWI-Scan] lowi_close_record:Scan done in 73038730ms, 1 APs in scan results
08-03 10:37:42.878 I/LOWI-9.0.0.56( 1526): [LOWI-ROME-RTT] event_handler: invalid data
08-03 10:37:42.885 W/Conscrypt(15826): Could not set socket write timeout: java.net.SocketException: Socket closed
08-03 10:37:42.885 W/Conscrypt(15826): 	at com.google.android.gms.org.conscrypt.Platform.setSocketWriteTimeout(:com.google.android.gms@232617037@23.26.17 (150400-551657477):226)
08-03 10:37:42.885 W/Conscrypt(15826): 	at com.google.android.gms.org.conscrypt.ConscryptFileDescriptorSocket.setSoWriteTimeout(:com.google.android.gms@232617037@23.26.17 (150400-551657477):4)
08-03 10:37:42.911 I/ANDR-PERF-LM( 1009): LMPerfGlue: perfmodule_submit_request() 132: perfmodule_submit_request()
08-03 10:37:42.911 I/ANDR-PERF-LM( 1009): Core: getInstance() 84: LM getInstance
08-03 10:37:42.911 I/ANDR-PERF-LM( 1009): WQ: push() 59: LMTriggerQ push() size=0
08-03 10:37:42.911 I/ANDR-PERF-LM( 1009): WQ: push() 61: LMTriggerQ push() done size=1
08-03 10:37:42.911 D/ANDR-PERF-LM( 1009): ThreadHelper: wakeUp() 103: (Meter,Helper,Name,pending)=(0xb4000077a06287c0,0xb4000077a0668120,PreKillActionThread,1)
08-03 10:37:42.912 I/Timeline( 1910): Timeline: Activity_windows_visible id: ActivityRecord{ac1bfca u0 com.trax.retailexecution/.ui.activity.SplashActivity t48 f}} time:65932194
08-03 10:37:42.912 I/ANDR-PERF-LM( 1009): WQ: pop() 42: LMTriggerQ pop() done size=0
08-03 10:37:42.912 I/ANDR-PERF-LM( 1009): Core: lmMain() 381: Calling runAsync for PreKill
08-03 10:37:42.912 I/ANDR-PERF-LM( 1009): Core: lmMain() 391: runAsync for PreKill returned
08-03 10:37:42.912 I/ANDR-PERF-LM( 1009): Core: lmMain() 373: Waiting on trigger Queue
08-03 10:37:42.912 I/ANDR-PERF-LM( 1009): WQ: pop() 31: LMTriggerQ pop() size=0
08-03 10:37:42.912 D/ANDR-PERF-LM( 1009): ThreadHelper: thread_callback() 149: Starting:(Meter,Helper,Name,pending)=(0xb4000077a06287c0,0xb4000077a0668120,PreKillActionThread,0) 
08-03 10:37:42.914 D/ANDR-PERF-LM( 1009): ThreadHelper: thread_callback() 162: Returned from Start:(Meter,Helper,Name,pending)=(0xb4000077a06287c0,0xb4000077a0668120,PreKillActionThread,0) 
08-03 10:37:42.914 D/ANDR-PERF-LM( 1009): ThreadHelper: thread_callback() 134: Waiting:(Meter,Helper,Name,pending)=(0xb4000077a06287c0,0xb4000077a0668120,PreKillActionThread,0)
08-03 10:37:42.937 I/sensors-hal(  990): batch:242, android.sensor.accelerometer/11, period=20000000, max_latency=200000000
08-03 10:37:42.937 I/sensors-hal(  990): set_config:63, sample_period_ns is adjusted to 20000000 based on min/max delay_ns
08-03 10:37:42.937 I/sensors-hal(  990): batch:251, android.sensor.accelerometer/11, period=20000000, max_latency=200000000 request completed
08-03 10:37:42.942 I/ANDR-PERF-LM( 1009): LMPerfGlue: perfmodule_submit_request() 132: perfmodule_submit_request()
08-03 10:37:42.942 I/ANDR-PERF-LM( 1009): Core: getInstance() 84: LM getInstance
08-03 10:37:42.942 I/ANDR-PERF-LM( 1009): WQ: push() 59: LMTriggerQ push() size=0
08-03 10:37:42.942 I/ANDR-PERF-LM( 1009): WQ: push() 61: LMTriggerQ push() done size=1
08-03 10:37:42.942 I/ANDR-PERF-LM( 1009): WQ: pop() 42: LMTriggerQ pop() done size=0
08-03 10:37:42.942 I/ANDR-PERF-LM( 1009): Core: lmMain() 381: Calling runAsync for GameOptimization
08-03 10:37:42.942 D/ANDR-PERF-LM( 1009): Feature: lookup() 101: Feature Name = AppClassifier, total featuers = 4, featureFound = 1
08-03 10:37:42.942 D/ANDR-PERF-LM( 1009): Feature: getData() 112: data.data = 0
08-03 10:37:42.943 I/ANDR-PERF-LM( 1009): Core: lmMain() 391: runAsync for GameOptimization returned
08-03 10:37:42.943 I/ANDR-PERF-LM( 1009): Core: lmMain() 373: Waiting on trigger Queue
08-03 10:37:42.943 I/ANDR-PERF-LM( 1009): WQ: pop() 31: LMTriggerQ pop() size=0
08-03 10:37:42.943 I/ActivityTaskManager( 1910): The Process com.trax.retailexecution Already Exists in BG. So sending its PID: 13297
08-03 10:37:42.943 I/ANDR-PERF-LM( 1009): LMPerfGlue: perfmodule_submit_request() 132: perfmodule_submit_request()
08-03 10:37:42.943 I/ANDR-PERF-LM( 1009): Core: getInstance() 84: LM getInstance
08-03 10:37:42.943 I/ANDR-PERF-LM( 1009): WQ: push() 59: LMTriggerQ push() size=0
08-03 10:37:42.943 I/ANDR-PERF-LM( 1009): WQ: push() 61: LMTriggerQ push() done size=1
08-03 10:37:42.943 I/ANDR-PERF-LM( 1009): WQ: pop() 42: LMTriggerQ pop() done size=0
08-03 10:37:42.943 I/ANDR-PERF-LM( 1009): Core: lmMain() 381: Calling runAsync for AdaptLaunch
08-03 10:37:42.944 I/ANDR-PERF-LM( 1009): MetaMeter: isValidAsync() 194: AsyncInfo: hintID = 4225
08-03 10:37:42.944 I/ANDR-PERF-LM( 1009): hintType: 102
08-03 10:37:42.944 I/ANDR-PERF-LM( 1009): isPrimary = 0
08-03 10:37:42.944 I/ANDR-PERF-LM( 1009): MetaMeter: isValidAsync() 203: Invalid (hintID,hintType,appName,duration,appPID,appThreadTID) = (4225, 102,com.trax.retailexecution,13297,1910,5332)
08-03 10:37:42.944 E/ANDR-PERF-LM( 1009): MetaMeter: handleAsync() 164: AdaptLaunch Invalid Async
08-03 10:37:42.944 I/ANDR-PERF-LM( 1009): Core: lmMain() 391: runAsync for AdaptLaunch returned
08-03 10:37:42.944 I/ANDR-PERF-LM( 1009): Core: lmMain() 381: Calling runAsync for PreKill
08-03 10:37:42.944 I/ANDR-PERF-LM( 1009): MetaMeter: isValidAsync() 194: AsyncInfo: hintID = 4225
08-03 10:37:42.944 I/ANDR-PERF-LM( 1009): hintType: 102
08-03 10:37:42.944 I/ANDR-PERF-LM( 1009): isPrimary = 0
08-03 10:37:42.944 I/ANDR-PERF-LM( 1009): MetaMeter: isValidAsync() 196: (hintID,hintType,Primary) = (4225, 102, 1)
08-03 10:37:42.944 I/ANDR-PERF-LM( 1009): MetaMeter: handleAsync() 173: PreKill MetaMeter handleAsync start() Entry
08-03 10:37:42.944 I/ANDR-PERF-LM( 1009): MetaMeter: isPrimaryASync() 185: (hintID,hintType,Primary) = (4225, 102, 1)
08-03 10:37:42.944 D/ANDR-PERF-LM( 1009): MetaMeter: handlePrimaryAsync() 102: PreKill MeterMgr-0 oldState = 0, newState = 1, asyncId = 4225
08-03 10:37:42.944 D/ANDR-PERF-LM( 1009): MetaMeter: handlePrimaryAsync() 109: PreKill starting meters 0
08-03 10:37:42.944 I/ANDR-PERF-LM( 1009): MetaMeter: startMeters() 221: AsyncInfo:(hintID,hintType,Primary,MeterHelper,started)=(4225,102,1,0xb4000077a0667d60,0)
08-03 10:37:42.944 D/ANDR-PERF-LM( 1009): ThreadHelper: wakeUp() 103: (Meter,Helper,Name,pending)=(0xb4000077a06282c0,0xb4000077a0667e00,PreKill Memory,1)
08-03 10:37:42.944 I/ANDR-PERF-LM( 1009): MetaMeter: handleAsync() 189: PreKill MetaMeter handleAsync End() Exit
08-03 10:37:42.944 I/ANDR-PERF-LM( 1009): Core: lmMain() 391: runAsync for PreKill returned
08-03 10:37:42.944 I/ANDR-PERF-LM( 1009): Core: lmMain() 373: Waiting on trigger Queue
08-03 10:37:42.944 I/ANDR-PERF-LM( 1009): WQ: pop() 31: LMTriggerQ pop() size=0
08-03 10:37:42.944 W/ActivityTaskManager( 1910): Tried to set launchTime (0) < mLastActivityLaunchTime (65931594)
08-03 10:37:42.944 D/ANDR-PERF-LM( 1009): ThreadHelper: thread_callback() 149: Starting:(Meter,Helper,Name,pending)=(0xb4000077a06282c0,0xb4000077a0667e00,PreKill Memory,0) 
08-03 10:37:42.945 I/chatty  ( 1910): uid=1000(system) Binder:1910_1A expire 3 lines
08-03 10:37:42.945 I/chatty  ( 1016): uid=1000(system) HwBinder:1016_2 expire 31 lines
08-03 10:37:42.954 I/Timeline( 1910): Timeline: App_transition_ready time:65932236
08-03 10:37:42.968 I/ANDR-PERF-LM( 1009): LMPerfGlue: perfmodule_submit_request() 132: perfmodule_submit_request()
08-03 10:37:42.968 I/ANDR-PERF-LM( 1009): Core: getInstance() 84: LM getInstance
08-03 10:37:42.968 D/ANDR-PERF-LM( 1009): Feature: lookup() 101: Feature Name = AppClassifier, total featuers = 4, featureFound = 1
08-03 10:37:42.968 D/ANDR-PERF-LM( 1009): Feature: getData() 112: data.data = 0
08-03 10:37:42.968 I/ANDR-PERF-LM( 1009): FeedbackAPI: getFeedback() 60: app:com.trax.retailexecution feature:AppClassifier feedback = 0
08-03 10:37:42.971 I/SarService( 2817): Receiver polling >>>> Change receiver mode: off
08-03 10:37:42.998 W/retailexecution(13297): type=1400 audit(0.0:23379): avc: denied { read } for name="max_map_count" dev="proc" ino=3218975 scontext=u:r:untrusted_app:s0:c242,c256,c512,c768 tcontext=u:object_r:proc_max_map_count:s0 tclass=file permissive=0 app=com.trax.retailexecution
08-03 10:37:43.032 D/QCNEJ/WlanStaInfoRelay( 2792): Received action: android.net.wifi.RSSI_CHANGED
08-03 10:37:43.045 I/CarrierServices(26203): [4669] gom.handleMessage: RcsEngineImpl[DUAL_REG]:[7caf0558-b1c4]>Handler: handleMessage processing message:[NOTIFY_UPTIME_IGNORE_STATE_CHANGED] with [non-null]:RcsEngineImpl reference
08-03 10:37:43.045 I/CarrierServices(26203): [4670] fwo.c: Connected state: [1], networkType: [WIFI]
08-03 10:37:43.052 I/chatty  ( 1910): uid=1000(system) WifiHandlerThre expire 10 lines
08-03 10:37:43.052 I/chatty  ( 1910): uid=1000(system) EthernetService expire 2 lines
08-03 10:37:43.053 D/PhoneSwitcherNetworkRequstListener( 2817): got request NetworkRequest [ TRACK_DEFAULT id=3158, [ Capabilities: INTERNET&NOT_RESTRICTED&TRUSTED Uid: 10242 AdministratorUids: [] RequestorUid: 10242 RequestorPackageName: com.trax.retailexecution] ] with score 55 and providerId 5
08-03 10:37:43.053 I/SCTaskStackListener(17755): onTaskStackChanged! inSplit = false
08-03 10:37:43.054 I/SCTaskStackListener(17755): onTaskStackChanged! inSplit = false
08-03 10:37:43.066 D/DecorView[](13297): getWindowModeFromSystem  windowmode is 1
08-03 10:37:43.066 D/DecorView(13297): createDecorCaptionView windowingMode:1 mWindowMode 1 isFullscreen: true
08-03 10:37:43.081 I/sensors-hal(  990): flush:271, android.sensor.accelerometer/11
08-03 10:37:43.081 I/sensors-hal(  990): flush:277, android.sensor.accelerometer/11 completed
08-03 10:37:43.083 I/sensors-hal(  990): ssc_conn_resp_cb:651, resp_value = 0
08-03 10:37:43.086 W/NetworkScheduler(15826): Error inserting flex_time=658000 job_id=-1 period=1318000 source=16 requires_charging=0 preferred_network_type=1 target_class=com.google.android.gms.measurement.PackageMeasurementTaskService user_id=0 target_package=com.google.android.gms tag=Measurement.PackageMeasurementTaskService.UPLOAD_TASK_TAG task_type=0 required_idleness_state=0 service_kind=0 source_version=232617000 persistence_level=1 preferred_charging_state=1 required_network_type=0 runtime=1691051863078 retry_strategy={"maximum_backoff_seconds":{"3600":0},"initial_backoff_seconds":{"30":0},"retry_policy":{"0":0}} last_runtime=0 [CONTEXT service_id=218 ]
08-03 10:37:43.086 W/NetworkScheduler(15826): android.database.sqlite.SQLiteConstraintException: UNIQUE constraint failed: pending_ops.tag, pending_ops.target_class, pending_ops.target_package, pending_ops.user_id (code 2067 SQLITE_CONSTRAINT_UNIQUE)
08-03 10:37:43.086 W/NetworkScheduler(15826): 	at android.database.sqlite.SQLiteConnection.nativeExecuteForLastInsertedRowId(Native Method)
08-03 10:37:43.086 W/NetworkScheduler(15826): 	at android.database.sqlite.SQLiteConnection.executeForLastInsertedRowId(SQLiteConnection.java:938)
08-03 10:37:43.086 W/NetworkScheduler(15826): 	at android.database.sqlite.SQLiteSession.executeForLastInsertedRowId(SQLiteSession.java:790)
08-03 10:37:43.086 W/NetworkScheduler(15826): 	at android.database.sqlite.SQLiteStatement.executeInsert(SQLiteStatement.java:88)
08-03 10:37:43.086 W/NetworkScheduler(15826): 	at android.database.sqlite.SQLiteDatabase.insertWithOnConflict(SQLiteDatabase.java:1701)
08-03 10:37:43.086 W/NetworkScheduler(15826): 	at android.database.sqlite.SQLiteDatabase.insertOrThrow(SQLiteDatabase.java:1596)
08-03 10:37:43.086 W/NetworkScheduler(15826): 	at bpsz.f(:com.google.android.gms@232617037@23.26.17 (150400-551657477):722)
08-03 10:37:43.086 W/NetworkScheduler(15826): 	at bprt.n(:com.google.android.gms@232617037@23.26.17 (150400-551657477):29)
08-03 10:37:43.086 W/NetworkScheduler(15826): 	at bprt.u(:com.google.android.gms@232617037@23.26.17 (150400-551657477):225)
08-03 10:37:43.086 W/NetworkScheduler(15826): 	at bprt.h(:com.google.android.gms@232617037@23.26.17 (150400-551657477):54)
08-03 10:37:43.086 W/NetworkScheduler(15826): 	at bpnl.run(:com.google.android.gms@232617037@23.26.17 (150400-551657477):72)
08-03 10:37:43.086 W/NetworkScheduler(15826): 	at acjp.c(:com.google.android.gms@232617037@23.26.17 (150400-551657477):50)
08-03 10:37:43.086 W/NetworkScheduler(15826): 	at acjp.run(:com.google.android.gms@232617037@23.26.17 (150400-551657477):76)
08-03 10:37:43.086 W/NetworkScheduler(15826): 	at java.util.concurrent.ThreadPoolExecutor.runWorker(ThreadPoolExecutor.java:1167)
08-03 10:37:43.086 W/NetworkScheduler(15826): 	at java.util.concurrent.ThreadPoolExecutor$Worker.run(ThreadPoolExecutor.java:641)
08-03 10:37:43.086 W/NetworkScheduler(15826): 	at acoy.run(:com.google.android.gms@232617037@23.26.17 (150400-551657477):8)
08-03 10:37:43.086 W/NetworkScheduler(15826): 	at java.lang.Thread.run(Thread.java:923)
08-03 10:37:43.088 D/DecorView[](13297): getWindowModeFromSystem  windowmode is 1
08-03 10:37:43.093 D/RecentsImpl( 2862): mActivityStateObserver com.trax.retailexecution.ui.activity.login.FlutterLoginActivity
08-03 10:37:43.093 W/RecentsImpl( 2862): onResumed className=com.trax.retailexecution.ui.activity.login.FlutterLoginActivity   mIsInAnotherPro=false
08-03 10:37:43.171 I/SarService( 2817): Receiver polling >>>> Change receiver mode: off
08-03 10:37:43.186 D/SurfaceView(13297): UPDATE null, mIsCastMode = false
08-03 10:37:43.372 I/SarService( 2817): Receiver polling >>>> Change receiver mode: off
08-03 10:37:43.389 W/NetworkScheduler(15826): Error inserting flex_time=658000 job_id=-1 period=1318000 source=16 requires_charging=0 preferred_network_type=1 target_class=com.google.android.gms.measurement.PackageMeasurementTaskService user_id=0 target_package=com.google.android.gms tag=Measurement.PackageMeasurementTaskService.UPLOAD_TASK_TAG task_type=0 required_idleness_state=0 service_kind=0 source_version=232617000 persistence_level=1 preferred_charging_state=1 required_network_type=0 runtime=1691051863385 retry_strategy={"maximum_backoff_seconds":{"3600":0},"initial_backoff_seconds":{"30":0},"retry_policy":{"0":0}} last_runtime=0 [CONTEXT service_id=218 ]
08-03 10:37:43.389 W/NetworkScheduler(15826): android.database.sqlite.SQLiteConstraintException: UNIQUE constraint failed: pending_ops.tag, pending_ops.target_class, pending_ops.target_package, pending_ops.user_id (code 2067 SQLITE_CONSTRAINT_UNIQUE)
08-03 10:37:43.389 W/NetworkScheduler(15826): 	at android.database.sqlite.SQLiteConnection.nativeExecuteForLastInsertedRowId(Native Method)
08-03 10:37:43.389 W/NetworkScheduler(15826): 	at android.database.sqlite.SQLiteConnection.executeForLastInsertedRowId(SQLiteConnection.java:938)
08-03 10:37:43.389 W/NetworkScheduler(15826): 	at android.database.sqlite.SQLiteSession.executeForLastInsertedRowId(SQLiteSession.java:790)
08-03 10:37:43.389 W/NetworkScheduler(15826): 	at android.database.sqlite.SQLiteStatement.executeInsert(SQLiteStatement.java:88)
08-03 10:37:43.389 W/NetworkScheduler(15826): 	at android.database.sqlite.SQLiteDatabase.insertWithOnConflict(SQLiteDatabase.java:1701)
08-03 10:37:43.389 W/NetworkScheduler(15826): 	at android.database.sqlite.SQLiteDatabase.insertOrThrow(SQLiteDatabase.java:1596)
08-03 10:37:43.389 W/NetworkScheduler(15826): 	at bpsz.f(:com.google.android.gms@232617037@23.26.17 (150400-551657477):722)
08-03 10:37:43.389 W/NetworkScheduler(15826): 	at bprt.n(:com.google.android.gms@232617037@23.26.17 (150400-551657477):29)
08-03 10:37:43.389 W/NetworkScheduler(15826): 	at bprt.u(:com.google.android.gms@232617037@23.26.17 (150400-551657477):225)
08-03 10:37:43.389 W/NetworkScheduler(15826): 	at bprt.h(:com.google.android.gms@232617037@23.26.17 (150400-551657477):54)
08-03 10:37:43.389 W/NetworkScheduler(15826): 	at bpnl.run(:com.google.android.gms@232617037@23.26.17 (150400-551657477):72)
08-03 10:37:43.389 W/NetworkScheduler(15826): 	at acjp.c(:com.google.android.gms@232617037@23.26.17 (150400-551657477):50)
08-03 10:37:43.389 W/NetworkScheduler(15826): 	at acjp.run(:com.google.android.gms@232617037@23.26.17 (150400-551657477):76)
08-03 10:37:43.389 W/NetworkScheduler(15826): 	at java.util.concurrent.ThreadPoolExecutor.runWorker(ThreadPoolExecutor.java:1167)
08-03 10:37:43.389 W/NetworkScheduler(15826): 	at java.util.concurrent.ThreadPoolExecutor$Worker.run(ThreadPoolExecutor.java:641)
08-03 10:37:43.389 W/NetworkScheduler(15826): 	at acoy.run(:com.google.android.gms@232617037@23.26.17 (150400-551657477):8)
08-03 10:37:43.389 W/NetworkScheduler(15826): 	at java.lang.Thread.run(Thread.java:923)
08-03 10:37:43.401 I/ANDR-PERF-LM( 1009): LMPerfGlue: perfmodule_submit_request() 132: perfmodule_submit_request()
08-03 10:37:43.401 I/ANDR-PERF-LM( 1009): Core: getInstance() 84: LM getInstance
08-03 10:37:43.401 I/ANDR-PERF-LM( 1009): WQ: push() 59: LMTriggerQ push() size=0
08-03 10:37:43.401 I/ANDR-PERF-LM( 1009): WQ: push() 61: LMTriggerQ push() done size=1
08-03 10:37:43.401 D/ANDR-PERF-LM( 1009): ThreadHelper: wakeUp() 103: (Meter,Helper,Name,pending)=(0xb4000077a06287c0,0xb4000077a0668120,PreKillActionThread,1)
08-03 10:37:43.401 I/Timeline( 1910): Timeline: Activity_windows_visible id: ActivityRecord{f586a51 u0 com.trax.retailexecution/.ui.activity.login.FlutterLoginActivity t48} time:65932683
08-03 10:37:43.403 I/chatty  ( 1910): uid=1000(system) android.bg expire 4 lines
08-03 10:37:43.404 I/ANDR-PERF-LM( 1009): WQ: pop() 42: LMTriggerQ pop() done size=0
08-03 10:37:43.404 I/ANDR-PERF-LM( 1009): Core: lmMain() 381: Calling runAsync for PreKill
08-03 10:37:43.404 I/ANDR-PERF-LM( 1009): Core: lmMain() 391: runAsync for PreKill returned
08-03 10:37:43.404 I/ANDR-PERF-LM( 1009): Core: lmMain() 373: Waiting on trigger Queue
08-03 10:37:43.404 I/ANDR-PERF-LM( 1009): WQ: pop() 31: LMTriggerQ pop() size=0
08-03 10:37:43.404 D/ANDR-PERF-LM( 1009): ThreadHelper: thread_callback() 149: Starting:(Meter,Helper,Name,pending)=(0xb4000077a06287c0,0xb4000077a0668120,PreKillActionThread,0) 
08-03 10:37:43.405 I/ANDR-PERF-LM( 1009): LMPerfGlue: perfmodule_submit_request() 132: perfmodule_submit_request()
08-03 10:37:43.405 I/ANDR-PERF-LM( 1009): Core: getInstance() 84: LM getInstance
08-03 10:37:43.405 D/ANDR-PERF-LM( 1009): Feature: lookup() 101: Feature Name = AppClassifier, total featuers = 4, featureFound = 1
08-03 10:37:43.405 D/ANDR-PERF-LM( 1009): Feature: getData() 112: data.data = 0
08-03 10:37:43.405 I/ANDR-PERF-LM( 1009): FeedbackAPI: getFeedback() 60: app:com.trax.retailexecution feature:AppClassifier feedback = 0
08-03 10:37:43.408 I/chatty  ( 1910): uid=1000(system) Binder:1910_1B expire 9 lines
08-03 10:37:43.411 D/ANDR-PERF-LM( 1009): ThreadHelper: thread_callback() 162: Returned from Start:(Meter,Helper,Name,pending)=(0xb4000077a06287c0,0xb4000077a0668120,PreKillActionThread,0) 
08-03 10:37:43.411 D/ANDR-PERF-LM( 1009): ThreadHelper: thread_callback() 134: Waiting:(Meter,Helper,Name,pending)=(0xb4000077a06287c0,0xb4000077a0668120,PreKillActionThread,0)
08-03 10:37:43.446 I/Timeline( 1910): Timeline: App_transition_stopped time:65932728
08-03 10:37:43.454 D/Launcher.Lifecycle( 2862): onStop:UserHandle{0},19c656f,false
08-03 10:37:43.467 I/dnwd    (  910): onStop
08-03 10:37:43.516 I/chatty  ( 1910): uid=1000(system) ReferenceQueueD expire 4 lines
08-03 10:37:43.519 D/Zygote  (  841): Forked child process 13457
08-03 10:37:43.521 I/ActivityManager( 1910): Start proc 13457:com.xiaomi.discover/u0a112 for service {com.xiaomi.discover/com.xiaomi.downloader.service.DownloadService} caller=com.xiaomi.discover
08-03 10:37:43.522 W/Zygote  (13457): Unable to open libbeluga.so: dlopen failed: library "libbeluga.so" not found.
08-03 10:37:43.542 I/chatty  ( 1910): uid=1000(system) FinalizerDaemon expire 1 line
08-03 10:37:43.543 E/xiaomi.discove(13457): Not starting debugger since process cannot load the jdwp agent.
08-03 10:37:43.553 W/Looper  (13297): PerfMonitor doFrame : time=1ms vsyncFrame=0 latency=380ms procState=2 historyMsgCount=9 (msgIndex=1 wall=231ms seq=77 running=7ms runnable=3ms late=73ms h=android.view.Choreographer$FrameHandler c=android.view.Choreographer$FrameDisplayEventReceiver) (msgIndex=4 wall=74ms seq=80 running=1ms late=321ms h=android.app.job.JobServiceEngine$JobHandler w=2) (msgIndex=8 wall=62ms seq=84 late=332ms h=android.app.job.JobServiceEngine$JobHandler w=2)
08-03 10:37:43.572 I/SarService( 2817): Receiver polling >>>> Change receiver mode: off
08-03 10:37:43.572 I/GoogleInputMethodService(16350): GoogleInputMethodService.onFinishInput():3303 
08-03 10:37:43.573 I/GoogleInputMethodService(16350): GoogleInputMethodService.updateDeviceLockedStatus():2122 repeatCheckTimes = 0, locked = false
08-03 10:37:43.573 I/GoogleInputMethodService(16350): GoogleInputMethodService.onStartInput():1902 onStartInput(EditorInfo{EditorInfo{packageName=com.trax.retailexecution, inputType=0, inputTypeString=NULL, enableLearning=false, autoCorrection=false, autoComplete=false, imeOptions=0, privateImeOptions=null, actionName=UNSPECIFIED, actionLabel=null, initialSelStart=-1, initialSelEnd=-1, initialCapsMode=0, label=null, fieldId=-1, fieldName=null, extras=null, hintText=null, hintLocales=[]}}, false)
08-03 10:37:43.573 I/GoogleInputMethodService(16350): GoogleInputMethodService.shouldHideHeaderOnInitialState():1985 ShouldHideHeaderOnInitialState = false
08-03 10:37:43.574 I/GoogleInputMethodService(16350): GoogleInputMethodService.updateDeviceLockedStatus():2122 repeatCheckTimes = 1, locked = false
08-03 10:37:43.588 I/FontLog (15826): (REDACTED) Received query %s, URI %s
08-03 10:37:43.588 I/FontLog (15826): (REDACTED) Query [%s] resolved to %s
08-03 10:37:43.590 I/FontLog (15826): (REDACTED) Fetch %s end status %s
08-03 10:37:43.596 I/FontLog (15826): (REDACTED) Pulling font file for id = %d, cache size = %d
08-03 10:37:43.601 I/FontLog (15826): (REDACTED) Pulling font file for id = %d, cache size = %d
08-03 10:37:43.655 I/ANDR-PERF-LM( 1009): LMPerfGlue: perfmodule_submit_request() 132: perfmodule_submit_request()
08-03 10:37:43.655 I/ANDR-PERF-LM( 1009): Core: getInstance() 84: LM getInstance
08-03 10:37:43.655 D/ANDR-PERF-LM( 1009): Feature: lookup() 101: Feature Name = AppClassifier, total featuers = 4, featureFound = 1
08-03 10:37:43.655 D/ANDR-PERF-LM( 1009): Feature: getData() 112: data.data = 0
08-03 10:37:43.655 I/ANDR-PERF-LM( 1009): FeedbackAPI: getFeedback() 60: app:com.trax.retailexecution feature:AppClassifier feedback = 0
08-03 10:37:43.677 I/Perf    (13457): Connecting to perf service.
08-03 10:37:43.696 D/NetworkSecurityConfig(13457): Using Network Security Config from resource network_security_config debugBuild: false
08-03 10:37:43.700 D/NetworkSecurityConfig(13457): Using Network Security Config from resource network_security_config debugBuild: false
08-03 10:37:43.710 I/ANDR-PERF-LM( 1009): LMPerfGlue: perfmodule_submit_request() 132: perfmodule_submit_request()
08-03 10:37:43.710 I/ANDR-PERF-LM( 1009): Core: getInstance() 84: LM getInstance
08-03 10:37:43.710 I/ANDR-PERF-LM( 1009): WQ: push() 59: LMTriggerQ push() size=0
08-03 10:37:43.710 I/ANDR-PERF-LM( 1009): WQ: push() 61: LMTriggerQ push() done size=1
08-03 10:37:43.710 I/ANDR-PERF-LM( 1009): WQ: pop() 42: LMTriggerQ pop() done size=0
08-03 10:37:43.710 I/ANDR-PERF-LM( 1009): Core: lmMain() 381: Calling runAsync for AdaptLaunch
08-03 10:37:43.710 I/ANDR-PERF-LM( 1009): Core: lmMain() 391: runAsync for AdaptLaunch returned
08-03 10:37:43.710 I/ANDR-PERF-LM( 1009): Core: lmMain() 381: Calling runAsync for GameOptimization
08-03 10:37:43.710 I/ANDR-PERF-LM( 1009): Core: lmMain() 391: runAsync for GameOptimization returned
08-03 10:37:43.710 I/ANDR-PERF-LM( 1009): Core: lmMain() 381: Calling runAsync for PreKill
08-03 10:37:43.710 W/ANDR-PERF-LM( 1009): FeatureState: readState() 149: warning: appName is NULL, returning default State
08-03 10:37:43.710 I/ANDR-PERF-LM( 1009): MetaMeter: isValidAsync() 194: AsyncInfo: hintID = 4163
08-03 10:37:43.710 I/ANDR-PERF-LM( 1009): hintType: -1
08-03 10:37:43.710 I/ANDR-PERF-LM( 1009): isPrimary = 0
08-03 10:37:43.710 I/ANDR-PERF-LM( 1009): MetaMeter: isValidAsync() 199: (hintID,hintType,Primary) = (4163, -1, 0)
08-03 10:37:43.710 W/ANDR-PERF-LM( 1009): FeatureState: readState() 149: warning: appName is NULL, returning default State
08-03 10:37:43.710 I/ANDR-PERF-LM( 1009): MetaMeter: handleAsync() 173: PreKill MetaMeter handleAsync start() Entry
08-03 10:37:43.710 I/ANDR-PERF-LM( 1009): MetaMeter: isPrimaryASync() 188: (hintID,hintType,Primary) = (4163, -1, 0)
08-03 10:37:43.710 D/ANDR-PERF-LM( 1009): MetaMeter: handleSecondaryAsync() 138: PreKill MeterMgr-0 oldState = 1, newState = 1, asyncId = 4163
08-03 10:37:43.710 D/ANDR-PERF-LM( 1009): MetaMeter: handleSecondaryAsync() 145: PreKill starting meters on 0
08-03 10:37:43.710 I/ANDR-PERF-LM( 1009): MetaMeter: startMeters() 221: AsyncInfo:(hintID,hintType,Primary,MeterHelper,started)=(4163,-1,0,0xb4000077a0667d60,1)
08-03 10:37:43.710 I/ANDR-PERF-LM( 1009): MetaMeter: handleAsync() 189: PreKill MetaMeter handleAsync End() Exit
08-03 10:37:43.710 I/ANDR-PERF-LM( 1009): Core: lmMain() 391: runAsync for PreKill returned
08-03 10:37:43.710 I/ANDR-PERF-LM( 1009): Core: lmMain() 373: Waiting on trigger Queue
08-03 10:37:43.710 I/ANDR-PERF-LM( 1009): WQ: pop() 31: LMTriggerQ pop() size=0
08-03 10:37:43.752 D/AutoDensity(13457): autodensity debugEnable = 
08-03 10:37:43.772 I/SarService( 2817): Receiver polling >>>> Change receiver mode: off
08-03 10:37:43.787 I/System.out(13457): setFirebaseEnable:13
08-03 10:37:43.788 I/ANDR-PERF-LM( 1009): LMPerfGlue: perfmodule_submit_request() 132: perfmodule_submit_request()
08-03 10:37:43.789 I/ANDR-PERF-LM( 1009): Core: getInstance() 84: LM getInstance
08-03 10:37:43.789 D/ANDR-PERF-LM( 1009): Feature: lookup() 101: Feature Name = AppClassifier, total featuers = 4, featureFound = 1
08-03 10:37:43.789 D/ANDR-PERF-LM( 1009): Feature: getData() 112: data.data = 1
08-03 10:37:43.789 I/ANDR-PERF-LM( 1009): FeedbackAPI: getFeedback() 60: app:com.xiaomi.discover feature:AppClassifier feedback = 1
08-03 10:37:43.790 I/SystemUpdate-SuperDownload(13457): DownloadService onCreate!
08-03 10:37:43.796 I/SystemUpdate-LocalAppManager(13457): load local apps from system : begin
08-03 10:37:43.848 D/ANDR-PERF-LM( 1009): MetaMeter: notifyReceiver() 141: PreKill : (Id : total,started,returned) = (0,1,1,1) 
08-03 10:37:43.848 I/ANDR-PERF-LM( 1009): FeatureState: FeatureState() 29: createStateDb PreKill
08-03 10:37:43.849 I/ANDR-PERF-LM( 1009): FeatureState: readState() 162: PreKill: DB: com.google.android.gms/.gcm.PushMessagingRegistrarProxy app state = 1
08-03 10:37:43.849 D/ANDR-PERF-LM( 1009): MetaMeter: notifyReceiver() 162: PreKill : (Id : total,started,returned,state) = (0,1,0,0,0) 
08-03 10:37:43.849 D/ANDR-PERF-LM( 1009): ThreadHelper: thread_callback() 162: Returned from Start:(Meter,Helper,Name,pending)=(0xb4000077a06282c0,0xb4000077a0667e00,PreKill Memory,0) 
08-03 10:37:43.849 D/ANDR-PERF-LM( 1009): ThreadHelper: thread_callback() 134: Waiting:(Meter,Helper,Name,pending)=(0xb4000077a06282c0,0xb4000077a0667e00,PreKill Memory,0)
08-03 10:37:43.956 I/SystemUpdate-LocalAppManager(13457): load local apps from system : finish
08-03 10:37:43.973 I/SarService( 2817): Receiver polling >>>> Change receiver mode: off
08-03 10:37:44.038 I/DeviceLevelUtils(13457): platformatoll
08-03 10:37:44.038 E/DeviceLevel(13457): MiDeviceLevelBridge(): Load Class Exception:java.lang.NoSuchFieldException: No field IS_MIUI_GO_VERSION in class Lcom/miui/performance/DeviceLevelUtils; (declaration of 'com.miui.performance.DeviceLevelUtils' appears in /system/framework/MiuiBooster.jar)
08-03 10:37:44.045 I/SystemUpdate-AutoUpdateScheduler(13457): [Update] scheduleAutoUpdateOnAppStart
08-03 10:37:44.057 I/SystemUpdate-MeteredUpdateConfirmUtils(13457): set value to Settings: app_update_notify false
08-03 10:37:44.061 I/TetheringManager(13457): registerTetheringEventCallback:com.xiaomi.discover
08-03 10:37:44.067 I/FirebaseApp(13457): Device unlocked: initializing all Firebase APIs for app [DEFAULT]
08-03 10:37:44.069 I/FirebaseCrashlytics(13457): Initializing Firebase Crashlytics 18.2.9 for com.xiaomi.discover
08-03 10:37:44.078 W/ScionFrontendAp(13457): type=1400 audit(0.0:23380): avc: denied { execute } for path="/data/user_de/0/com.google.android.gms/app_chimera/m/000003c0/oat/arm64/DynamiteLoader.odex" dev="sda18" ino=909909 scontext=u:r:platform_app:s0:c512,c768 tcontext=u:object_r:privapp_data_file:s0:c512,c768 tclass=file permissive=0 app=com.xiaomi.discover
08-03 10:37:44.078 W/ScionFrontendAp(13457): type=1400 audit(0.0:23381): avc: denied { execute } for path="/data/user_de/0/com.google.android.gms/app_chimera/m/000003c0/oat/arm64/DynamiteLoader.odex" dev="sda18" ino=909909 scontext=u:r:platform_app:s0:c512,c768 tcontext=u:object_r:privapp_data_file:s0:c512,c768 tclass=file permissive=0 app=com.xiaomi.discover
08-03 10:37:44.113 I/DynamiteModule(13457): Considering local module com.google.android.gms.measurement.dynamite:69 and remote module com.google.android.gms.measurement.dynamite:93
08-03 10:37:44.113 I/DynamiteModule(13457): Selected remote version of com.google.android.gms.measurement.dynamite, version >= 93
08-03 10:37:44.113 V/DynamiteModule(13457): Dynamite loader version >= 2, using loadModule2NoCrashUtils
08-03 10:37:44.120 I/RemoteConfig(13457): fetch remote config
08-03 10:37:44.122 I/RemoteConfig(13457): fetch remote config successful
08-03 10:37:44.123 D/OT-PubSub-Sdk(13457): updateDebugSwitch sEnable: false sDebugModefalse sDebugPropertyfalse
08-03 10:37:44.135 W/FirebaseRemoteConfig(13457): No value of type 'FirebaseRemoteConfigValue' exists for parameter key 'abKeyList'.
08-03 10:37:44.136 W/FirebaseRemoteConfig(13457): No value of type 'FirebaseRemoteConfigValue' exists for parameter key 'sid'.
08-03 10:37:44.137 D/OT-PubSub-Sdk(13457): updateDebugSwitch sEnable: false sDebugModefalse sDebugPropertyfalse
08-03 10:37:44.138 D/OT-PubSub-Sdk(13457): log on: false, quick upload on: false
08-03 10:37:44.138 D/BroadcastExecutor(13457): initIfNeeded : 12879
08-03 10:37:44.142 I/chatty  ( 1910): uid=1000(system) SchedBoostServi expire 2 lines
08-03 10:37:44.142 W/SchedBoost( 1910): has reset SchedAffinity ui thread: 2862
08-03 10:37:44.142 W/SchedBoost( 1910): has reset SchedAffinity render thread: 3135
08-03 10:37:44.142 W/SchedBoost( 1910): SchedBoost end: proc: 2862/3135 4832 aff:[0, 1, 2, 3, 4, 5, 6, 7]
08-03 10:37:44.148 W/System  (13457): ClassLoader referenced unknown path: 
08-03 10:37:44.173 I/SarService( 2817): Receiver polling >>>> Change receiver mode: off
08-03 10:37:44.341 W/System  (13297): A resource failed to call end. 
08-03 10:37:44.356 I/FA      (13457): App measurement initialized, version: 80020
08-03 10:37:44.356 I/FA      (13457): To enable debug logging run: adb shell setprop log.tag.FA VERBOSE
08-03 10:37:44.357 I/FA      (13457): To enable faster debug mode event logging run:
08-03 10:37:44.357 I/FA      (13457):   adb shell setprop debug.firebase.analytics.app com.xiaomi.discover
08-03 10:37:44.373 I/SarService( 2817): Receiver polling >>>> Change receiver mode: off
08-03 10:37:44.573 I/SarService( 2817): Receiver polling >>>> Change receiver mode: off
08-03 10:37:45.374 I/chatty  ( 2817): uid=1001(radio) Thread-9 identical 19 lines
08-03 10:37:45.574 I/SarService( 2817): Receiver polling >>>> Change receiver mode: off
08-03 10:37:45.775 I/SarService( 2817): Receiver polling >>>> Change receiver mode: off
08-03 10:37:45.975 I/SarService( 2817): Receiver polling >>>> Change receiver mode: off
08-03 10:37:46.050 I/chatty  ( 1910): uid=1000(system) ConnectivitySer expire 180 lines
08-03 10:37:46.175 I/SarService( 2817): Receiver polling >>>> Change receiver mode: off
08-03 10:37:47.179 I/SarService( 2817): Receiver polling >>>> Change receiver mode: off
08-03 10:37:47.380 I/SarService( 2817): Receiver polling >>>> Change receiver mode: off
08-03 10:37:47.781 I/SarService( 2817): Receiver polling >>>> Change receiver mode: off
08-03 10:37:47.981 I/SarService( 2817): Receiver polling >>>> Change receiver mode: off
08-03 10:37:48.582 I/SarService( 2817): Receiver polling >>>> Change receiver mode: off
08-03 10:37:48.783 I/SarService( 2817): Receiver polling >>>> Change receiver mode: off
08-03 10:37:48.984 I/SarService( 2817): Receiver polling >>>> Change receiver mode: off
08-03 10:37:49.174 D/PowerCheckerService( 6726): onBatteryChanged, mBatteryLevel = 89, status = 2, level = 89, plug = 1, scale = 100
08-03 10:37:49.176 I/BatteryInfoReceiver(17755): ACTION_BATTERY_CHANGED
08-03 10:37:49.176 I/PowerNoticeUI(17755): handleBatteryChanged oldPlugType 1 mPlugType 1 oldBatteryLevel 89 mBatteryLevel 89 temperature 364
08-03 10:37:49.177 D/DeviceStatisticsService( 2755): chargerType=1 batteryLevel=89 totalBatteryCapacity=4962900
08-03 10:37:49.177 D/DeviceInfoHidlClient( 2755): isPowerInfoNeverSent()=true
08-03 10:37:49.185 I/SarService( 2817): Receiver polling >>>> Change receiver mode: off
08-03 10:37:49.988 I/SarService( 2817): Receiver polling >>>> Change receiver mode: off
08-03 10:37:50.149 I/chatty  ( 1535): uid=1000(system) fingerprint@2.1 expire 1 line
08-03 10:37:50.149 I/chatty  ( 1535): uid=1000(system) fingerprint@2.1 expire 21 lines
08-03 10:37:50.181 W/BaseMiuiPhoneWindowManager( 1910): keyCode:23 down:true eventTime:65939463 downTime:65939463 policyFlags:22000000 flags:8 deviceId:0 isScreenOn:true keyguardActive:false repeatCount:0
08-03 10:37:50.188 I/SarService( 2817): Receiver polling >>>> Change receiver mode: off
08-03 10:37:50.390 I/SarService( 2817): Receiver polling >>>> Change receiver mode: off
08-03 10:37:50.487 I/chatty  ( 1910): uid=1000(system) InputDispatcher expire 33 lines
08-03 10:37:50.489 D/MIUIInput(13297): [MotionEvent] ViewRootImpl { action=ACTION_DOWN, id[0]=0, pointerCount=1, eventTime=65939767, downTime=65939767 } moveCount:0
08-03 10:37:50.495 I/chatty  ( 1910): uid=1000(system) android.display expire 152 lines
08-03 10:37:50.560 D/MIUIInput(13297): [MotionEvent] ViewRootImpl { action=ACTION_UP, id[0]=0, pointerCount=1, eventTime=65939840, downTime=65939767 } moveCount:0
08-03 10:37:50.566 I/GoogleInputMethodService(16350): GoogleInputMethodService.onFinishInput():3303 
08-03 10:37:50.567 I/GoogleInputMethodService(16350): GoogleInputMethodService.updateDeviceLockedStatus():2122 repeatCheckTimes = 0, locked = false
08-03 10:37:50.568 I/GoogleInputMethodService(16350): GoogleInputMethodService.onStartInput():1902 onStartInput(EditorInfo{EditorInfo{packageName=com.trax.retailexecution, inputType=80081, inputTypeString=Password, enableLearning=false, autoCorrection=false, autoComplete=true, imeOptions=2000006, privateImeOptions=null, actionName=DONE, actionLabel=null, initialSelStart=-1, initialSelEnd=-1, initialCapsMode=0, label=null, fieldId=-1, fieldName=null, extras=null, hintText=null, hintLocales=[]}}, false)
08-03 10:37:50.568 I/GoogleInputMethodService(16350): GoogleInputMethodService.shouldHideHeaderOnInitialState():1985 ShouldHideHeaderOnInitialState = false
08-03 10:37:50.568 I/GoogleInputMethodService(16350): GoogleInputMethodService.updateDeviceLockedStatus():2122 repeatCheckTimes = 1, locked = false
08-03 10:37:50.582 W/IInputConnectionWrapper(13297): requestCursorAnchorInfo on inactive InputConnection
08-03 10:37:50.582 I/HardKeyTracker(16350): HardKeyTracker.unregisterKeySequence():134 Unregister key sequence hya{labelResId=0, callback=cea@e9c0462, lastModifier=0, keyCodes=[57, 57], actions=[1, 0]}
08-03 10:37:50.583 I/HardKeyTracker(16350): HardKeyTracker.unregisterKeySequence():134 Unregister key sequence hya{labelResId=0, callback=cea@e9c0462, lastModifier=0, keyCodes=[58, 58], actions=[1, 0]}
08-03 10:37:50.584 I/GoogleInputMethodService(16350): GoogleInputMethodService.onStartInputView():2031 onStartInputView(EditorInfo{EditorInfo{packageName=com.trax.retailexecution, inputType=80081, inputTypeString=Password, enableLearning=false, autoCorrection=false, autoComplete=true, imeOptions=2000006, privateImeOptions=null, actionName=DONE, actionLabel=null, initialSelStart=-1, initialSelEnd=-1, initialCapsMode=0, label=null, fieldId=-1, fieldName=null, extras=null, hintText=null, hintLocales=[]}}, false)
08-03 10:37:50.585 I/GoogleInputMethodService(16350): GoogleInputMethodService.updateDeviceLockedStatus():2122 repeatCheckTimes = 1, locked = false
08-03 10:37:50.585 W/ModuleManager(16350): ModuleManager.loadModule():454 Module fal is not available
08-03 10:37:50.586 W/IInputConnectionWrapper(13297): getTextBeforeCursor on inactive InputConnection
08-03 10:37:50.587 W/IInputConnectionWrapper(13297): getTextAfterCursor on inactive InputConnection
08-03 10:37:50.588 W/IInputConnectionWrapper(13297): getSelectedText on inactive InputConnection
08-03 10:37:50.589 I/KeyboardHeightUtil(16350): KeyboardHeightUtil.getKeyboardHeightRatio():193 systemKeyboardHeightRatio:1.000000; userKeyboardHeightRatio:1.000000.
08-03 10:37:50.589 I/AndroidIME(16350): AbstractIme.onActivate():85 PasswordIme.onActivate() : EditorInfo = EditorInfo{packageName=com.trax.retailexecution, inputType=80081, inputTypeString=Password, enableLearning=false, autoCorrection=false, autoComplete=true, imeOptions=2000006, privateImeOptions=null, actionName=DONE, actionLabel=null, initialSelStart=-1, initialSelEnd=-1, initialCapsMode=0, label=null, fieldId=-1, fieldName=null, extras=null, hintText=null, hintLocales=[]}, IncognitoMode = false, DeviceLocked = false
08-03 10:37:50.590 I/KeyboardManager(16350): KeyboardManager.requestKeyboard():169 Creating keyboard prime, imeId=password, cacheKey=theme_bottom4dp_stylesheet_navredesign_phone
08-03 10:37:50.590 I/SarService( 2817): Receiver polling >>>> Change receiver mode: off
08-03 10:37:50.592 I/KeyboardModeManager(16350): KeyboardModeManager.updateKeyboardPinStateIfNecessary():992 Unpin ily@9b6b21b from hinge
08-03 10:37:50.592 I/KeyboardViewHelper(16350): KeyboardViewHelper.getView():167 Get view with height ratio:1.000000
08-03 10:37:50.604 I/KeyboardHeightUtil(16350): KeyboardHeightUtil.calculateMaxKeyboardBodyHeight():40 leave 344 height for app when screen height:2270, header height:121 and isFullscreenMode:false, so the max keyboard body height is:1805
08-03 10:37:50.605 I/KeyboardModeManager(16350): KeyboardModeManager.updateKeyboardPinStateIfNecessary():992 Unpin ily@9b6b21b from hinge
08-03 10:37:50.605 W/Keyboard(16350): Keyboard.getKeyboardViewHelper():582 null helper is returned: keyboardDef=isx{processedConditions={show_suggestions=true, enable_more_candidates_view_for_multilingual=false, enable_secondary_symbols=false, variant=qwerty, language=en-US, device=phone, expressions=normal, show_secondary_digits=false, enable_preemptive_decode=true}, globalConditions={theme_key=theme_bottom4dp_stylesheet_navredesign_phone, locale=en_US, density_dpi=440, orientation=1}, className=.latin.keyboard.LatinPasswordKeyboard, id=#0x7f0b0621, resourceIds=[#0x7f17064d, #0x7f1708c2, #0x7f170709], initialStates=0, keyboardViewDefs=[itr{direction=null, id=#0x7f0b014c, isScalable=true, layoutId=#0x7f0e035e, type=BODY, touchable=true}, itr{direction=null, id=#0x7f0b014c, isScalable=false, layoutId=#0x7f0e0196, type=FLOATING_CANDIDATES, touchable=false}, itr{direction=LOCALE, id=#0x7f0b014c, isScalable=false, layoutId=#0x7f0e053d, type=HEADER, touchable=true}], keyTextSizeRatio=1.0, persistentStates=0, persistentStatesPrefKey=null, popupBubbleLayoutId=#0x7f0e062d, recentKeyLayoutId=0, recentKeyPopupLayoutId=0, recentKeyType=null, rememberRecentKey=NONE, sessionStates=17592186044419}, type=WIDGET, helpersCreated=[ijr@8285a05, ijr@97a0a5a, ijr@3ba048b, null], 
08-03 10:37:50.605 I/KeyboardHeightUtil(16350): KeyboardHeightUtil.calculateMaxKeyboardBodyHeight():40 leave 344 height for app when screen height:2270, header height:121 and isFullscreenMode:false, so the max keyboard body height is:1805
08-03 10:37:50.606 W/IInputConnectionWrapper(13297): getTextBeforeCursor on inactive InputConnection
08-03 10:37:50.606 W/IInputConnectionWrapper(13297): getTextAfterCursor on inactive InputConnection
08-03 10:37:50.606 W/IInputConnectionWrapper(13297): getSelectedText on inactive InputConnection
08-03 10:37:50.607 I/KeyboardModeManager(16350): KeyboardModeManager.setInputView():563 setInputView() : supportsOneHandedMode=true
08-03 10:37:50.607 I/NormalModeController(16350): NormalModeController.getKeyboardBodyViewHolderPaddingBottom():117 currentPrimeKeyboardType:SOFT systemPaddingBottom:-1
08-03 10:37:50.609 I/AndroidIME(16350): KeyboardViewManager.updateKeyboardBodyViewHolderPaddingBottom():639 Set finalPaddingBottom = 0 while keyboardBottomGapFromScreen = 0; navigationHeight = 130
08-03 10:37:50.612 I/NormalModeController(16350): NormalModeController.getKeyboardBodyViewHolderPaddingBottom():117 currentPrimeKeyboardType:SOFT systemPaddingBottom:-1
08-03 10:37:50.612 I/KeyboardModeManager(16350): KeyboardModeManager.updateKeyboardPinStateIfNecessary():992 Unpin ily@9b6b21b from hinge
08-03 10:37:50.614 I/AndroidIME(16350): KeyboardViewManager.updateKeyboardBodyViewHolderPaddingBottom():639 Set finalPaddingBottom = 0 while keyboardBottomGapFromScreen = 0; navigationHeight = 130
